
Optional file libmchp_peripheral.a not found

Optional file libmchp_peripheral_32MX470F512L.a not found
Archive member included because of file (symbol)

d:/applications/microchip/xc32/v2.30/bin/bin/../../lib/gcc/pic32mx/4.8.3/../../../../pic32mx/lib\libpic32.a(memcpy.o)
                              build/pic32mx_usb_sk3_int_dyn/production/_ext/692885480/usb_device.o (memcpy)
d:/applications/microchip/xc32/v2.30/bin/bin/../../lib/gcc/pic32mx/4.8.3/../../../../pic32mx/lib\libpic32.a(default-bootstrap-exception-handler.o)
                              C:\Users\Polina\AppData\Local\Temp\ccy06PoD.o (_bootstrap_exception_handler)
d:/applications/microchip/xc32/v2.30/bin/bin/../../lib/gcc/pic32mx/4.8.3/../../../../pic32mx/lib\libpic32.a(default-on-reset.o)
                              C:\Users\Polina\AppData\Local\Temp\ccy06PoD.o (_on_reset)
d:/applications/microchip/xc32/v2.30/bin/bin/../../lib/gcc/pic32mx/4.8.3/../../../../pic32mx/lib\libpic32.a(default-on-bootstrap.o)
                              C:\Users\Polina\AppData\Local\Temp\ccy06PoD.o (_on_bootstrap)
d:/applications/microchip/xc32/v2.30/bin/bin/../../lib/gcc/pic32mx/4.8.3/../../../../pic32mx/lib\libpic32.a(default-nmi-handler.o)
                              C:\Users\Polina\AppData\Local\Temp\ccy06PoD.o (_nmi_handler)
d:/applications/microchip/xc32/v2.30/bin/bin/../../lib/gcc/pic32mx/4.8.3/../../../../pic32mx/lib\libpic32.a(pic32_data_init.o)
                              C:\Users\Polina\AppData\Local\Temp\ccy06PoD.o (__pic32_data_init)
d:/applications/microchip/xc32/v2.30/bin/bin/../../lib/gcc/pic32mx/4.8.3/../../../../pic32mx/lib\libpic32.a(general-exception.o)
                              C:\Users\Polina\AppData\Local\Temp\ccy06PoD.o (_general_exception_context)
d:/applications/microchip/xc32/v2.30/bin/bin/../../lib/gcc/pic32mx/4.8.3/../../../../pic32mx/lib\libpic32.a(vector0.o)
                              C:\Users\Polina\AppData\Local\Temp\cc0zMxQZ.o (__vector_dispatch_0)
d:/applications/microchip/xc32/v2.30/bin/bin/../../lib/gcc/pic32mx/4.8.3/../../../../pic32mx/lib\libpic32.a(vector1.o)
                              C:\Users\Polina\AppData\Local\Temp\cc0zMxQZ.o (__vector_dispatch_1)
d:/applications/microchip/xc32/v2.30/bin/bin/../../lib/gcc/pic32mx/4.8.3/../../../../pic32mx/lib\libpic32.a(vector2.o)
                              C:\Users\Polina\AppData\Local\Temp\cc0zMxQZ.o (__vector_dispatch_2)
d:/applications/microchip/xc32/v2.30/bin/bin/../../lib/gcc/pic32mx/4.8.3/../../../../pic32mx/lib\libpic32.a(vector3.o)
                              C:\Users\Polina\AppData\Local\Temp\cc0zMxQZ.o (__vector_dispatch_3)
d:/applications/microchip/xc32/v2.30/bin/bin/../../lib/gcc/pic32mx/4.8.3/../../../../pic32mx/lib\libpic32.a(vector4.o)
                              C:\Users\Polina\AppData\Local\Temp\cc0zMxQZ.o (__vector_dispatch_4)
d:/applications/microchip/xc32/v2.30/bin/bin/../../lib/gcc/pic32mx/4.8.3/../../../../pic32mx/lib\libpic32.a(vector5.o)
                              C:\Users\Polina\AppData\Local\Temp\cc0zMxQZ.o (__vector_dispatch_5)
d:/applications/microchip/xc32/v2.30/bin/bin/../../lib/gcc/pic32mx/4.8.3/../../../../pic32mx/lib\libpic32.a(vector6.o)
                              C:\Users\Polina\AppData\Local\Temp\cc0zMxQZ.o (__vector_dispatch_6)
d:/applications/microchip/xc32/v2.30/bin/bin/../../lib/gcc/pic32mx/4.8.3/../../../../pic32mx/lib\libpic32.a(vector7.o)
                              C:\Users\Polina\AppData\Local\Temp\cc0zMxQZ.o (__vector_dispatch_7)
d:/applications/microchip/xc32/v2.30/bin/bin/../../lib/gcc/pic32mx/4.8.3/../../../../pic32mx/lib\libpic32.a(vector8.o)
                              C:\Users\Polina\AppData\Local\Temp\cc0zMxQZ.o (__vector_dispatch_8)
d:/applications/microchip/xc32/v2.30/bin/bin/../../lib/gcc/pic32mx/4.8.3/../../../../pic32mx/lib\libpic32.a(vector9.o)
                              C:\Users\Polina\AppData\Local\Temp\cc0zMxQZ.o (__vector_dispatch_9)
d:/applications/microchip/xc32/v2.30/bin/bin/../../lib/gcc/pic32mx/4.8.3/../../../../pic32mx/lib\libpic32.a(vector10.o)
                              C:\Users\Polina\AppData\Local\Temp\cc0zMxQZ.o (__vector_dispatch_10)
d:/applications/microchip/xc32/v2.30/bin/bin/../../lib/gcc/pic32mx/4.8.3/../../../../pic32mx/lib\libpic32.a(vector11.o)
                              C:\Users\Polina\AppData\Local\Temp\cc0zMxQZ.o (__vector_dispatch_11)
d:/applications/microchip/xc32/v2.30/bin/bin/../../lib/gcc/pic32mx/4.8.3/../../../../pic32mx/lib\libpic32.a(vector12.o)
                              C:\Users\Polina\AppData\Local\Temp\cc0zMxQZ.o (__vector_dispatch_12)
d:/applications/microchip/xc32/v2.30/bin/bin/../../lib/gcc/pic32mx/4.8.3/../../../../pic32mx/lib\libpic32.a(vector13.o)
                              C:\Users\Polina\AppData\Local\Temp\cc0zMxQZ.o (__vector_dispatch_13)
d:/applications/microchip/xc32/v2.30/bin/bin/../../lib/gcc/pic32mx/4.8.3/../../../../pic32mx/lib\libpic32.a(vector14.o)
[...]
Memory Configuration

Name             Origin             Length             Attributes
kseg0_program_mem 0x9d000000         0x00080000         xr
kseg0_boot_mem   0x9fc00490         0x00000970
exception_mem    0x9fc01000         0x00001000
kseg1_boot_mem   0xbfc00000         0x00000490
debug_exec_mem   0xbfc02000         0x00000ff0
config3          0xbfc02ff0         0x00000004
config2          0xbfc02ff4         0x00000004
config1          0xbfc02ff8         0x00000004
config0          0xbfc02ffc         0x00000004
kseg1_data_mem   0xa0000000         0x00020000         w !x
sfrs             0xbf800000         0x00100000
configsfrs       0xbfc02ff0         0x00000010
*default*        0x00000000         0xffffffff

Linker script and memory map

LOAD d:/applications/microchip/xc32/v2.30/bin/bin/../../lib/gcc/pic32mx/4.8.3/../../../../pic32mx/lib\debug-exception-return.o
LOAD build/pic32mx_usb_sk3_int_dyn/production/_ext/959396248/bsp.o
LOAD build/pic32mx_usb_sk3_int_dyn/production/_ext/1127802383/sys_clk_pic32mx.o
LOAD build/pic32mx_usb_sk3_int_dyn/production/_ext/820648822/sys_devcon.o
LOAD build/pic32mx_usb_sk3_int_dyn/production/_ext/820648822/sys_devcon_pic32mx.o
LOAD build/pic32mx_usb_sk3_int_dyn/production/_ext/6250753/sys_ports_static.o
LOAD build/pic32mx_usb_sk3_int_dyn/production/_ext/713265640/system_init.o
LOAD build/pic32mx_usb_sk3_int_dyn/production/_ext/713265640/system_interrupt.o
LOAD build/pic32mx_usb_sk3_int_dyn/production/_ext/713265640/system_exceptions.o
LOAD build/pic32mx_usb_sk3_int_dyn/production/_ext/713265640/system_tasks.o
LOAD build/pic32mx_usb_sk3_int_dyn/production/_ext/1360937237/app.o
LOAD build/pic32mx_usb_sk3_int_dyn/production/_ext/1360937237/main.o
LOAD build/pic32mx_usb_sk3_int_dyn/production/_ext/1927798604/drv_usart.o
LOAD build/pic32mx_usb_sk3_int_dyn/production/_ext/1927798604/drv_usart_byte_model.o
LOAD build/pic32mx_usb_sk3_int_dyn/production/_ext/1585079243/drv_usbfs.o
LOAD build/pic32mx_usb_sk3_int_dyn/production/_ext/1585079243/drv_usbfs_device.o
LOAD build/pic32mx_usb_sk3_int_dyn/production/_ext/711155467/sys_int_pic32.o
LOAD build/pic32mx_usb_sk3_int_dyn/production/_ext/692885480/usb_device.o
LOAD build/pic32mx_usb_sk3_int_dyn/production/_ext/692885480/usb_device_cdc.o
LOAD build/pic32mx_usb_sk3_int_dyn/production/_ext/692885480/usb_device_cdc_acm.o
LOAD ..\..\..\..\..\..\bin\framework\peripheral\PIC32MX360F512L_peripherals.a
LOAD ..\..\..\..\..\..\bin\framework\peripheral\PIC32MX470F512L_peripherals.a
                0x00000001                __MPLAB_BUILD = 0x1
                0x00000000                _min_heap_size = 0x0
LOAD C:\Users\Polina\AppData\Local\Temp\ccy06PoD.o
LOAD C:\Users\Polina\AppData\Local\Temp\cc9AScnG.o
LOAD C:\Users\Polina\AppData\Local\Temp\cc0zMxQZ.o
LOAD d:/applications/microchip/xc32/v2.30/bin/bin/../../lib/gcc/pic32mx/4.8.3/../../../../pic32mx/lib/./proc/32MX470F512L\default_isr_vectors.o
LOAD d:/applications/microchip/xc32/v2.30/bin/bin/../../lib/gcc/pic32mx/4.8.3/../../../../pic32mx/lib\pic32_software_reset.o
                0x00000400                PROVIDE (_min_stack_size, 0x400)
START GROUP
LOAD d:/applications/microchip/xc32/v2.30/bin/bin/../../lib/gcc/pic32mx/4.8.3/../../../../pic32mx/lib/./proc/32MX470F512L\processor.o
END GROUP
START GROUP
LOAD libmchp_peripheral.a
END GROUP
START GROUP
LOAD libmchp_peripheral_32MX470F512L.a
END GROUP
                0x00000001                PROVIDE (_vector_spacing, 0x1)
                0x9fc01000                PROVIDE (_ebase_address, 0x9fc01000)
                0xbfc00000                _RESET_ADDR = 0xbfc00000
                0xbfc00380                _BEV_EXCPT_ADDR = 0xbfc00380
                0xbfc00480                _DBG_EXCPT_ADDR = 0xbfc00480
                0xbfc02000                _DBG_CODE_ADDR = 0xbfc02000
                0x00000ff0                _DBG_CODE_SIZE = 0xff0
                0x9fc01180                _GEN_EXCPT_ADDR = (_ebase_address + 0x180)

.config_BFC02FF0
                0xbfc02ff0        0x4
 *(.config_BFC02FF0)
 .config_BFC02FF0
                0xbfc02ff0        0x4 build/pic32mx_usb_sk3_int_dyn/production/_ext/713265640/system_init.o

.config_BFC02FF4
                0xbfc02ff4        0x4
 *(.config_BFC02FF4)
 .config_BFC02FF4
                0xbfc02ff4        0x4 build/pic32mx_usb_sk3_int_dyn/production/_ext/713265640/system_init.o

.config_BFC02FF8
                0xbfc02ff8        0x4
 *(.config_BFC02FF8)
 .config_BFC02FF8
                0xbfc02ff8        0x4 build/pic32mx_usb_sk3_int_dyn/production/_ext/713265640/system_init.o

.config_BFC02FFC
                0xbfc02ffc        0x4
 *(.config_BFC02FFC)
 .config_BFC02FFC
                0xbfc02ffc        0x4 build/pic32mx_usb_sk3_int_dyn/production/_ext/713265640/system_init.o
                0xbfc02000                PROVIDE (_DBG_CODE_ADDR, 0xbfc02000)
                0x00000ff0                PROVIDE (_DBG_CODE_SIZE, 0xff0)

.reset          0xbfc00000      0x19c
 *(.reset)
 .reset         0xbfc00000        0x8 C:\Users\Polina\AppData\Local\Temp\ccy06PoD.o
                0xbfc00000                _reset
 *(.reset.startup)
 .reset.startup
                0xbfc00008      0x194 C:\Users\Polina\AppData\Local\Temp\ccy06PoD.o
                0xbfc00008                _startup

.bev_excpt      0xbfc00380       0x10
 *(.bev_handler)
 .bev_handler   0xbfc00380       0x10 C:\Users\Polina\AppData\Local\Temp\ccy06PoD.o

.dbg_excpt      0xbfc00480        0x0
                0xbfc00480                . = (. + DEFINED (_DEBUGGER)?0x8:0x0)

.dbg_code       0xbfc02000        0x0
                0xbfc02000                . = (. + DEFINED (_DEBUGGER)?_DBG_CODE_SIZE:0x0)

.app_excpt      0x9fc01180       0x10
 *(.gen_handler)
 .gen_handler   0x9fc01180       0x10 C:\Users\Polina\AppData\Local\Temp\ccy06PoD.o

.vector_0       0x9fc01200        0x8
 *(.vector_0)
 .vector_0      0x9fc01200        0x8 d:/applications/microchip/xc32/v2.30/bin/bin/../../lib/gcc/pic32mx/4.8.3/../../../../pic32mx/lib\libpic32.a(vector0.o)
                0x9fc01200                __vector_dispatch_0
                0x00000001                ASSERT (((_vector_spacing == 0x0) || (SIZEOF (.vector_0) <= (_vector_spacing << 0x5))), function at exception vector 0 too large)

.vector_1       0x9fc01220        0x8
 *(.vector_1)
 .vector_1      0x9fc01220        0x8 d:/applications/microchip/xc32/v2.30/bin/bin/../../lib/gcc/pic32mx/4.8.3/../../../../pic32mx/lib\libpic32.a(vector1.o)
                0x9fc01220                __vector_dispatch_1
                0x00000001                ASSERT (((_vector_spacing == 0x0) || (SIZEOF (.vector_1) <= (_vector_spacing << 0x5))), function at exception vector 1 too large)

.vector_2       0x9fc01240        0x8
 *(.vector_2)
 .vector_2      0x9fc01240        0x8 d:/applications/microchip/xc32/v2.30/bin/bin/../../lib/gcc/pic32mx/4.8.3/../../../../pic32mx/lib\libpic32.a(vector2.o)
                0x9fc01240                __vector_dispatch_2
                0x00000001                ASSERT (((_vector_spacing == 0x0) || (SIZEOF (.vector_2) <= (_vector_spacing << 0x5))), function at exception vector 2 too large)

.vector_3       0x9fc01260        0x8
 *(.vector_3)
 .vector_3      0x9fc01260        0x8 d:/applications/microchip/xc32/v2.30/bin/bin/../../lib/gcc/pic32mx/4.8.3/../../../../pic32mx/lib\libpic32.a(vector3.o)
                0x9fc01260                __vector_dispatch_3
                0x00000001                ASSERT (((_vector_spacing == 0x0) || (SIZEOF (.vector_3) <= (_vector_spacing << 0x5))), function at exception vector 3 too large)

.vector_4       0x9fc01280        0x8
 *(.vector_4)
 .vector_4      0x9fc01280        0x8 d:/applications/microchip/xc32/v2.30/bin/bin/../../lib/gcc/pic32mx/4.8.3/../../../../pic32mx/lib\libpic32.a(vector4.o)
                0x9fc01280                __vector_dispatch_4
                0x00000001                ASSERT (((_vector_spacing == 0x0) || (SIZEOF (.vector_4) <= (_vector_spacing << 0x5))), function at exception vector 4 too large)

.vector_5       0x9fc012a0        0x8
 *(.vector_5)
 .vector_5      0x9fc012a0        0x8 d:/applications/microchip/xc32/v2.30/bin/bin/../../lib/gcc/pic32mx/4.8.3/../../../../pic32mx/lib\libpic32.a(vector5.o)
                0x9fc012a0                __vector_dispatch_5
                0x00000001                ASSERT (((_vector_spacing == 0x0) || (SIZEOF (.vector_5) <= (_vector_spacing << 0x5))), function at exception vector 5 too large)

.vector_6       0x9fc012c0        0x8
 *(.vector_6)
 .vector_6      0x9fc012c0        0x8 d:/applications/microchip/xc32/v2.30/bin/bin/../../lib/gcc/pic32mx/4.8.3/../../../../pic32mx/lib\libpic32.a(vector6.o)
                0x9fc012c0                __vector_dispatch_6
                0x00000001                ASSERT (((_vector_spacing == 0x0) || (SIZEOF (.vector_6) <= (_vector_spacing << 0x5))), function at exception vector 6 too large)

.vector_7       0x9fc012e0        0x8
 *(.vector_7)
 .vector_7      0x9fc012e0        0x8 d:/applications/microchip/xc32/v2.30/bin/bin/../../lib/gcc/pic32mx/4.8.3/../../../../pic32mx/lib\libpic32.a(vector7.o)
                0x9fc012e0                __vector_dispatch_7
                0x00000001                ASSERT (((_vector_spacing == 0x0) || (SIZEOF (.vector_7) <= (_vector_spacing << 0x5))), function at exception vector 7 too large)

.vector_8       0x9fc01300        0x8
 *(.vector_8)
 .vector_8      0x9fc01300        0x8 d:/applications/microchip/xc32/v2.30/bin/bin/../../lib/gcc/pic32mx/4.8.3/../../../../pic32mx/lib\libpic32.a(vector8.o)
                0x9fc01300                __vector_dispatch_8
                0x00000001                ASSERT (((_vector_spacing == 0x0) || (SIZEOF (.vector_8) <= (_vector_spacing << 0x5))), function at exception vector 8 too large)

.vector_9       0x9fc01320        0x8
 *(.vector_9)
 .vector_9      0x9fc01320        0x8 d:/applications/microchip/xc32/v2.30/bin/bin/../../lib/gcc/pic32mx/4.8.3/../../../../pic32mx/lib\libpic32.a(vector9.o)
                0x9fc01320                __vector_dispatch_9
                0x00000001                ASSERT (((_vector_spacing == 0x0) || (SIZEOF (.vector_9) <= (_vector_spacing << 0x5))), function at exception vector 9 too large)

.vector_10      0x9fc01340        0x8
 *(.vector_10)
 .vector_10     0x9fc01340        0x8 d:/applications/microchip/xc32/v2.30/bin/bin/../../lib/gcc/pic32mx/4.8.3/../../../../pic32mx/lib\libpic32.a(vector10.o)
                0x9fc01340                __vector_dispatch_10
                0x00000001                ASSERT (((_vector_spacing == 0x0) || (SIZEOF (.vector_10) <= (_vector_spacing << 0x5))), function at exception vector 10 too large)

.vector_11      0x9fc01360        0x8
 *(.vector_11)
 .vector_11     0x9fc01360        0x8 d:/applications/microchip/xc32/v2.30/bin/bin/../../lib/gcc/pic32mx/4.8.3/../../../../pic32mx/lib\libpic32.a(vector11.o)
                0x9fc01360                __vector_dispatch_11
                0x00000001                ASSERT (((_vector_spacing == 0x0) || (SIZEOF (.vector_11) <= (_vector_spacing << 0x5))), function at exception vector 11 too large)

.vector_12      0x9fc01380        0x8
 *(.vector_12)
 .vector_12     0x9fc01380        0x8 d:/applications/microchip/xc32/v2.30/bin/bin/../../lib/gcc/pic32mx/4.8.3/../../../../pic32mx/lib\libpic32.a(vector12.o)
                0x9fc01380                __vector_dispatch_12
                0x00000001                ASSERT (((_vector_spacing == 0x0) || (SIZEOF (.vector_12) <= (_vector_spacing << 0x5))), function at exception vector 12 too large)

.vector_13      0x9fc013a0        0x8
 *(.vector_13)
 .vector_13     0x9fc013a0        0x8 d:/applications/microchip/xc32/v2.30/bin/bin/../../lib/gcc/pic32mx/4.8.3/../../../../pic32mx/lib\libpic32.a(vector13.o)
                0x9fc013a0                __vector_dispatch_13
                0x00000001                ASSERT (((_vector_spacing == 0x0) || (SIZEOF (.vector_13) <= (_vector_spacing << 0x5))), function at exception vector 13 too large)

.vector_14      0x9fc013c0        0x8
 *(.vector_14)
 .vector_14     0x9fc013c0        0x8 d:/applications/microchip/xc32/v2.30/bin/bin/../../lib/gcc/pic32mx/4.8.3/../../../../pic32mx/lib\libpic32.a(vector14.o)
                0x9fc013c0                __vector_dispatch_14
                0x00000001                ASSERT (((_vector_spacing == 0x0) || (SIZEOF (.vector_14) <= (_vector_spacing << 0x5))), function at exception vector 14 too large)

.vector_15      0x9fc013e0        0x8
 *(.vector_15)
 .vector_15     0x9fc013e0        0x8 d:/applications/microchip/xc32/v2.30/bin/bin/../../lib/gcc/pic32mx/4.8.3/../../../../pic32mx/lib\libpic32.a(vector15.o)
                0x9fc013e0                __vector_dispatch_15
                0x00000001                ASSERT (((_vector_spacing == 0x0) || (SIZEOF (.vector_15) <= (_vector_spacing << 0x5))), function at exception vector 15 too large)

.vector_16      0x9fc01400        0x8
 *(.vector_16)
 .vector_16     0x9fc01400        0x8 d:/applications/microchip/xc32/v2.30/bin/bin/../../lib/gcc/pic32mx/4.8.3/../../../../pic32mx/lib\libpic32.a(vector16.o)
                0x9fc01400                __vector_dispatch_16
                0x00000001                ASSERT (((_vector_spacing == 0x0) || (SIZEOF (.vector_16) <= (_vector_spacing << 0x5))), function at exception vector 16 too large)

.vector_17      0x9fc01420        0x8
 *(.vector_17)
 .vector_17     0x9fc01420        0x8 d:/applications/microchip/xc32/v2.30/bin/bin/../../lib/gcc/pic32mx/4.8.3/../../../../pic32mx/lib\libpic32.a(vector17.o)
                0x9fc01420                __vector_dispatch_17
                0x00000001                ASSERT (((_vector_spacing == 0x0) || (SIZEOF (.vector_17) <= (_vector_spacing << 0x5))), function at exception vector 17 too large)

.vector_18      0x9fc01440        0x8
 *(.vector_18)
 .vector_18     0x9fc01440        0x8 d:/applications/microchip/xc32/v2.30/bin/bin/../../lib/gcc/pic32mx/4.8.3/../../../../pic32mx/lib\libpic32.a(vector18.o)
                0x9fc01440                __vector_dispatch_18
                0x00000001                ASSERT (((_vector_spacing == 0x0) || (SIZEOF (.vector_18) <= (_vector_spacing << 0x5))), function at exception vector 18 too large)

.vector_19      0x9fc01460        0x8
 *(.vector_19)
 .vector_19     0x9fc01460        0x8 d:/applications/microchip/xc32/v2.30/bin/bin/../../lib/gcc/pic32mx/4.8.3/../../../../pic32mx/lib\libpic32.a(vector19.o)
                0x9fc01460                __vector_dispatch_19
                0x00000001                ASSERT (((_vector_spacing == 0x0) || (SIZEOF (.vector_19) <= (_vector_spacing << 0x5))), function at exception vector 19 too large)

.vector_20      0x9fc01480        0x8
 *(.vector_20)
 .vector_20     0x9fc01480        0x8 d:/applications/microchip/xc32/v2.30/bin/bin/../../lib/gcc/pic32mx/4.8.3/../../../../pic32mx/lib\libpic32.a(vector20.o)
                0x9fc01480                __vector_dispatch_20
                0x00000001                ASSERT (((_vector_spacing == 0x0) || (SIZEOF (.vector_20) <= (_vector_spacing << 0x5))), function at exception vector 20 too large)

.vector_21      0x9fc014a0        0x8
 *(.vector_21)
 .vector_21     0x9fc014a0        0x8 d:/applications/microchip/xc32/v2.30/bin/bin/../../lib/gcc/pic32mx/4.8.3/../../../../pic32mx/lib\libpic32.a(vector21.o)
                0x9fc014a0                __vector_dispatch_21
                0x00000001                ASSERT (((_vector_spacing == 0x0) || (SIZEOF (.vector_21) <= (_vector_spacing << 0x5))), function at exception vector 21 too large)

.vector_22      0x9fc014c0        0x8
 *(.vector_22)
 .vector_22     0x9fc014c0        0x8 d:/applications/microchip/xc32/v2.30/bin/bin/../../lib/gcc/pic32mx/4.8.3/../../../../pic32mx/lib\libpic32.a(vector22.o)
                0x9fc014c0                __vector_dispatch_22
                0x00000001                ASSERT (((_vector_spacing == 0x0) || (SIZEOF (.vector_22) <= (_vector_spacing << 0x5))), function at exception vector 22 too large)

.vector_23      0x9fc014e0        0x8
 *(.vector_23)
 .vector_23     0x9fc014e0        0x8 d:/applications/microchip/xc32/v2.30/bin/bin/../../lib/gcc/pic32mx/4.8.3/../../../../pic32mx/lib\libpic32.a(vector23.o)
                0x9fc014e0                __vector_dispatch_23
                0x00000001                ASSERT (((_vector_spacing == 0x0) || (SIZEOF (.vector_23) <= (_vector_spacing << 0x5))), function at exception vector 23 too large)

.vector_24      0x9fc01500        0x8
 *(.vector_24)
 .vector_24     0x9fc01500        0x8 d:/applications/microchip/xc32/v2.30/bin/bin/../../lib/gcc/pic32mx/4.8.3/../../../../pic32mx/lib\libpic32.a(vector24.o)
                0x9fc01500                __vector_dispatch_24
                0x00000001                ASSERT (((_vector_spacing == 0x0) || (SIZEOF (.vector_24) <= (_vector_spacing << 0x5))), function at exception vector 24 too large)

.vector_25      0x9fc01520        0x8
 *(.vector_25)
 .vector_25     0x9fc01520        0x8 d:/applications/microchip/xc32/v2.30/bin/bin/../../lib/gcc/pic32mx/4.8.3/../../../../pic32mx/lib\libpic32.a(vector25.o)
                0x9fc01520                __vector_dispatch_25
                0x00000001                ASSERT (((_vector_spacing == 0x0) || (SIZEOF (.vector_25) <= (_vector_spacing << 0x5))), function at exception vector 25 too large)

.vector_26      0x9fc01540        0x8
 *(.vector_26)
 .vector_26     0x9fc01540        0x8 d:/applications/microchip/xc32/v2.30/bin/bin/../../lib/gcc/pic32mx/4.8.3/../../../../pic32mx/lib\libpic32.a(vector26.o)
                0x9fc01540                __vector_dispatch_26
                0x00000001                ASSERT (((_vector_spacing == 0x0) || (SIZEOF (.vector_26) <= (_vector_spacing << 0x5))), function at exception vector 26 too large)

.vector_27      0x9fc01560        0x8
 *(.vector_27)
 .vector_27     0x9fc01560        0x8 d:/applications/microchip/xc32/v2.30/bin/bin/../../lib/gcc/pic32mx/4.8.3/../../../../pic32mx/lib\libpic32.a(vector27.o)
                0x9fc01560                __vector_dispatch_27
                0x00000001                ASSERT (((_vector_spacing == 0x0) || (SIZEOF (.vector_27) <= (_vector_spacing << 0x5))), function at exception vector 27 too large)

.vector_28      0x9fc01580        0x8
 *(.vector_28)
 .vector_28     0x9fc01580        0x8 d:/applications/microchip/xc32/v2.30/bin/bin/../../lib/gcc/pic32mx/4.8.3/../../../../pic32mx/lib\libpic32.a(vector28.o)
                0x9fc01580                __vector_dispatch_28
                0x00000001                ASSERT (((_vector_spacing == 0x0) || (SIZEOF (.vector_28) <= (_vector_spacing << 0x5))), function at exception vector 28 too large)

.vector_29      0x9fc015a0        0x8
 *(.vector_29)
 .vector_29     0x9fc015a0        0x8 build/pic32mx_usb_sk3_int_dyn/production/_ext/713265640/system_interrupt.o
                0x9fc015a0                __vector_dispatch_29
                0x00000001                ASSERT (((_vector_spacing == 0x0) || (SIZEOF (.vector_29) <= (_vector_spacing << 0x5))), function at exception vector 29 too large)

.vector_30      0x9fc015c0        0x8
 *(.vector_30)
 .vector_30     0x9fc015c0        0x8 d:/applications/microchip/xc32/v2.30/bin/bin/../../lib/gcc/pic32mx/4.8.3/../../../../pic32mx/lib\libpic32.a(vector30.o)
                0x9fc015c0                __vector_dispatch_30
                0x00000001                ASSERT (((_vector_spacing == 0x0) || (SIZEOF (.vector_30) <= (_vector_spacing << 0x5))), function at exception vector 30 too large)

.vector_31      0x9fc015e0        0x8
 *(.vector_31)
 .vector_31     0x9fc015e0        0x8 d:/applications/microchip/xc32/v2.30/bin/bin/../../lib/gcc/pic32mx/4.8.3/../../../../pic32mx/lib\libpic32.a(vector31.o)
                0x9fc015e0                __vector_dispatch_31
                0x00000001                ASSERT (((_vector_spacing == 0x0) || (SIZEOF (.vector_31) <= (_vector_spacing << 0x5))), function at exception vector 31 too large)

.vector_32      0x9fc01600        0x8
 *(.vector_32)
 .vector_32     0x9fc01600        0x8 d:/applications/microchip/xc32/v2.30/bin/bin/../../lib/gcc/pic32mx/4.8.3/../../../../pic32mx/lib\libpic32.a(vector32.o)
                0x9fc01600                __vector_dispatch_32
                0x00000001                ASSERT (((_vector_spacing == 0x0) || (SIZEOF (.vector_32) <= (_vector_spacing << 0x5))), function at exception vector 32 too large)

.vector_33      0x9fc01620        0x8
 *(.vector_33)
 .vector_33     0x9fc01620        0x8 d:/applications/microchip/xc32/v2.30/bin/bin/../../lib/gcc/pic32mx/4.8.3/../../../../pic32mx/lib\libpic32.a(vector33.o)
                0x9fc01620                __vector_dispatch_33
                0x00000001                ASSERT (((_vector_spacing == 0x0) || (SIZEOF (.vector_33) <= (_vector_spacing << 0x5))), function at exception vector 33 too large)

.vector_34      0x9fc01640        0x8
 *(.vector_34)
 .vector_34     0x9fc01640        0x8 d:/applications/microchip/xc32/v2.30/bin/bin/../../lib/gcc/pic32mx/4.8.3/../../../../pic32mx/lib\libpic32.a(vector34.o)
                0x9fc01640                __vector_dispatch_34
                0x00000001                ASSERT (((_vector_spacing == 0x0) || (SIZEOF (.vector_34) <= (_vector_spacing << 0x5))), function at exception vector 34 too large)

.vector_35      0x9fc01660        0x8
 *(.vector_35)
 .vector_35     0x9fc01660        0x8 d:/applications/microchip/xc32/v2.30/bin/bin/../../lib/gcc/pic32mx/4.8.3/../../../../pic32mx/lib\libpic32.a(vector35.o)
                0x9fc01660                __vector_dispatch_35
                0x00000001                ASSERT (((_vector_spacing == 0x0) || (SIZEOF (.vector_35) <= (_vector_spacing << 0x5))), function at exception vector 35 too large)

.vector_36      0x9fc01680        0x8
 *(.vector_36)
 .vector_36     0x9fc01680        0x8 d:/applications/microchip/xc32/v2.30/bin/bin/../../lib/gcc/pic32mx/4.8.3/../../../../pic32mx/lib\libpic32.a(vector36.o)
                0x9fc01680                __vector_dispatch_36
                0x00000001                ASSERT (((_vector_spacing == 0x0) || (SIZEOF (.vector_36) <= (_vector_spacing << 0x5))), function at exception vector 36 too large)

.vector_37      0x9fc016a0        0x8
 *(.vector_37)
 .vector_37     0x9fc016a0        0x8 d:/applications/microchip/xc32/v2.30/bin/bin/../../lib/gcc/pic32mx/4.8.3/../../../../pic32mx/lib\libpic32.a(vector37.o)
                0x9fc016a0                __vector_dispatch_37
                0x00000001                ASSERT (((_vector_spacing == 0x0) || (SIZEOF (.vector_37) <= (_vector_spacing << 0x5))), function at exception vector 37 too large)

.vector_38      0x9fc016c0        0x8
 *(.vector_38)
 .vector_38     0x9fc016c0        0x8 d:/applications/microchip/xc32/v2.30/bin/bin/../../lib/gcc/pic32mx/4.8.3/../../../../pic32mx/lib\libpic32.a(vector38.o)
                0x9fc016c0                __vector_dispatch_38
                0x00000001                ASSERT (((_vector_spacing == 0x0) || (SIZEOF (.vector_38) <= (_vector_spacing << 0x5))), function at exception vector 38 too large)

.vector_39      0x9fc016e0        0x8
 *(.vector_39)
 .vector_39     0x9fc016e0        0x8 d:/applications/microchip/xc32/v2.30/bin/bin/../../lib/gcc/pic32mx/4.8.3/../../../../pic32mx/lib\libpic32.a(vector39.o)
                0x9fc016e0                __vector_dispatch_39
                0x00000001                ASSERT (((_vector_spacing == 0x0) || (SIZEOF (.vector_39) <= (_vector_spacing << 0x5))), function at exception vector 39 too large)

.vector_40      0x9fc01700        0x8
 *(.vector_40)
 .vector_40     0x9fc01700        0x8 d:/applications/microchip/xc32/v2.30/bin/bin/../../lib/gcc/pic32mx/4.8.3/../../../../pic32mx/lib\libpic32.a(vector40.o)
                0x9fc01700                __vector_dispatch_40
                0x00000001                ASSERT (((_vector_spacing == 0x0) || (SIZEOF (.vector_40) <= (_vector_spacing << 0x5))), function at exception vector 40 too large)

.vector_41      0x9fc01720        0x8
 *(.vector_41)
 .vector_41     0x9fc01720        0x8 d:/applications/microchip/xc32/v2.30/bin/bin/../../lib/gcc/pic32mx/4.8.3/../../../../pic32mx/lib\libpic32.a(vector41.o)
                0x9fc01720                __vector_dispatch_41
                0x00000001                ASSERT (((_vector_spacing == 0x0) || (SIZEOF (.vector_41) <= (_vector_spacing << 0x5))), function at exception vector 41 too large)

.vector_42      0x9fc01740        0x8
 *(.vector_42)
 .vector_42     0x9fc01740        0x8 d:/applications/microchip/xc32/v2.30/bin/bin/../../lib/gcc/pic32mx/4.8.3/../../../../pic32mx/lib\libpic32.a(vector42.o)
                0x9fc01740                __vector_dispatch_42
                0x00000001                ASSERT (((_vector_spacing == 0x0) || (SIZEOF (.vector_42) <= (_vector_spacing << 0x5))), function at exception vector 42 too large)

.vector_43      0x9fc01760        0x8
 *(.vector_43)
 .vector_43     0x9fc01760        0x8 d:/applications/microchip/xc32/v2.30/bin/bin/../../lib/gcc/pic32mx/4.8.3/../../../../pic32mx/lib\libpic32.a(vector43.o)
                0x9fc01760                __vector_dispatch_43
                0x00000001                ASSERT (((_vector_spacing == 0x0) || (SIZEOF (.vector_43) <= (_vector_spacing << 0x5))), function at exception vector 43 too large)

.vector_44      0x9fc01780        0x8
 *(.vector_44)
 .vector_44     0x9fc01780        0x8 d:/applications/microchip/xc32/v2.30/bin/bin/../../lib/gcc/pic32mx/4.8.3/../../../../pic32mx/lib\libpic32.a(vector44.o)
                0x9fc01780                __vector_dispatch_44
                0x00000001                ASSERT (((_vector_spacing == 0x0) || (SIZEOF (.vector_44) <= (_vector_spacing << 0x5))), function at exception vector 44 too large)

.vector_45      0x9fc017a0        0x8
 *(.vector_45)
 .vector_45     0x9fc017a0        0x8 d:/applications/microchip/xc32/v2.30/bin/bin/../../lib/gcc/pic32mx/4.8.3/../../../../pic32mx/lib\libpic32.a(vector45.o)
                0x9fc017a0                __vector_dispatch_45
                0x00000001                ASSERT (((_vector_spacing == 0x0) || (SIZEOF (.vector_45) <= (_vector_spacing << 0x5))), function at exception vector 45 too large)

.vector_46      0x9fc017c0        0x0
 *(.vector_46)
                0x00000001                ASSERT (((_vector_spacing == 0x0) || (SIZEOF (.vector_46) <= (_vector_spacing << 0x5))), function at exception vector 46 too large)

.vector_47      0x9fc017e0        0x0
 *(.vector_47)
                0x00000001                ASSERT (((_vector_spacing == 0x0) || (SIZEOF (.vector_47) <= (_vector_spacing << 0x5))), function at exception vector 47 too large)

.vector_48      0x9fc01800        0x0
 *(.vector_48)
                0x00000001                ASSERT (((_vector_spacing == 0x0) || (SIZEOF (.vector_48) <= (_vector_spacing << 0x5))), function at exception vector 48 too large)

.vector_49      0x9fc01820        0x0
 *(.vector_49)
                0x00000001                ASSERT (((_vector_spacing == 0x0) || (SIZEOF (.vector_49) <= (_vector_spacing << 0x5))), function at exception vector 49 too large)

.vector_50      0x9fc01840        0x0
 *(.vector_50)
                0x00000001                ASSERT (((_vector_spacing == 0x0) || (SIZEOF (.vector_50) <= (_vector_spacing << 0x5))), function at exception vector 50 too large)

.vector_51      0x9fc01860        0x0
 *(.vector_51)
                0x00000001                ASSERT (((_vector_spacing == 0x0) || (SIZEOF (.vector_51) <= (_vector_spacing << 0x5))), function at exception vector 51 too large)

.vector_52      0x9fc01880        0x0
 *(.vector_52)
                0x00000001                ASSERT (((_vector_spacing == 0x0) || (SIZEOF (.vector_52) <= (_vector_spacing << 0x5))), function at exception vector 52 too large)

.vector_53      0x9fc018a0        0x0
 *(.vector_53)
                0x00000001                ASSERT (((_vector_spacing == 0x0) || (SIZEOF (.vector_53) <= (_vector_spacing << 0x5))), function at exception vector 53 too large)

.vector_54      0x9fc018c0        0x0
 *(.vector_54)
                0x00000001                ASSERT (((_vector_spacing == 0x0) || (SIZEOF (.vector_54) <= (_vector_spacing << 0x5))), function at exception vector 54 too large)

.vector_55      0x9fc018e0        0x0
 *(.vector_55)
                0x00000001                ASSERT (((_vector_spacing == 0x0) || (SIZEOF (.vector_55) <= (_vector_spacing << 0x5))), function at exception vector 55 too large)

.vector_56      0x9fc01900        0x0
 *(.vector_56)
                0x00000001                ASSERT (((_vector_spacing == 0x0) || (SIZEOF (.vector_56) <= (_vector_spacing << 0x5))), function at exception vector 56 too large)

.vector_57      0x9fc01920        0x0
 *(.vector_57)
                0x00000001                ASSERT (((_vector_spacing == 0x0) || (SIZEOF (.vector_57) <= (_vector_spacing << 0x5))), function at exception vector 57 too large)

.vector_58      0x9fc01940        0x0
 *(.vector_58)
                0x00000001                ASSERT (((_vector_spacing == 0x0) || (SIZEOF (.vector_58) <= (_vector_spacing << 0x5))), function at exception vector 58 too large)

.vector_59      0x9fc01960        0x0
 *(.vector_59)
                0x00000001                ASSERT (((_vector_spacing == 0x0) || (SIZEOF (.vector_59) <= (_vector_spacing << 0x5))), function at exception vector 59 too large)

.vector_60      0x9fc01980        0x0
 *(.vector_60)
                0x00000001                ASSERT (((_vector_spacing == 0x0) || (SIZEOF (.vector_60) <= (_vector_spacing << 0x5))), function at exception vector 60 too large)

.vector_61      0x9fc019a0        0x0
 *(.vector_61)
                0x00000001                ASSERT (((_vector_spacing == 0x0) || (SIZEOF (.vector_61) <= (_vector_spacing << 0x5))), function at exception vector 61 too large)

.vector_62      0x9fc019c0        0x0
 *(.vector_62)
                0x00000001                ASSERT (((_vector_spacing == 0x0) || (SIZEOF (.vector_62) <= (_vector_spacing << 0x5))), function at exception vector 62 too large)

.vector_63      0x9fc019e0        0x0
 *(.vector_63)
                0x00000001                ASSERT (((_vector_spacing == 0x0) || (SIZEOF (.vector_63) <= (_vector_spacing << 0x5))), function at exception vector 63 too large)

.startup
 *(.startup)

.text           0x9d000000        0x0
 *(.stub .gnu.linkonce.t.*)
 *(.text.*personality*)
 *(.mips16.fn.*)
 *(.mips16.call.*)
 *(.gnu.warning)
                0x9d000000                . = ALIGN (0x4)

.init           0x9d000000        0x0
 *crti.o(.init)
 *crtbegin.o(.init)
 *(EXCLUDE_FILE(*crtn.o *crtend?.o *crtend.o) .init)
 *crtend.o(.init)
 *crtn.o(.init)
                0x9d000000                . = ALIGN (0x4)

.fini           0x9d000000        0x0
 *(.fini)
                0x9d000000                . = ALIGN (0x4)

.preinit_array  0x9d000000        0x0
                0x9d000000                PROVIDE (__preinit_array_start, .)
 *(.preinit_array)
                0x9d000000                PROVIDE (__preinit_array_end, .)
                0x9d000000                . = ALIGN (0x4)

.init_array     0x9d000000        0x0
                0x9d000000                PROVIDE (__init_array_start, .)
 *(SORT(.init_array.*))
 *(.init_array)
                0x9d000000                PROVIDE (__init_array_end, .)
                0x9d000000                . = ALIGN (0x4)

.fini_array     0x9d000000        0x0
                0x9d000000                PROVIDE (__fini_array_start, .)
 *(SORT(.fini_array.*))
 *(.fini_array)
                0x9d000000                PROVIDE (__fini_array_end, .)
                0x9d000000                . = ALIGN (0x4)

.ctors          0x9d000000        0x0
 *crtbegin.o(.ctors)
 *crtbegin?.o(.ctors)
 *(EXCLUDE_FILE(*crtend?.o *crtend.o) .ctors)
 *(SORT(.ctors.*))
 *(.ctors)
                0x9d000000                . = ALIGN (0x4)

.dtors          0x9d000000        0x0
 *crtbegin.o(.dtors)
 *crtbegin?.o(.dtors)
 *(EXCLUDE_FILE(*crtend?.o *crtend.o) .dtors)
 *(SORT(.dtors.*))
 *(.dtors)
                0x9d000000                . = ALIGN (0x4)

.rodata         0x9d000000        0x0
 *(.gnu.linkonce.r.*)
 *(.rodata1)
                0x9d000000                . = ALIGN (0x4)

.sdata2         0x9fc00490        0x0
 *(.sdata2 .sdata2.* .gnu.linkonce.s2.*)
                0x9fc00490                . = ALIGN (0x4)

.sbss2          0x9fc00490        0x0
 *(.sbss2 .sbss2.* .gnu.linkonce.sb2.*)
                0x9fc00490                . = ALIGN (0x4)

.eh_frame_hdr
 *(.eh_frame_hdr)
                0x9fc00490                . = ALIGN (0x4)

.eh_frame
 *(.eh_frame)
                0x9fc00490                . = ALIGN (0x4)

.gcc_except_table
 *(.gcc_except_table .gcc_except_table.*)
                0x9fc00490                . = ALIGN (0x4)

.dbg_data       0xa0000000        0x0
                0xa0000000                . = (. + DEFINED (_DEBUGGER)?0x200:0x0)

.jcr            0xa0000000        0x0
 *(.jcr)
                0xa0000000                . = ALIGN (0x4)

.eh_frame
 *(.eh_frame)
                0xa0000000                . = ALIGN (0x4)

.gcc_except_table
 *(.gcc_except_table .gcc_except_table.*)
                0xa0000000                . = ALIGN (0x4)

.persist        0xa0000000        0x0
                0xa0000000                _persist_begin = .
 *(.persist .persist.*)
 *(.pbss .pbss.*)
                0xa0000000                . = ALIGN (0x4)
                0xa0000000                _persist_end = .

.data           0xa0000000        0x0
 *(.gnu.linkonce.d.*)
 *(.data1)
                0xa0000000                . = ALIGN (0x4)
                0xa0000000                . = .
                0xa0007ff0                _gp = (ALIGN (0x10) + 0x7ff0)

.got            0xa0000000        0x0
 *(.got.plt)
 *(.got)
                0xa0000000                . = ALIGN (0x4)

.sdata          0xa0000000        0x4
                0xa0000000                _sdata_begin = .
 *(.sdata .sdata.* .gnu.linkonce.s.*)
 .sdata         0xa0000000        0x4 build/pic32mx_usb_sk3_int_dyn/production/_ext/1360937237/app.o
                0xa0000000                count
                0xa0000004                . = ALIGN (0x4)
                0xa0000004                _sdata_end = .

.lit8
 *(.lit8)

.lit4
 *(.lit4)
                0xa0000004                . = ALIGN (0x4)
                0xa0000004                _data_end = .
                0xa0000004                _bss_begin = .

.sbss           0xa0000004       0x1c
                0xa0000004                _sbss_begin = .
 *(.dynsbss)
 *(.sbss .sbss.* .gnu.linkonce.sb.*)
 .sbss          0xa0000004        0xc build/pic32mx_usb_sk3_int_dyn/production/_ext/713265640/system_exceptions.o
 *(.scommon)
 .scommon       0xa0000010        0x8 build/pic32mx_usb_sk3_int_dyn/production/_ext/820648822/sys_devcon.o
                0xa0000010                sysDevconObj
 .scommon       0xa0000018        0x3 build/pic32mx_usb_sk3_int_dyn/production/_ext/1927798604/drv_usart.o
                0xa0000018                gDrvUSARTCommonDataObj
 *fill*         0xa000001b        0x1 
 .scommon       0xa000001c        0x2 build/pic32mx_usb_sk3_int_dyn/production/_ext/692885480/usb_device_cdc.o
                0xa000001c                gUSBDeviceCdcCommonDataObj
                0xa000001e                _sbss_end = .
                0xa0000020                . = ALIGN (0x4)
 *fill*         0xa000001e        0x2 

.bss            0xa0000200      0x30c
 *(.dynbss)
 *(COMMON)
 COMMON         0xa0000200       0x6c build/pic32mx_usb_sk3_int_dyn/production/_ext/713265640/system_init.o
                0xa0000200                endPointTable
                0xa0000260                sysObj
 COMMON         0xa000026c       0x80 build/pic32mx_usb_sk3_int_dyn/production/_ext/1360937237/app.o
                0xa000026c                readBuffer
                0xa00002ac                appData
 COMMON         0xa00002ec       0xac build/pic32mx_usb_sk3_int_dyn/production/_ext/1927798604/drv_usart.o
                0xa00002ec                gDrvUSARTClientObj
                0xa0000338                gDrvUSARTObj
 COMMON         0xa0000398       0xc8 build/pic32mx_usb_sk3_int_dyn/production/_ext/1585079243/drv_usbfs.o
                0xa0000398                gDrvUSBGroup
 COMMON         0xa0000460       0xac build/pic32mx_usb_sk3_int_dyn/production/_ext/692885480/usb_device_cdc.o
                0xa0000460                gUSBDeviceCDCIRP
                0xa00004cc                gUSBDeviceCDCInstance
                0xa000050c                . = ALIGN ((. != 0x0)?0x4:0x1)
                0xa000050c                . = ALIGN (0x4)
                0xa000050c                _end = .
                0xa000050c                _bss_end = .
                0x00020000                _bmxdudba_address = 0x20000
                0x00020000                _bmxdupba_address = 0x20000

/DISCARD/
 *(.pdr)
 *(.rel.dyn)
 *(.note.GNU-stack)
 *(.note.GNU-stack)
 *(.gnu_debuglink)
 *(.gnu.lto_*)
 *(.discard)

.gptab.sdata
 *(.gptab.data)
 *(.gptab.sdata)

.gptab.sbss
 *(.gptab.bss)
 *(.gptab.sbss)

.mdebug.abi32   0xa000050c        0x0
 *(.mdebug.abi32)
 .mdebug.abi32  0xa000050c        0x0 build/pic32mx_usb_sk3_int_dyn/production/_ext/959396248/bsp.o
 .mdebug.abi32  0xa000050c        0x0 build/pic32mx_usb_sk3_int_dyn/production/_ext/1127802383/sys_clk_pic32mx.o
 .mdebug.abi32  0xa000050c        0x0 build/pic32mx_usb_sk3_int_dyn/production/_ext/820648822/sys_devcon.o
 .mdebug.abi32  0xa000050c        0x0 build/pic32mx_usb_sk3_int_dyn/production/_ext/820648822/sys_devcon_pic32mx.o
 .mdebug.abi32  0xa000050c        0x0 build/pic32mx_usb_sk3_int_dyn/production/_ext/6250753/sys_ports_static.o
 .mdebug.abi32  0xa000050c        0x0 build/pic32mx_usb_sk3_int_dyn/production/_ext/713265640/system_init.o
 .mdebug.abi32  0xa000050c        0x0 build/pic32mx_usb_sk3_int_dyn/production/_ext/713265640/system_interrupt.o
 .mdebug.abi32  0xa000050c        0x0 build/pic32mx_usb_sk3_int_dyn/production/_ext/713265640/system_exceptions.o
 .mdebug.abi32  0xa000050c        0x0 build/pic32mx_usb_sk3_int_dyn/production/_ext/713265640/system_tasks.o
 .mdebug.abi32  0xa000050c        0x0 build/pic32mx_usb_sk3_int_dyn/production/_ext/1360937237/app.o
 .mdebug.abi32  0xa000050c        0x0 build/pic32mx_usb_sk3_int_dyn/production/_ext/1360937237/main.o
 .mdebug.abi32  0xa000050c        0x0 build/pic32mx_usb_sk3_int_dyn/production/_ext/1927798604/drv_usart.o
 .mdebug.abi32  0xa000050c        0x0 build/pic32mx_usb_sk3_int_dyn/production/_ext/1927798604/drv_usart_byte_model.o
 .mdebug.abi32  0xa000050c        0x0 build/pic32mx_usb_sk3_int_dyn/production/_ext/1585079243/drv_usbfs.o
 .mdebug.abi32  0xa000050c        0x0 build/pic32mx_usb_sk3_int_dyn/production/_ext/1585079243/drv_usbfs_device.o
 .mdebug.abi32  0xa000050c        0x0 build/pic32mx_usb_sk3_int_dyn/production/_ext/711155467/sys_int_pic32.o
 .mdebug.abi32  0xa000050c        0x0 build/pic32mx_usb_sk3_int_dyn/production/_ext/692885480/usb_device.o
 .mdebug.abi32  0xa000050c        0x0 build/pic32mx_usb_sk3_int_dyn/production/_ext/692885480/usb_device_cdc.o
 .mdebug.abi32  0xa000050c        0x0 build/pic32mx_usb_sk3_int_dyn/production/_ext/692885480/usb_device_cdc_acm.o
 .mdebug.abi32  0xa000050c        0x0 d:/applications/microchip/xc32/v2.30/bin/bin/../../lib/gcc/pic32mx/4.8.3/../../../../pic32mx/lib\libpic32.a(default-bootstrap-exception-handler.o)
 .mdebug.abi32  0xa000050c        0x0 d:/applications/microchip/xc32/v2.30/bin/bin/../../lib/gcc/pic32mx/4.8.3/../../../../pic32mx/lib\libpic32.a(default-on-reset.o)
 .mdebug.abi32  0xa000050c        0x0 d:/applications/microchip/xc32/v2.30/bin/bin/../../lib/gcc/pic32mx/4.8.3/../../../../pic32mx/lib\libpic32.a(default-on-bootstrap.o)
 .mdebug.abi32  0xa000050c        0x0 d:/applications/microchip/xc32/v2.30/bin/bin/../../lib/gcc/pic32mx/4.8.3/../../../../pic32mx/lib\libpic32.a(defaultinterrupt.o)

.mdebug.abiN32
 *(.mdebug.abiN32)

.mdebug.abi64
 *(.mdebug.abi64)

.mdebug.abiO64
 *(.mdebug.abiO64)

.mdebug.eabi32
 *(.mdebug.eabi32)

.mdebug.eabi64
 *(.mdebug.eabi64)

.gcc_compiled_long32
 *(.gcc_compiled_long32)

.gcc_compiled_long64
 *(.gcc_compiled_long64)

.stab
 *(.stab)

.stabstr
 *(.stabstr)

.stab.excl
 *(.stab.excl)

.stab.exclstr
 *(.stab.exclstr)

.stab.index
 *(.stab.index)

.stab.indexstr
 *(.stab.indexstr)

.comment        0x00000000       0x3c
 *(.comment)
 .comment       0x00000000       0x3c build/pic32mx_usb_sk3_int_dyn/production/_ext/959396248/bsp.o
                                 0x3d (size before relaxing)
 .comment       0x00000000       0x3d build/pic32mx_usb_sk3_int_dyn/production/_ext/1127802383/sys_clk_pic32mx.o
 .comment       0x00000000       0x3d build/pic32mx_usb_sk3_int_dyn/production/_ext/820648822/sys_devcon.o
 .comment       0x00000000       0x3d build/pic32mx_usb_sk3_int_dyn/production/_ext/820648822/sys_devcon_pic32mx.o
 .comment       0x00000000       0x3d build/pic32mx_usb_sk3_int_dyn/production/_ext/6250753/sys_ports_static.o
 .comment       0x00000000       0x3d build/pic32mx_usb_sk3_int_dyn/production/_ext/713265640/system_init.o
 .comment       0x00000000       0x3d build/pic32mx_usb_sk3_int_dyn/production/_ext/713265640/system_interrupt.o
 .comment       0x00000000       0x3d build/pic32mx_usb_sk3_int_dyn/production/_ext/713265640/system_exceptions.o
 .comment       0x00000000       0x3d build/pic32mx_usb_sk3_int_dyn/production/_ext/713265640/system_tasks.o
 .comment       0x00000000       0x3d build/pic32mx_usb_sk3_int_dyn/production/_ext/1360937237/app.o
 .comment       0x00000000       0x3d build/pic32mx_usb_sk3_int_dyn/production/_ext/1360937237/main.o
 .comment       0x00000000       0x3d build/pic32mx_usb_sk3_int_dyn/production/_ext/1927798604/drv_usart.o
 .comment       0x00000000       0x3d build/pic32mx_usb_sk3_int_dyn/production/_ext/1927798604/drv_usart_byte_model.o
 .comment       0x00000000       0x3d build/pic32mx_usb_sk3_int_dyn/production/_ext/1585079243/drv_usbfs.o
 .comment       0x00000000       0x3d build/pic32mx_usb_sk3_int_dyn/production/_ext/1585079243/drv_usbfs_device.o
 .comment       0x00000000       0x3d build/pic32mx_usb_sk3_int_dyn/production/_ext/711155467/sys_int_pic32.o
 .comment       0x00000000       0x3d build/pic32mx_usb_sk3_int_dyn/production/_ext/692885480/usb_device.o
 .comment       0x00000000       0x3d build/pic32mx_usb_sk3_int_dyn/production/_ext/692885480/usb_device_cdc.o
 .comment       0x00000000       0x3d build/pic32mx_usb_sk3_int_dyn/production/_ext/692885480/usb_device_cdc_acm.o
 .comment       0x00000000       0x3d d:/applications/microchip/xc32/v2.30/bin/bin/../../lib/gcc/pic32mx/4.8.3/../../../../pic32mx/lib\libpic32.a(default-bootstrap-exception-handler.o)
 .comment       0x00000000       0x3d d:/applications/microchip/xc32/v2.30/bin/bin/../../lib/gcc/pic32mx/4.8.3/../../../../pic32mx/lib\libpic32.a(default-on-reset.o)
 .comment       0x00000000       0x3d d:/applications/microchip/xc32/v2.30/bin/bin/../../lib/gcc/pic32mx/4.8.3/../../../../pic32mx/lib\libpic32.a(default-on-bootstrap.o)
 .comment       0x00000000       0x3d d:/applications/microchip/xc32/v2.30/bin/bin/../../lib/gcc/pic32mx/4.8.3/../../../../pic32mx/lib\libpic32.a(defaultinterrupt.o)

.debug
 *(.debug)

.line
 *(.line)

.debug_srcinfo
 *(.debug_srcinfo)

.debug_sfnames
 *(.debug_sfnames)

.debug_aranges  0x00000000      0x8e8
 *(.debug_aranges)
 .debug_aranges
                0x00000000       0x70 build/pic32mx_usb_sk3_int_dyn/production/_ext/959396248/bsp.o
 .debug_aranges
                0x00000070       0x50 build/pic32mx_usb_sk3_int_dyn/production/_ext/1127802383/sys_clk_pic32mx.o
 .debug_aranges
                0x000000c0       0x78 build/pic32mx_usb_sk3_int_dyn/production/_ext/820648822/sys_devcon.o
 .debug_aranges
                0x00000138       0x20 build/pic32mx_usb_sk3_int_dyn/production/_ext/820648822/sys_devcon_pic32mx.o
 .debug_aranges
                0x00000158      0x148 build/pic32mx_usb_sk3_int_dyn/production/_ext/6250753/sys_ports_static.o
 .debug_aranges
                0x000002a0       0x20 build/pic32mx_usb_sk3_int_dyn/production/_ext/713265640/system_init.o
 .debug_aranges
                0x000002c0       0x20 build/pic32mx_usb_sk3_int_dyn/production/_ext/713265640/system_interrupt.o
 .debug_aranges
                0x000002e0       0x20 build/pic32mx_usb_sk3_int_dyn/production/_ext/713265640/system_exceptions.o
 .debug_aranges
                0x00000300       0x20 build/pic32mx_usb_sk3_int_dyn/production/_ext/713265640/system_tasks.o
 .debug_aranges
                0x00000320       0x48 build/pic32mx_usb_sk3_int_dyn/production/_ext/1360937237/app.o
 .debug_aranges
                0x00000368       0x20 build/pic32mx_usb_sk3_int_dyn/production/_ext/1360937237/main.o
 .debug_aranges
                0x00000388       0xe8 build/pic32mx_usb_sk3_int_dyn/production/_ext/1927798604/drv_usart.o
 .debug_aranges
                0x00000470       0x48 build/pic32mx_usb_sk3_int_dyn/production/_ext/1927798604/drv_usart_byte_model.o
 .debug_aranges
                0x000004b8       0x60 build/pic32mx_usb_sk3_int_dyn/production/_ext/1585079243/drv_usbfs.o
 .debug_aranges
                0x00000518       0xc0 build/pic32mx_usb_sk3_int_dyn/production/_ext/1585079243/drv_usbfs_device.o
 .debug_aranges
                0x000005d8       0x48 build/pic32mx_usb_sk3_int_dyn/production/_ext/711155467/sys_int_pic32.o
 .debug_aranges
                0x00000620      0x1a0 build/pic32mx_usb_sk3_int_dyn/production/_ext/692885480/usb_device.o
 .debug_aranges
                0x000007c0       0x88 build/pic32mx_usb_sk3_int_dyn/production/_ext/692885480/usb_device_cdc.o
 .debug_aranges
                0x00000848       0x20 build/pic32mx_usb_sk3_int_dyn/production/_ext/692885480/usb_device_cdc_acm.o
 .debug_aranges
                0x00000868       0x20 d:/applications/microchip/xc32/v2.30/bin/bin/../../lib/gcc/pic32mx/4.8.3/../../../../pic32mx/lib\libpic32.a(default-bootstrap-exception-handler.o)
 .debug_aranges
                0x00000888       0x20 d:/applications/microchip/xc32/v2.30/bin/bin/../../lib/gcc/pic32mx/4.8.3/../../../../pic32mx/lib\libpic32.a(default-on-reset.o)
 .debug_aranges
                0x000008a8       0x20 d:/applications/microchip/xc32/v2.30/bin/bin/../../lib/gcc/pic32mx/4.8.3/../../../../pic32mx/lib\libpic32.a(default-on-bootstrap.o)
 .debug_aranges
                0x000008c8       0x20 d:/applications/microchip/xc32/v2.30/bin/bin/../../lib/gcc/pic32mx/4.8.3/../../../../pic32mx/lib\libpic32.a(defaultinterrupt.o)

.debug_pubnames
 *(.debug_pubnames)

.debug_info     0x00000000    0x3995b
 *(.debug_info .gnu.linkonce.wi.*)
 .debug_info    0x00000000     0x1647 build/pic32mx_usb_sk3_int_dyn/production/_ext/959396248/bsp.o
 .debug_info    0x00001647     0x18df build/pic32mx_usb_sk3_int_dyn/production/_ext/1127802383/sys_clk_pic32mx.o
 .debug_info    0x00002f26     0x1a07 build/pic32mx_usb_sk3_int_dyn/production/_ext/820648822/sys_devcon.o
 .debug_info    0x0000492d     0x1b23 build/pic32mx_usb_sk3_int_dyn/production/_ext/820648822/sys_devcon_pic32mx.o
 .debug_info    0x00006450     0x53ad build/pic32mx_usb_sk3_int_dyn/production/_ext/6250753/sys_ports_static.o
 .debug_info    0x0000b7fd     0x5b58 build/pic32mx_usb_sk3_int_dyn/production/_ext/713265640/system_init.o
 .debug_info    0x00011355      0xc6a build/pic32mx_usb_sk3_int_dyn/production/_ext/713265640/system_interrupt.o
 .debug_info    0x00011fbf     0x13f6 build/pic32mx_usb_sk3_int_dyn/production/_ext/713265640/system_exceptions.o
 .debug_info    0x000133b5      0xd2f build/pic32mx_usb_sk3_int_dyn/production/_ext/713265640/system_tasks.o
 .debug_info    0x000140e4     0x2c76 build/pic32mx_usb_sk3_int_dyn/production/_ext/1360937237/app.o
 .debug_info    0x00016d5a      0x1d8 build/pic32mx_usb_sk3_int_dyn/production/_ext/1360937237/main.o
 .debug_info    0x00016f32     0x61f1 build/pic32mx_usb_sk3_int_dyn/production/_ext/1927798604/drv_usart.o
 .debug_info    0x0001d123     0x2cb8 build/pic32mx_usb_sk3_int_dyn/production/_ext/1927798604/drv_usart_byte_model.o
 .debug_info    0x0001fddb     0x4cf8 build/pic32mx_usb_sk3_int_dyn/production/_ext/1585079243/drv_usbfs.o
 .debug_info    0x00024ad3     0x82f8 build/pic32mx_usb_sk3_int_dyn/production/_ext/1585079243/drv_usbfs_device.o
 .debug_info    0x0002cdcb     0x1492 build/pic32mx_usb_sk3_int_dyn/production/_ext/711155467/sys_int_pic32.o
 .debug_info    0x0002e25d     0x5fd1 build/pic32mx_usb_sk3_int_dyn/production/_ext/692885480/usb_device.o
 .debug_info    0x0003422e     0x3dd5 build/pic32mx_usb_sk3_int_dyn/production/_ext/692885480/usb_device_cdc.o
 .debug_info    0x00038003     0x15db build/pic32mx_usb_sk3_int_dyn/production/_ext/692885480/usb_device_cdc_acm.o
 .debug_info    0x000395de       0xf4 d:/applications/microchip/xc32/v2.30/bin/bin/../../lib/gcc/pic32mx/4.8.3/../../../../pic32mx/lib\libpic32.a(default-bootstrap-exception-handler.o)
 .debug_info    0x000396d2       0xcd d:/applications/microchip/xc32/v2.30/bin/bin/../../lib/gcc/pic32mx/4.8.3/../../../../pic32mx/lib\libpic32.a(default-on-reset.o)
 .debug_info    0x0003979f       0xd5 d:/applications/microchip/xc32/v2.30/bin/bin/../../lib/gcc/pic32mx/4.8.3/../../../../pic32mx/lib\libpic32.a(default-on-bootstrap.o)
 .debug_info    0x00039874       0xe7 d:/applications/microchip/xc32/v2.30/bin/bin/../../lib/gcc/pic32mx/4.8.3/../../../../pic32mx/lib\libpic32.a(defaultinterrupt.o)

.debug_abbrev   0x00000000     0x33c8
 *(.debug_abbrev)
 .debug_abbrev  0x00000000      0x2c0 build/pic32mx_usb_sk3_int_dyn/production/_ext/959396248/bsp.o
 .debug_abbrev  0x000002c0      0x26b build/pic32mx_usb_sk3_int_dyn/production/_ext/1127802383/sys_clk_pic32mx.o
 .debug_abbrev  0x0000052b      0x288 build/pic32mx_usb_sk3_int_dyn/production/_ext/820648822/sys_devcon.o
 .debug_abbrev  0x000007b3      0x20f build/pic32mx_usb_sk3_int_dyn/production/_ext/820648822/sys_devcon_pic32mx.o
 .debug_abbrev  0x000009c2      0x2a5 build/pic32mx_usb_sk3_int_dyn/production/_ext/6250753/sys_ports_static.o
 .debug_abbrev  0x00000c67      0x357 build/pic32mx_usb_sk3_int_dyn/production/_ext/713265640/system_init.o
 .debug_abbrev  0x00000fbe      0x107 build/pic32mx_usb_sk3_int_dyn/production/_ext/713265640/system_interrupt.o
 .debug_abbrev  0x000010c5      0x109 build/pic32mx_usb_sk3_int_dyn/production/_ext/713265640/system_exceptions.o
 .debug_abbrev  0x000011ce      0x11a build/pic32mx_usb_sk3_int_dyn/production/_ext/713265640/system_tasks.o
 .debug_abbrev  0x000012e8      0x2a0 build/pic32mx_usb_sk3_int_dyn/production/_ext/1360937237/app.o
 .debug_abbrev  0x00001588       0x93 build/pic32mx_usb_sk3_int_dyn/production/_ext/1360937237/main.o
 .debug_abbrev  0x0000161b      0x4d3 build/pic32mx_usb_sk3_int_dyn/production/_ext/1927798604/drv_usart.o
 .debug_abbrev  0x00001aee      0x324 build/pic32mx_usb_sk3_int_dyn/production/_ext/1927798604/drv_usart_byte_model.o
 .debug_abbrev  0x00001e12      0x42b build/pic32mx_usb_sk3_int_dyn/production/_ext/1585079243/drv_usbfs.o
 .debug_abbrev  0x0000223d      0x4bc build/pic32mx_usb_sk3_int_dyn/production/_ext/1585079243/drv_usbfs_device.o
 .debug_abbrev  0x000026f9      0x237 build/pic32mx_usb_sk3_int_dyn/production/_ext/711155467/sys_int_pic32.o
 .debug_abbrev  0x00002930      0x42f build/pic32mx_usb_sk3_int_dyn/production/_ext/692885480/usb_device.o
 .debug_abbrev  0x00002d5f      0x40b build/pic32mx_usb_sk3_int_dyn/production/_ext/692885480/usb_device_cdc.o
 .debug_abbrev  0x0000316a      0x1be build/pic32mx_usb_sk3_int_dyn/production/_ext/692885480/usb_device_cdc_acm.o
 .debug_abbrev  0x00003328       0x28 d:/applications/microchip/xc32/v2.30/bin/bin/../../lib/gcc/pic32mx/4.8.3/../../../../pic32mx/lib\libpic32.a(default-bootstrap-exception-handler.o)
 .debug_abbrev  0x00003350       0x28 d:/applications/microchip/xc32/v2.30/bin/bin/../../lib/gcc/pic32mx/4.8.3/../../../../pic32mx/lib\libpic32.a(default-on-reset.o)
 .debug_abbrev  0x00003378       0x28 d:/applications/microchip/xc32/v2.30/bin/bin/../../lib/gcc/pic32mx/4.8.3/../../../../pic32mx/lib\libpic32.a(default-on-bootstrap.o)
 .debug_abbrev  0x000033a0       0x28 d:/applications/microchip/xc32/v2.30/bin/bin/../../lib/gcc/pic32mx/4.8.3/../../../../pic32mx/lib\libpic32.a(defaultinterrupt.o)

.debug_line     0x00000000     0x7ce2
 *(.debug_line)
 .debug_line    0x00000000      0x428 build/pic32mx_usb_sk3_int_dyn/production/_ext/959396248/bsp.o
 .debug_line    0x00000428      0x503 build/pic32mx_usb_sk3_int_dyn/production/_ext/1127802383/sys_clk_pic32mx.o
 .debug_line    0x0000092b      0x740 build/pic32mx_usb_sk3_int_dyn/production/_ext/820648822/sys_devcon.o
 .debug_line    0x0000106b      0x556 build/pic32mx_usb_sk3_int_dyn/production/_ext/820648822/sys_devcon_pic32mx.o
 .debug_line    0x000015c1      0xaa4 build/pic32mx_usb_sk3_int_dyn/production/_ext/6250753/sys_ports_static.o
 .debug_line    0x00002065      0x97b build/pic32mx_usb_sk3_int_dyn/production/_ext/713265640/system_init.o
 .debug_line    0x000029e0      0x235 build/pic32mx_usb_sk3_int_dyn/production/_ext/713265640/system_interrupt.o
 .debug_line    0x00002c15      0x2c9 build/pic32mx_usb_sk3_int_dyn/production/_ext/713265640/system_exceptions.o
 .debug_line    0x00002ede      0x33e build/pic32mx_usb_sk3_int_dyn/production/_ext/713265640/system_tasks.o
 .debug_line    0x0000321c      0x573 build/pic32mx_usb_sk3_int_dyn/production/_ext/1360937237/app.o
 .debug_line    0x0000378f       0xf2 build/pic32mx_usb_sk3_int_dyn/production/_ext/1360937237/main.o
 .debug_line    0x00003881      0xdf1 build/pic32mx_usb_sk3_int_dyn/production/_ext/1927798604/drv_usart.o
 .debug_line    0x00004672      0x629 build/pic32mx_usb_sk3_int_dyn/production/_ext/1927798604/drv_usart_byte_model.o
 .debug_line    0x00004c9b      0x850 build/pic32mx_usb_sk3_int_dyn/production/_ext/1585079243/drv_usbfs.o
 .debug_line    0x000054eb      0xebc build/pic32mx_usb_sk3_int_dyn/production/_ext/1585079243/drv_usbfs_device.o
 .debug_line    0x000063a7      0x317 build/pic32mx_usb_sk3_int_dyn/production/_ext/711155467/sys_int_pic32.o
 .debug_line    0x000066be      0xa6e build/pic32mx_usb_sk3_int_dyn/production/_ext/692885480/usb_device.o
 .debug_line    0x0000712c      0x6bc build/pic32mx_usb_sk3_int_dyn/production/_ext/692885480/usb_device_cdc.o
 .debug_line    0x000077e8      0x285 build/pic32mx_usb_sk3_int_dyn/production/_ext/692885480/usb_device_cdc_acm.o
 .debug_line    0x00007a6d       0xa6 d:/applications/microchip/xc32/v2.30/bin/bin/../../lib/gcc/pic32mx/4.8.3/../../../../pic32mx/lib\libpic32.a(default-bootstrap-exception-handler.o)
 .debug_line    0x00007b13       0x93 d:/applications/microchip/xc32/v2.30/bin/bin/../../lib/gcc/pic32mx/4.8.3/../../../../pic32mx/lib\libpic32.a(default-on-reset.o)
 .debug_line    0x00007ba6       0x97 d:/applications/microchip/xc32/v2.30/bin/bin/../../lib/gcc/pic32mx/4.8.3/../../../../pic32mx/lib\libpic32.a(default-on-bootstrap.o)
 .debug_line    0x00007c3d       0xa5 d:/applications/microchip/xc32/v2.30/bin/bin/../../lib/gcc/pic32mx/4.8.3/../../../../pic32mx/lib\libpic32.a(defaultinterrupt.o)

.debug_frame    0x00000000     0x1504
 *(.debug_frame)
 .debug_frame   0x00000000       0xcc build/pic32mx_usb_sk3_int_dyn/production/_ext/959396248/bsp.o
 .debug_frame   0x000000cc       0xa4 build/pic32mx_usb_sk3_int_dyn/production/_ext/1127802383/sys_clk_pic32mx.o
 .debug_frame   0x00000170       0xf4 build/pic32mx_usb_sk3_int_dyn/production/_ext/820648822/sys_devcon.o
 .debug_frame   0x00000264       0x2c build/pic32mx_usb_sk3_int_dyn/production/_ext/820648822/sys_devcon_pic32mx.o
 .debug_frame   0x00000290      0x27c build/pic32mx_usb_sk3_int_dyn/production/_ext/6250753/sys_ports_static.o
 .debug_frame   0x0000050c       0x2c build/pic32mx_usb_sk3_int_dyn/production/_ext/713265640/system_init.o
 .debug_frame   0x00000538       0x68 build/pic32mx_usb_sk3_int_dyn/production/_ext/713265640/system_interrupt.o
 .debug_frame   0x000005a0       0x28 build/pic32mx_usb_sk3_int_dyn/production/_ext/713265640/system_exceptions.o
 .debug_frame   0x000005c8       0x2c build/pic32mx_usb_sk3_int_dyn/production/_ext/713265640/system_tasks.o
 .debug_frame   0x000005f4       0xa8 build/pic32mx_usb_sk3_int_dyn/production/_ext/1360937237/app.o
 .debug_frame   0x0000069c       0x28 build/pic32mx_usb_sk3_int_dyn/production/_ext/1360937237/main.o
 .debug_frame   0x000006c4      0x254 build/pic32mx_usb_sk3_int_dyn/production/_ext/1927798604/drv_usart.o
 .debug_frame   0x00000918       0xb8 build/pic32mx_usb_sk3_int_dyn/production/_ext/1927798604/drv_usart_byte_model.o
 .debug_frame   0x000009d0       0xcc build/pic32mx_usb_sk3_int_dyn/production/_ext/1585079243/drv_usbfs.o
 .debug_frame   0x00000a9c      0x208 build/pic32mx_usb_sk3_int_dyn/production/_ext/1585079243/drv_usbfs_device.o
 .debug_frame   0x00000ca4       0xa0 build/pic32mx_usb_sk3_int_dyn/production/_ext/711155467/sys_int_pic32.o
 .debug_frame   0x00000d44      0x568 build/pic32mx_usb_sk3_int_dyn/production/_ext/692885480/usb_device.o
 .debug_frame   0x000012ac      0x1a0 build/pic32mx_usb_sk3_int_dyn/production/_ext/692885480/usb_device_cdc.o
 .debug_frame   0x0000144c       0x2c build/pic32mx_usb_sk3_int_dyn/production/_ext/692885480/usb_device_cdc_acm.o
 .debug_frame   0x00001478       0x2c d:/applications/microchip/xc32/v2.30/bin/bin/../../lib/gcc/pic32mx/4.8.3/../../../../pic32mx/lib\libpic32.a(default-bootstrap-exception-handler.o)
 .debug_frame   0x000014a4       0x20 d:/applications/microchip/xc32/v2.30/bin/bin/../../lib/gcc/pic32mx/4.8.3/../../../../pic32mx/lib\libpic32.a(default-on-reset.o)
 .debug_frame   0x000014c4       0x20 d:/applications/microchip/xc32/v2.30/bin/bin/../../lib/gcc/pic32mx/4.8.3/../../../../pic32mx/lib\libpic32.a(default-on-bootstrap.o)
 .debug_frame   0x000014e4       0x20 d:/applications/microchip/xc32/v2.30/bin/bin/../../lib/gcc/pic32mx/4.8.3/../../../../pic32mx/lib\libpic32.a(defaultinterrupt.o)

.debug_str      0x00000000      0xa7a
 *(.debug_str)
 .debug_str     0x00000000       0x15 build/pic32mx_usb_sk3_int_dyn/production/_ext/959396248/bsp.o
 .debug_str     0x00000015       0x46 build/pic32mx_usb_sk3_int_dyn/production/_ext/1127802383/sys_clk_pic32mx.o
 .debug_str     0x0000005b       0x16 build/pic32mx_usb_sk3_int_dyn/production/_ext/820648822/sys_devcon.o
 .debug_str     0x00000071        0x6 build/pic32mx_usb_sk3_int_dyn/production/_ext/820648822/sys_devcon_pic32mx.o
 .debug_str     0x00000077       0xa1 build/pic32mx_usb_sk3_int_dyn/production/_ext/6250753/sys_ports_static.o
 .debug_str     0x00000118      0x119 build/pic32mx_usb_sk3_int_dyn/production/_ext/713265640/system_init.o
 .debug_str     0x00000231        0x0 build/pic32mx_usb_sk3_int_dyn/production/_ext/713265640/system_interrupt.o
 .debug_str     0x00000231        0x0 build/pic32mx_usb_sk3_int_dyn/production/_ext/713265640/system_exceptions.o
 .debug_str     0x00000231        0x0 build/pic32mx_usb_sk3_int_dyn/production/_ext/713265640/system_tasks.o
 .debug_str     0x00000231       0x20 build/pic32mx_usb_sk3_int_dyn/production/_ext/1360937237/app.o
 .debug_str     0x00000251        0x0 build/pic32mx_usb_sk3_int_dyn/production/_ext/1360937237/main.o
 .debug_str     0x00000251      0x1c4 build/pic32mx_usb_sk3_int_dyn/production/_ext/1927798604/drv_usart.o
 .debug_str     0x00000415       0x2e build/pic32mx_usb_sk3_int_dyn/production/_ext/1927798604/drv_usart_byte_model.o
 .debug_str     0x00000443       0xa2 build/pic32mx_usb_sk3_int_dyn/production/_ext/1585079243/drv_usbfs.o
 .debug_str     0x000004e5      0x173 build/pic32mx_usb_sk3_int_dyn/production/_ext/1585079243/drv_usbfs_device.o
 .debug_str     0x00000658       0x1d build/pic32mx_usb_sk3_int_dyn/production/_ext/711155467/sys_int_pic32.o
 .debug_str     0x00000675      0x2d7 build/pic32mx_usb_sk3_int_dyn/production/_ext/692885480/usb_device.o
 .debug_str     0x0000094c      0x120 build/pic32mx_usb_sk3_int_dyn/production/_ext/692885480/usb_device_cdc.o
 .debug_str     0x00000a6c        0xe build/pic32mx_usb_sk3_int_dyn/production/_ext/692885480/usb_device_cdc_acm.o
 .debug_str     0x00000a7a        0x0 d:/applications/microchip/xc32/v2.30/bin/bin/../../lib/gcc/pic32mx/4.8.3/../../../../pic32mx/lib\libpic32.a(default-bootstrap-exception-handler.o)
 .debug_str     0x00000a7a        0x0 d:/applications/microchip/xc32/v2.30/bin/bin/../../lib/gcc/pic32mx/4.8.3/../../../../pic32mx/lib\libpic32.a(default-on-reset.o)
 .debug_str     0x00000a7a        0x0 d:/applications/microchip/xc32/v2.30/bin/bin/../../lib/gcc/pic32mx/4.8.3/../../../../pic32mx/lib\libpic32.a(default-on-bootstrap.o)
 .debug_str     0x00000a7a        0x0 d:/applications/microchip/xc32/v2.30/bin/bin/../../lib/gcc/pic32mx/4.8.3/../../../../pic32mx/lib\libpic32.a(defaultinterrupt.o)

.debug_loc      0x00000000     0x86ac
 *(.debug_loc)
 .debug_loc     0x00000000      0x3f5 build/pic32mx_usb_sk3_int_dyn/production/_ext/959396248/bsp.o
 .debug_loc     0x000003f5       0x49 build/pic32mx_usb_sk3_int_dyn/production/_ext/1127802383/sys_clk_pic32mx.o
 .debug_loc     0x0000043e       0xf0 build/pic32mx_usb_sk3_int_dyn/production/_ext/820648822/sys_devcon.o
 .debug_loc     0x0000052e       0xda build/pic32mx_usb_sk3_int_dyn/production/_ext/820648822/sys_devcon_pic32mx.o
 .debug_loc     0x00000608      0x885 build/pic32mx_usb_sk3_int_dyn/production/_ext/6250753/sys_ports_static.o
 .debug_loc     0x00000e8d       0x21 build/pic32mx_usb_sk3_int_dyn/production/_ext/713265640/system_init.o
 .debug_loc     0x00000eae      0x438 build/pic32mx_usb_sk3_int_dyn/production/_ext/1360937237/app.o
 .debug_loc     0x000012e6     0x1939 build/pic32mx_usb_sk3_int_dyn/production/_ext/1927798604/drv_usart.o
 .debug_loc     0x00002c1f      0x350 build/pic32mx_usb_sk3_int_dyn/production/_ext/1927798604/drv_usart_byte_model.o
 .debug_loc     0x00002f6f      0x4de build/pic32mx_usb_sk3_int_dyn/production/_ext/1585079243/drv_usbfs.o
 .debug_loc     0x0000344d     0x2301 build/pic32mx_usb_sk3_int_dyn/production/_ext/1585079243/drv_usbfs_device.o
 .debug_loc     0x0000574e       0x7c build/pic32mx_usb_sk3_int_dyn/production/_ext/711155467/sys_int_pic32.o
 .debug_loc     0x000057ca     0x1f0b build/pic32mx_usb_sk3_int_dyn/production/_ext/692885480/usb_device.o
 .debug_loc     0x000076d5      0xdac build/pic32mx_usb_sk3_int_dyn/production/_ext/692885480/usb_device_cdc.o
 .debug_loc     0x00008481      0x1ff build/pic32mx_usb_sk3_int_dyn/production/_ext/692885480/usb_device_cdc_acm.o
 .debug_loc     0x00008680       0x2c d:/applications/microchip/xc32/v2.30/bin/bin/../../lib/gcc/pic32mx/4.8.3/../../../../pic32mx/lib\libpic32.a(default-bootstrap-exception-handler.o)

.debug_macinfo
 *(.debug_macinfo)

.debug_weaknames
 *(.debug_weaknames)

.debug_funcnames
 *(.debug_funcnames)

.debug_typenames
 *(.debug_typenames)

.debug_varnames
 *(.debug_varnames)

.debug_pubtypes
 *(.debug_pubtypes)

.debug_ranges   0x00000000      0x998
 *(.debug_ranges)
 .debug_ranges  0x00000000      0x108 build/pic32mx_usb_sk3_int_dyn/production/_ext/959396248/bsp.o
 .debug_ranges  0x00000108       0x40 build/pic32mx_usb_sk3_int_dyn/production/_ext/1127802383/sys_clk_pic32mx.o
 .debug_ranges  0x00000148       0x68 build/pic32mx_usb_sk3_int_dyn/production/_ext/820648822/sys_devcon.o
 .debug_ranges  0x000001b0       0x10 build/pic32mx_usb_sk3_int_dyn/production/_ext/820648822/sys_devcon_pic32mx.o
 .debug_ranges  0x000001c0      0x160 build/pic32mx_usb_sk3_int_dyn/production/_ext/6250753/sys_ports_static.o
 .debug_ranges  0x00000320       0x10 build/pic32mx_usb_sk3_int_dyn/production/_ext/713265640/system_init.o
 .debug_ranges  0x00000330       0x10 build/pic32mx_usb_sk3_int_dyn/production/_ext/713265640/system_interrupt.o
 .debug_ranges  0x00000340       0x10 build/pic32mx_usb_sk3_int_dyn/production/_ext/713265640/system_exceptions.o
 .debug_ranges  0x00000350       0x10 build/pic32mx_usb_sk3_int_dyn/production/_ext/713265640/system_tasks.o
 .debug_ranges  0x00000360       0x38 build/pic32mx_usb_sk3_int_dyn/production/_ext/1360937237/app.o
 .debug_ranges  0x00000398       0x10 build/pic32mx_usb_sk3_int_dyn/production/_ext/1360937237/main.o
 .debug_ranges  0x000003a8      0x170 build/pic32mx_usb_sk3_int_dyn/production/_ext/1927798604/drv_usart.o
 .debug_ranges  0x00000518       0x38 build/pic32mx_usb_sk3_int_dyn/production/_ext/1927798604/drv_usart_byte_model.o
 .debug_ranges  0x00000550       0x50 build/pic32mx_usb_sk3_int_dyn/production/_ext/1585079243/drv_usbfs.o
 .debug_ranges  0x000005a0      0x150 build/pic32mx_usb_sk3_int_dyn/production/_ext/1585079243/drv_usbfs_device.o
 .debug_ranges  0x000006f0       0x50 build/pic32mx_usb_sk3_int_dyn/production/_ext/711155467/sys_int_pic32.o
 .debug_ranges  0x00000740      0x190 build/pic32mx_usb_sk3_int_dyn/production/_ext/692885480/usb_device.o
 .debug_ranges  0x000008d0       0x78 build/pic32mx_usb_sk3_int_dyn/production/_ext/692885480/usb_device_cdc.o
 .debug_ranges  0x00000948       0x10 build/pic32mx_usb_sk3_int_dyn/production/_ext/692885480/usb_device_cdc_acm.o
 .debug_ranges  0x00000958       0x10 d:/applications/microchip/xc32/v2.30/bin/bin/../../lib/gcc/pic32mx/4.8.3/../../../../pic32mx/lib\libpic32.a(default-bootstrap-exception-handler.o)
 .debug_ranges  0x00000968       0x10 d:/applications/microchip/xc32/v2.30/bin/bin/../../lib/gcc/pic32mx/4.8.3/../../../../pic32mx/lib\libpic32.a(default-on-reset.o)
 .debug_ranges  0x00000978       0x10 d:/applications/microchip/xc32/v2.30/bin/bin/../../lib/gcc/pic32mx/4.8.3/../../../../pic32mx/lib\libpic32.a(default-on-bootstrap.o)
 .debug_ranges  0x00000988       0x10 d:/applications/microchip/xc32/v2.30/bin/bin/../../lib/gcc/pic32mx/4.8.3/../../../../pic32mx/lib\libpic32.a(defaultinterrupt.o)

.gnu.attributes
                0x00000000       0x10
 *(.gnu.attributes)
 .gnu.attributes
                0x00000000       0x10 build/pic32mx_usb_sk3_int_dyn/production/_ext/959396248/bsp.o
 .gnu.attributes
                0x00000010       0x10 build/pic32mx_usb_sk3_int_dyn/production/_ext/1127802383/sys_clk_pic32mx.o
 .gnu.attributes
                0x00000020       0x10 build/pic32mx_usb_sk3_int_dyn/production/_ext/820648822/sys_devcon.o
 .gnu.attributes
                0x00000030       0x10 build/pic32mx_usb_sk3_int_dyn/production/_ext/820648822/sys_devcon_pic32mx.o
 .gnu.attributes
                0x00000040       0x10 build/pic32mx_usb_sk3_int_dyn/production/_ext/6250753/sys_ports_static.o
 .gnu.attributes
                0x00000050       0x10 build/pic32mx_usb_sk3_int_dyn/production/_ext/713265640/system_init.o
 .gnu.attributes
                0x00000060       0x10 build/pic32mx_usb_sk3_int_dyn/production/_ext/713265640/system_interrupt.o
 .gnu.attributes
                0x00000070       0x10 build/pic32mx_usb_sk3_int_dyn/production/_ext/713265640/system_exceptions.o
 .gnu.attributes
                0x00000080       0x10 build/pic32mx_usb_sk3_int_dyn/production/_ext/713265640/system_tasks.o
 .gnu.attributes
                0x00000090       0x10 build/pic32mx_usb_sk3_int_dyn/production/_ext/1360937237/app.o
 .gnu.attributes
                0x000000a0       0x10 build/pic32mx_usb_sk3_int_dyn/production/_ext/1360937237/main.o
 .gnu.attributes
                0x000000b0       0x10 build/pic32mx_usb_sk3_int_dyn/production/_ext/1927798604/drv_usart.o
 .gnu.attributes
                0x000000c0       0x10 build/pic32mx_usb_sk3_int_dyn/production/_ext/1927798604/drv_usart_byte_model.o
 .gnu.attributes
                0x000000d0       0x10 build/pic32mx_usb_sk3_int_dyn/production/_ext/1585079243/drv_usbfs.o
 .gnu.attributes
                0x000000e0       0x10 build/pic32mx_usb_sk3_int_dyn/production/_ext/1585079243/drv_usbfs_device.o
 .gnu.attributes
                0x000000f0       0x10 build/pic32mx_usb_sk3_int_dyn/production/_ext/711155467/sys_int_pic32.o
 .gnu.attributes
                0x00000100       0x10 build/pic32mx_usb_sk3_int_dyn/production/_ext/692885480/usb_device.o
 .gnu.attributes
                0x00000110       0x10 build/pic32mx_usb_sk3_int_dyn/production/_ext/692885480/usb_device_cdc.o
 .gnu.attributes
                0x00000120       0x10 build/pic32mx_usb_sk3_int_dyn/production/_ext/692885480/usb_device_cdc_acm.o
 .gnu.attributes
                0x00000130       0x10 d:/applications/microchip/xc32/v2.30/bin/bin/../../lib/gcc/pic32mx/4.8.3/../../../../pic32mx/lib\libpic32.a(default-bootstrap-exception-handler.o)
 .gnu.attributes
                0x00000140       0x10 d:/applications/microchip/xc32/v2.30/bin/bin/../../lib/gcc/pic32mx/4.8.3/../../../../pic32mx/lib\libpic32.a(default-on-reset.o)
 .gnu.attributes
                0x00000150       0x10 d:/applications/microchip/xc32/v2.30/bin/bin/../../lib/gcc/pic32mx/4.8.3/../../../../pic32mx/lib\libpic32.a(default-on-bootstrap.o)
 .gnu.attributes
                0x00000160       0x10 d:/applications/microchip/xc32/v2.30/bin/bin/../../lib/gcc/pic32mx/4.8.3/../../../../pic32mx/lib\libpic32.a(defaultinterrupt.o)
LOAD d:/applications/microchip/xc32/v2.30/bin/bin/../../lib/gcc/pic32mx/4.8.3\libgcc.a
START GROUP
LOAD d:/applications/microchip/xc32/v2.30/bin/bin/../../lib/gcc/pic32mx/4.8.3/../../../../pic32mx/lib\libpic32.a
LOAD d:/applications/microchip/xc32/v2.30/bin/bin/../../lib/gcc/pic32mx/4.8.3/../../../../pic32mx/lib\libdebug.a
LOAD d:/applications/microchip/xc32/v2.30/bin/bin/../../lib/gcc/pic32mx/4.8.3/../../../../pic32mx/lib\libpic32.a
LOAD d:/applications/microchip/xc32/v2.30/bin/bin/../../lib/gcc/pic32mx/4.8.3/../../../../pic32mx/lib\libc.a
LOAD d:/applications/microchip/xc32/v2.30/bin/bin/../../lib/gcc/pic32mx/4.8.3/../../../../pic32mx/lib\libc.a
LOAD d:/applications/microchip/xc32/v2.30/bin/bin/../../lib/gcc/pic32mx/4.8.3/../../../../pic32mx/lib\libm.a
LOAD d:/applications/microchip/xc32/v2.30/bin/bin/../../lib/gcc/pic32mx/4.8.3/../../../../pic32mx/lib\libe.a
LOAD d:/applications/microchip/xc32/v2.30/bin/bin/../../lib/gcc/pic32mx/4.8.3/../../../../pic32mx/lib\libdsp.a
LOAD d:/applications/microchip/xc32/v2.30/bin/bin/../../lib/gcc/pic32mx/4.8.3\libgcc.a
LOAD d:/applications/microchip/xc32/v2.30/bin/bin/../../lib/gcc/pic32mx/4.8.3/../../../../pic32mx/lib\libpic32.a
END GROUP
LOAD d:/applications/microchip/xc32/v2.30/bin/bin/../../lib/gcc/pic32mx/4.8.3\libgcc.a
OUTPUT(dist/pic32mx_usb_sk3_int_dyn/production/cdc_com_port_single.X.production.elf elf32-tradlittlemips)
LOAD stack
LOAD data_init

.reginfo        0x00000000       0x18
 .reginfo       0x00000000       0x18 d:/applications/microchip/xc32/v2.30/bin/bin/../../lib/gcc/pic32mx/4.8.3/../../../../pic32mx/lib\debug-exception-return.o

.stack          0xa0000528      0x400
 .stack         0xa0000528      0x400 stack

.bss            0xa0000020       0xbc
 .bss           0xa0000020       0xbc build/pic32mx_usb_sk3_int_dyn/production/_ext/692885480/usb_device.o

.data           0xa00000dc       0x50
 .data          0xa00000dc       0x50 build/pic32mx_usb_sk3_int_dyn/production/_ext/1585079243/drv_usbfs_device.o
                0xa00000dc                gDrvUSBFSDeviceInterface

._debug_exception
                0xbfc00480       0x2c
 ._debug_exception
                0xbfc00480       0x2c d:/applications/microchip/xc32/v2.30/bin/bin/../../lib/gcc/pic32mx/4.8.3/../../../../pic32mx/lib\debug-exception-return.o
                0xbfc00480                __DbgExecReturn

.text._DRV_USBFS_DEVICE_Tasks_ISR
                0x9d000000      0x680
 .text._DRV_USBFS_DEVICE_Tasks_ISR
                0x9d000000      0x680 build/pic32mx_usb_sk3_int_dyn/production/_ext/1585079243/drv_usbfs_device.o
                0x9d000000                _DRV_USBFS_DEVICE_Tasks_ISR

.text.APP_Tasks
                0x9d000680      0x4d4
 .text.APP_Tasks
                0x9d000680      0x4d4 build/pic32mx_usb_sk3_int_dyn/production/_ext/1360937237/app.o
                0x9d000680                APP_Tasks

.text.DRV_USBFS_DEVICE_IRPSubmit
                0x9d000b54      0x22c
 .text.DRV_USBFS_DEVICE_IRPSubmit
                0x9d000b54      0x22c build/pic32mx_usb_sk3_int_dyn/production/_ext/1585079243/drv_usbfs_device.o
                0x9d000b54                DRV_USBFS_DEVICE_IRPSubmit

.text._USB_DEVICE_EventHandler
                0x9d000d80      0x218
 .text._USB_DEVICE_EventHandler
                0x9d000d80      0x218 build/pic32mx_usb_sk3_int_dyn/production/_ext/692885480/usb_device.o
                0x9d000d80                _USB_DEVICE_EventHandler

.text._USB_DEVICE_ProcessStandardDeviceSetRequests
                0x9d000f98      0x214
 .text._USB_DEVICE_ProcessStandardDeviceSetRequests
                0x9d000f98      0x214 build/pic32mx_usb_sk3_int_dyn/production/_ext/692885480/usb_device.o
                0x9d000f98                _USB_DEVICE_ProcessStandardDeviceSetRequests

.text._USB_DEVICE_ProcessStandardDeviceGetRequests
                0x9d0011ac      0x20c
 .text._USB_DEVICE_ProcessStandardDeviceGetRequests
                0x9d0011ac      0x20c build/pic32mx_usb_sk3_int_dyn/production/_ext/692885480/usb_device.o
                0x9d0011ac                _USB_DEVICE_ProcessStandardDeviceGetRequests

.text._USB_DEVICE_ControlTransferHandler
                0x9d0013b8      0x1fc
 .text._USB_DEVICE_ControlTransferHandler
                0x9d0013b8      0x1fc build/pic32mx_usb_sk3_int_dyn/production/_ext/692885480/usb_device.o
                0x9d0013b8                _USB_DEVICE_ControlTransferHandler

.text.USB_DEVICE_CDC_Write
                0x9d0015b4      0x1cc
 .text.USB_DEVICE_CDC_Write
                0x9d0015b4      0x1cc build/pic32mx_usb_sk3_int_dyn/production/_ext/692885480/usb_device_cdc.o
                0x9d0015b4                USB_DEVICE_CDC_Write

.rodata         0x9d001780      0x1c8
 .rodata        0x9d001780      0x1c8 build/pic32mx_usb_sk3_int_dyn/production/_ext/713265640/system_init.o
                0x9d001780                usbDevInitData
                0x9d0017b4                usbMasterDescriptor
                0x9d0017e0                stringDescriptors
                0x9d0017ec                sd002
                0x9d00181c                sd001
                0x9d001850                sd000
                0x9d001854                fullSpeedConfigDescSet
                0x9d001858                fullSpeedConfigurationDescriptor
                0x9d00189c                deviceDescriptor
                0x9d0018b0                funcRegistrationTable
                0x9d0018c4                cdcInit0
                0x9d0018d0                drvUSBFSInit
                0x9d0018fc                drvUsart0InitData

.text.DRV_USBFS_DEVICE_EndpointStallClear
                0x9d001948      0x1c8
 .text.DRV_USBFS_DEVICE_EndpointStallClear
                0x9d001948      0x1c8 build/pic32mx_usb_sk3_int_dyn/production/_ext/1585079243/drv_usbfs_device.o
                0x9d001948                DRV_USBFS_DEVICE_EndpointStallClear

.text._DRV_USART_HardwareSetup
                0x9d001b10      0x1b8
 .text._DRV_USART_HardwareSetup
                0x9d001b10      0x1b8 build/pic32mx_usb_sk3_int_dyn/production/_ext/1927798604/drv_usart.o
                0x9d001b10                _DRV_USART_HardwareSetup

.text.DRV_USBFS_DEVICE_EndpointStall
                0x9d001cc8      0x1b8
 .text.DRV_USBFS_DEVICE_EndpointStall
                0x9d001cc8      0x1b8 build/pic32mx_usb_sk3_int_dyn/production/_ext/1585079243/drv_usbfs_device.o
                0x9d001cc8                DRV_USBFS_DEVICE_EndpointStall

.text.USB_DEVICE_CDC_Read
                0x9d001e80      0x1ac
 .text.USB_DEVICE_CDC_Read
                0x9d001e80      0x1ac build/pic32mx_usb_sk3_int_dyn/production/_ext/692885480/usb_device_cdc.o
                0x9d001e80                USB_DEVICE_CDC_Read

.text.DRV_USBFS_DEVICE_EndpointEnable
                0x9d00202c      0x198
 .text.DRV_USBFS_DEVICE_EndpointEnable
                0x9d00202c      0x198 build/pic32mx_usb_sk3_int_dyn/production/_ext/1585079243/drv_usbfs_device.o
                0x9d00202c                DRV_USBFS_DEVICE_EndpointEnable

.text.DRV_USART_Initialize
                0x9d0021c4      0x190
 .text.DRV_USART_Initialize
                0x9d0021c4      0x190 build/pic32mx_usb_sk3_int_dyn/production/_ext/1927798604/drv_usart.o
                0x9d0021c4                DRV_USART_Initialize

.text.SYS_PORTS_Initialize
                0x9d002354      0x18c
 .text.SYS_PORTS_Initialize
                0x9d002354      0x18c build/pic32mx_usb_sk3_int_dyn/production/_ext/6250753/sys_ports_static.o
                0x9d002354                SYS_PORTS_Initialize

.text._USB_DEVICE_Ep0ReceiveCompleteCallback
                0x9d0024e0      0x184
 .text._USB_DEVICE_Ep0ReceiveCompleteCallback
                0x9d0024e0      0x184 build/pic32mx_usb_sk3_int_dyn/production/_ext/692885480/usb_device.o
                0x9d0024e0                _USB_DEVICE_Ep0ReceiveCompleteCallback

.text._USB_DEVICE_CDC_ACMSetUpPacketHandler
                0x9d002664      0x174
 .text._USB_DEVICE_CDC_ACMSetUpPacketHandler
                0x9d002664      0x174 build/pic32mx_usb_sk3_int_dyn/production/_ext/692885480/usb_device_cdc_acm.o
                0x9d002664                _USB_DEVICE_CDC_ACMSetUpPacketHandler

.text.USB_DEVICE_Tasks
                0x9d0027d8      0x170
 .text.USB_DEVICE_Tasks
                0x9d0027d8      0x170 build/pic32mx_usb_sk3_int_dyn/production/_ext/692885480/usb_device.o
                0x9d0027d8                USB_DEVICE_Tasks

.text           0x9d002948      0x168
 .text          0x9d002948      0x168 d:/applications/microchip/xc32/v2.30/bin/bin/../../lib/gcc/pic32mx/4.8.3/../../../../pic32mx/lib\libpic32.a(memcpy.o)
                0x9d002948                memcpy

.text.USB_DEVICE_Initialize
                0x9d002ab0      0x15c
 .text.USB_DEVICE_Initialize
                0x9d002ab0      0x15c build/pic32mx_usb_sk3_int_dyn/production/_ext/692885480/usb_device.o
                0x9d002ab0                USB_DEVICE_Initialize

.text.DRV_USBFS_DEVICE_IRPCancelAll
                0x9d002c0c      0x158
 .text.DRV_USBFS_DEVICE_IRPCancelAll
                0x9d002c0c      0x158 build/pic32mx_usb_sk3_int_dyn/production/_ext/1585079243/drv_usbfs_device.o
                0x9d002c0c                DRV_USBFS_DEVICE_IRPCancelAll

.text._USB_DEVICE_CDC_Initialization
                0x9d002d64      0x14c
 .text._USB_DEVICE_CDC_Initialization
                0x9d002d64      0x14c build/pic32mx_usb_sk3_int_dyn/production/_ext/692885480/usb_device_cdc.o
                0x9d002d64                _USB_DEVICE_CDC_Initialization

.text.DRV_USBFS_DEVICE_EndpointDisable
                0x9d002eb0      0x140
 .text.DRV_USBFS_DEVICE_EndpointDisable
                0x9d002eb0      0x140 build/pic32mx_usb_sk3_int_dyn/production/_ext/1585079243/drv_usbfs_device.o
                0x9d002eb0                DRV_USBFS_DEVICE_EndpointDisable

.text.DRV_USBFS_Initialize
                0x9d002ff0      0x138
 .text.DRV_USBFS_Initialize
                0x9d002ff0      0x138 build/pic32mx_usb_sk3_int_dyn/production/_ext/1585079243/drv_usbfs.o
                0x9d002ff0                DRV_USBFS_Initialize

.text._IntHandlerUSBInstance0
                0x9d003128      0x134
 .text._IntHandlerUSBInstance0
                0x9d003128      0x134 build/pic32mx_usb_sk3_int_dyn/production/_ext/713265640/system_interrupt.o
                0x9d003128                _IntHandlerUSBInstance0

.text.APP_USBDeviceEventHandler
                0x9d00325c      0x130
 .text.APP_USBDeviceEventHandler
                0x9d00325c      0x130 build/pic32mx_usb_sk3_int_dyn/production/_ext/1360937237/app.o
                0x9d00325c                APP_USBDeviceEventHandler

.text.DRV_USBFS_DEVICE_IRPCancel
                0x9d00338c      0x130
 .text.DRV_USBFS_DEVICE_IRPCancel
                0x9d00338c      0x130 build/pic32mx_usb_sk3_int_dyn/production/_ext/1585079243/drv_usbfs_device.o
                0x9d00338c                DRV_USBFS_DEVICE_IRPCancel

.text.DRV_USART_Open
                0x9d0034bc      0x12c
 .text.DRV_USART_Open
                0x9d0034bc      0x12c build/pic32mx_usb_sk3_int_dyn/production/_ext/1927798604/drv_usart.o
                0x9d0034bc                DRV_USART_Open

.rodata         0x9d0035e8      0x128
 .rodata        0x9d0035e8      0x128 build/pic32mx_usb_sk3_int_dyn/production/_ext/713265640/system_exceptions.o

.text.APP_USBDeviceCDCEventHandler
                0x9d003710      0x10c
 .text.APP_USBDeviceCDCEventHandler
                0x9d003710      0x10c build/pic32mx_usb_sk3_int_dyn/production/_ext/1360937237/app.o
                0x9d003710                APP_USBDeviceCDCEventHandler

.text._USB_DEVICE_ConfigureDevice
                0x9d00381c      0x100
 .text._USB_DEVICE_ConfigureDevice
                0x9d00381c      0x100 build/pic32mx_usb_sk3_int_dyn/production/_ext/692885480/usb_device.o
                0x9d00381c                _USB_DEVICE_ConfigureDevice

.text._USB_DEVICE_ProcessStandardEndpointRequest
                0x9d00391c      0x100
 .text._USB_DEVICE_ProcessStandardEndpointRequest
                0x9d00391c      0x100 build/pic32mx_usb_sk3_int_dyn/production/_ext/692885480/usb_device.o
                0x9d00391c                _USB_DEVICE_ProcessStandardEndpointRequest

.text.APP_ProcessSwitchPress
                0x9d003a1c       0xf8
 .text.APP_ProcessSwitchPress
                0x9d003a1c       0xf8 build/pic32mx_usb_sk3_int_dyn/production/_ext/1360937237/app.o
                0x9d003a1c                APP_ProcessSwitchPress

.text._USB_DEVICE_CDC_ControlTransferHandler
                0x9d003b14       0xf8
 .text._USB_DEVICE_CDC_ControlTransferHandler
                0x9d003b14       0xf8 build/pic32mx_usb_sk3_int_dyn/production/_ext/692885480/usb_device_cdc.o
                0x9d003b14                _USB_DEVICE_CDC_ControlTransferHandler

.text.SYS_Initialize
                0x9d003c0c       0xec
 .text.SYS_Initialize
                0x9d003c0c       0xec build/pic32mx_usb_sk3_int_dyn/production/_ext/713265640/system_init.o
                0x9d003c0c                SYS_Initialize

.text.SYS_DEVCON_PerformanceConfig
                0x9d003cf8       0xe0
 .text.SYS_DEVCON_PerformanceConfig
                0x9d003cf8       0xe0 build/pic32mx_usb_sk3_int_dyn/production/_ext/820648822/sys_devcon_pic32mx.o
                0x9d003cf8                SYS_DEVCON_PerformanceConfig

.text.general_exception
                0x9d003dd8       0xdc
 .text.general_exception
                0x9d003dd8       0xdc d:/applications/microchip/xc32/v2.30/bin/bin/../../lib/gcc/pic32mx/4.8.3/../../../../pic32mx/lib\libpic32.a(general-exception.o)
                0x9d003dd8                _general_exception_context

.text._DRV_USBFS_DEVICE_EndpointBDTEntryArm
                0x9d003eb4       0xd8
 .text._DRV_USBFS_DEVICE_EndpointBDTEntryArm
                0x9d003eb4       0xd8 build/pic32mx_usb_sk3_int_dyn/production/_ext/1585079243/drv_usbfs_device.o
                0x9d003eb4                _DRV_USBFS_DEVICE_EndpointBDTEntryArm

.text._USB_DEVICE_GetStringDescriptorRequestProcess
                0x9d003f8c       0xd4
 .text._USB_DEVICE_GetStringDescriptorRequestProcess
                0x9d003f8c       0xd4 build/pic32mx_usb_sk3_int_dyn/production/_ext/692885480/usb_device.o
                0x9d003f8c                _USB_DEVICE_GetStringDescriptorRequestProcess

.dinit          0x9d004060       0xd0
 .dinit         0x9d004060       0xd0 data_init

.text.BSP_LEDOn
                0x9d004130       0xc0
 .text.BSP_LEDOn
                0x9d004130       0xc0 build/pic32mx_usb_sk3_int_dyn/production/_ext/959396248/bsp.o
                0x9d004130                BSP_LEDOn

.text.BSP_LEDOff
                0x9d0041f0       0xc0
 .text.BSP_LEDOff
                0x9d0041f0       0xc0 build/pic32mx_usb_sk3_int_dyn/production/_ext/959396248/bsp.o
                0x9d0041f0                BSP_LEDOff

.text._USB_DEVICE_Ep0TransmitCompleteCallback
                0x9d0042b0       0xc0
 .text._USB_DEVICE_Ep0TransmitCompleteCallback
                0x9d0042b0       0xc0 build/pic32mx_usb_sk3_int_dyn/production/_ext/692885480/usb_device.o
                0x9d0042b0                _USB_DEVICE_Ep0TransmitCompleteCallback

.text._USB_DEVICE_DeInitializeAllFunctionDrivers
                0x9d004370       0xa8
 .text._USB_DEVICE_DeInitializeAllFunctionDrivers
                0x9d004370       0xa8 build/pic32mx_usb_sk3_int_dyn/production/_ext/692885480/usb_device.o
                0x9d004370                _USB_DEVICE_DeInitializeAllFunctionDrivers

.text._USB_DEVICE_CDC_ReadIRPCallback
                0x9d004418       0xa0
 .text._USB_DEVICE_CDC_ReadIRPCallback
                0x9d004418       0xa0 build/pic32mx_usb_sk3_int_dyn/production/_ext/692885480/usb_device_cdc.o
                0x9d004418                _USB_DEVICE_CDC_ReadIRPCallback

.text._USB_DEVICE_CDC_WriteIRPCallback
                0x9d0044b8       0xa0
 .text._USB_DEVICE_CDC_WriteIRPCallback
                0x9d0044b8       0xa0 build/pic32mx_usb_sk3_int_dyn/production/_ext/692885480/usb_device_cdc.o
                0x9d0044b8                _USB_DEVICE_CDC_WriteIRPCallback

.text._USB_DEVICE_ForwardControlXfrToFunction
                0x9d004558       0x9c
 .text._USB_DEVICE_ForwardControlXfrToFunction
                0x9d004558       0x9c build/pic32mx_usb_sk3_int_dyn/production/_ext/692885480/usb_device.o
                0x9d004558                _USB_DEVICE_ForwardControlXfrToFunction

.text.DRV_USBFS_Tasks_ISR
                0x9d0045f4       0x84
 .text.DRV_USBFS_Tasks_ISR
                0x9d0045f4       0x84 build/pic32mx_usb_sk3_int_dyn/production/_ext/1585079243/drv_usbfs.o
                0x9d0045f4                DRV_USBFS_Tasks_ISR

.text._USB_DEVICE_GetFunctionDriverEntryByInterface
                0x9d004678       0x84
 .text._USB_DEVICE_GetFunctionDriverEntryByInterface
                0x9d004678       0x84 build/pic32mx_usb_sk3_int_dyn/production/_ext/692885480/usb_device.o
                0x9d004678                _USB_DEVICE_GetFunctionDriverEntryByInterface

.text._USB_DEVICE_FindEndpoint
                0x9d0046fc       0x84
 .text._USB_DEVICE_FindEndpoint
                0x9d0046fc       0x84 build/pic32mx_usb_sk3_int_dyn/production/_ext/692885480/usb_device.o
                0x9d0046fc                _USB_DEVICE_FindEndpoint

.text.USB_DEVICE_ControlSend
                0x9d004780       0x84
 .text.USB_DEVICE_ControlSend
                0x9d004780       0x84 build/pic32mx_usb_sk3_int_dyn/production/_ext/692885480/usb_device.o
                0x9d004780                USB_DEVICE_ControlSend

.text           0x9d004804       0x84
 .text          0x9d004804       0x84 d:/applications/microchip/xc32/v2.30/bin/bin/../../lib/gcc/pic32mx/4.8.3/../../../../pic32mx/lib\libpic32.a(pic32_data_init.o)
                0x9d004804                __pic32_data_init

.text.USB_DEVICE_ControlStatus
                0x9d004888       0x7c
 .text.USB_DEVICE_ControlStatus
                0x9d004888       0x7c build/pic32mx_usb_sk3_int_dyn/production/_ext/692885480/usb_device.o
                0x9d004888                USB_DEVICE_ControlStatus

.text.DRV_USART_TasksTransmit
                0x9d004904       0x70
 .text.DRV_USART_TasksTransmit
                0x9d004904       0x70 build/pic32mx_usb_sk3_int_dyn/production/_ext/1927798604/drv_usart.o
                0x9d004904                DRV_USART_TasksTransmit

.text.DRV_USART_TasksError
                0x9d004974       0x70
 .text.DRV_USART_TasksError
                0x9d004974       0x70 build/pic32mx_usb_sk3_int_dyn/production/_ext/1927798604/drv_usart.o
                0x9d004974                DRV_USART_TasksError

.text.DRV_USART_TasksReceive
                0x9d0049e4       0x70
 .text.DRV_USART_TasksReceive
                0x9d0049e4       0x70 build/pic32mx_usb_sk3_int_dyn/production/_ext/1927798604/drv_usart.o
                0x9d0049e4                DRV_USART_TasksReceive

.text.DRV_USBFS_DEVICE_Attach
                0x9d004a54       0x70
 .text.DRV_USBFS_DEVICE_Attach
                0x9d004a54       0x70 build/pic32mx_usb_sk3_int_dyn/production/_ext/1585079243/drv_usbfs_device.o
                0x9d004a54                DRV_USBFS_DEVICE_Attach

.text.DRV_USBFS_ClientEventCallBackSet
                0x9d004ac4       0x6c
 .text.DRV_USBFS_ClientEventCallBackSet
                0x9d004ac4       0x6c build/pic32mx_usb_sk3_int_dyn/production/_ext/1585079243/drv_usbfs.o
                0x9d004ac4                DRV_USBFS_ClientEventCallBackSet

.text._USB_DEVICE_CDC_Deinitialization
                0x9d004b30       0x6c
 .text._USB_DEVICE_CDC_Deinitialization
                0x9d004b30       0x6c build/pic32mx_usb_sk3_int_dyn/production/_ext/692885480/usb_device_cdc.o
                0x9d004b30                _USB_DEVICE_CDC_Deinitialization

.text._DRV_USBFS_DEVICE_IRPQueueFlush
                0x9d004b9c       0x68
 .text._DRV_USBFS_DEVICE_IRPQueueFlush
                0x9d004b9c       0x68 build/pic32mx_usb_sk3_int_dyn/production/_ext/1585079243/drv_usbfs_device.o
                0x9d004b9c                _DRV_USBFS_DEVICE_IRPQueueFlush

.text.APP_Initialize
                0x9d004c04       0x60
 .text.APP_Initialize
                0x9d004c04       0x60 build/pic32mx_usb_sk3_int_dyn/production/_ext/1360937237/app.o
                0x9d004c04                APP_Initialize

.text.USB_DEVICE_EndpointEnable
                0x9d004c64       0x5c
 .text.USB_DEVICE_EndpointEnable
                0x9d004c64       0x5c build/pic32mx_usb_sk3_int_dyn/production/_ext/692885480/usb_device.o
                0x9d004c64                USB_DEVICE_EndpointEnable

.text.SYS_CLK_Initialize
                0x9d004cc0       0x58
 .text.SYS_CLK_Initialize
                0x9d004cc0       0x58 build/pic32mx_usb_sk3_int_dyn/production/_ext/1127802383/sys_clk_pic32mx.o
                0x9d004cc0                SYS_CLK_Initialize

.text.SYS_DEVCON_SystemUnlock
                0x9d004d18       0x58
 .text.SYS_DEVCON_SystemUnlock
                0x9d004d18       0x58 build/pic32mx_usb_sk3_int_dyn/production/_ext/820648822/sys_devcon.o
                0x9d004d18                SYS_DEVCON_SystemUnlock

.text.USB_DEVICE_EventHandlerSet
                0x9d004d70       0x58
 .text.USB_DEVICE_EventHandlerSet
                0x9d004d70       0x58 build/pic32mx_usb_sk3_int_dyn/production/_ext/692885480/usb_device.o
                0x9d004d70                USB_DEVICE_EventHandlerSet

.text.USB_DEVICE_IRPSubmit
                0x9d004dc8       0x58
 .text.USB_DEVICE_IRPSubmit
                0x9d004dc8       0x58 build/pic32mx_usb_sk3_int_dyn/production/_ext/692885480/usb_device.o
                0x9d004dc8                USB_DEVICE_IRPSubmit

.text.SYS_Tasks
                0x9d004e20       0x54
 .text.SYS_Tasks
                0x9d004e20       0x54 build/pic32mx_usb_sk3_int_dyn/production/_ext/713265640/system_tasks.o
                0x9d004e20                SYS_Tasks

.text.SYS_INT_SourceDisable
                0x9d004e74       0x54
 .text.SYS_INT_SourceDisable
                0x9d004e74       0x54 build/pic32mx_usb_sk3_int_dyn/production/_ext/711155467/sys_int_pic32.o
                0x9d004e74                SYS_INT_SourceDisable

.text.main_entry
                0x9d004ec8       0x54
 .text.main_entry
                0x9d004ec8       0x54 C:\Users\Polina\AppData\Local\Temp\ccy06PoD.o
                0x9d004efc                __crt0_exit

.text.BSP_SwitchStateGet
                0x9d004f1c       0x50
 .text.BSP_SwitchStateGet
                0x9d004f1c       0x50 build/pic32mx_usb_sk3_int_dyn/production/_ext/959396248/bsp.o
                0x9d004f1c                BSP_SwitchStateGet

.text.DRV_USART_WriteByte
                0x9d004f6c       0x50
 .text.DRV_USART_WriteByte
                0x9d004f6c       0x50 build/pic32mx_usb_sk3_int_dyn/production/_ext/1927798604/drv_usart_byte_model.o
                0x9d004f6c                DRV_USART_WriteByte

.text.USB_DEVICE_Detach
                0x9d004fbc       0x50
 .text.USB_DEVICE_Detach
                0x9d004fbc       0x50 build/pic32mx_usb_sk3_int_dyn/production/_ext/692885480/usb_device.o
                0x9d004fbc                USB_DEVICE_Detach

.text.DRV_USBFS_DEVICE_Detach
                0x9d00500c       0x4c
 .text.DRV_USBFS_DEVICE_Detach
                0x9d00500c       0x4c build/pic32mx_usb_sk3_int_dyn/production/_ext/1585079243/drv_usbfs_device.o
                0x9d00500c                DRV_USBFS_DEVICE_Detach

.text.DRV_USBFS_DEVICE_EndpointIsEnabled
                0x9d005058       0x4c
 .text.DRV_USBFS_DEVICE_EndpointIsEnabled
                0x9d005058       0x4c build/pic32mx_usb_sk3_int_dyn/production/_ext/1585079243/drv_usbfs_device.o
                0x9d005058                DRV_USBFS_DEVICE_EndpointIsEnabled

.text.DRV_USBFS_DEVICE_EndpointIsStalled
                0x9d0050a4       0x4c
 .text.DRV_USBFS_DEVICE_EndpointIsStalled
                0x9d0050a4       0x4c build/pic32mx_usb_sk3_int_dyn/production/_ext/1585079243/drv_usbfs_device.o
                0x9d0050a4                DRV_USBFS_DEVICE_EndpointIsStalled

.text.USB_DEVICE_Open
                0x9d0050f0       0x4c
 .text.USB_DEVICE_Open