
Optional file libmchp_peripheral.a not found

Optional file libmchp_peripheral_32MX795F512L.a not found
Archive member included because of file (symbol)

/Applications/microchip/xc32/v2.30/bin/bin/../../lib/gcc/pic32mx/4.8.3/../../../../pic32mx/lib/libpic32.a(memcpy.o)
                              build/pic32mx_usb_sk2_int_dyn/production/_ext/692885480/usb_device.o (memcpy)
/Applications/microchip/xc32/v2.30/bin/bin/../../lib/gcc/pic32mx/4.8.3/../../../../pic32mx/lib/libpic32.a(default-bootstrap-exception-handler.o)
                              /var/folders/xs/yphy11l578b0c8jn0fh1f2n80000gn/T//ccpQ7uiu.o (_bootstrap_exception_handler)
/Applications/microchip/xc32/v2.30/bin/bin/../../lib/gcc/pic32mx/4.8.3/../../../../pic32mx/lib/libpic32.a(default-on-reset.o)
                              /var/folders/xs/yphy11l578b0c8jn0fh1f2n80000gn/T//ccpQ7uiu.o (_on_reset)
/Applications/microchip/xc32/v2.30/bin/bin/../../lib/gcc/pic32mx/4.8.3/../../../../pic32mx/lib/libpic32.a(default-on-bootstrap.o)
                              /var/folders/xs/yphy11l578b0c8jn0fh1f2n80000gn/T//ccpQ7uiu.o (_on_bootstrap)
/Applications/microchip/xc32/v2.30/bin/bin/../../lib/gcc/pic32mx/4.8.3/../../../../pic32mx/lib/libpic32.a(default-nmi-handler.o)
                              /var/folders/xs/yphy11l578b0c8jn0fh1f2n80000gn/T//ccpQ7uiu.o (_nmi_handler)
/Applications/microchip/xc32/v2.30/bin/bin/../../lib/gcc/pic32mx/4.8.3/../../../../pic32mx/lib/libpic32.a(pic32_data_init.o)
                              /var/folders/xs/yphy11l578b0c8jn0fh1f2n80000gn/T//ccpQ7uiu.o (__pic32_data_init)
/Applications/microchip/xc32/v2.30/bin/bin/../../lib/gcc/pic32mx/4.8.3/../../../../pic32mx/lib/libpic32.a(general-exception.o)
                              /var/folders/xs/yphy11l578b0c8jn0fh1f2n80000gn/T//ccpQ7uiu.o (_general_exception_context)
/Applications/microchip/xc32/v2.30/bin/bin/../../lib/gcc/pic32mx/4.8.3/../../../../pic32mx/lib/libpic32.a(vector0.o)
                              /var/folders/xs/yphy11l578b0c8jn0fh1f2n80000gn/T//ccGNOywz.o (__vector_dispatch_0)
/Applications/microchip/xc32/v2.30/bin/bin/../../lib/gcc/pic32mx/4.8.3/../../../../pic32mx/lib/libpic32.a(vector1.o)
                              /var/folders/xs/yphy11l578b0c8jn0fh1f2n80000gn/T//ccGNOywz.o (__vector_dispatch_1)
/Applications/microchip/xc32/v2.30/bin/bin/../../lib/gcc/pic32mx/4.8.3/../../../../pic32mx/lib/libpic32.a(vector2.o)
                              /var/folders/xs/yphy11l578b0c8jn0fh1f2n80000gn/T//ccGNOywz.o (__vector_dispatch_2)
/Applications/microchip/xc32/v2.30/bin/bin/../../lib/gcc/pic32mx/4.8.3/../../../../pic32mx/lib/libpic32.a(vector3.o)
                              /var/folders/xs/yphy11l578b0c8jn0fh1f2n80000gn/T//ccGNOywz.o (__vector_dispatch_3)
/Applications/microchip/xc32/v2.30/bin/bin/../../lib/gcc/pic32mx/4.8.3/../../../../pic32mx/lib/libpic32.a(vector4.o)
                              /var/folders/xs/yphy11l578b0c8jn0fh1f2n80000gn/T//ccGNOywz.o (__vector_dispatch_4)
/Applications/microchip/xc32/v2.30/bin/bin/../../lib/gcc/pic32mx/4.8.3/../../../../pic32mx/lib/libpic32.a(vector5.o)
                              /var/folders/xs/yphy11l578b0c8jn0fh1f2n80000gn/T//ccGNOywz.o (__vector_dispatch_5)
/Applications/microchip/xc32/v2.30/bin/bin/../../lib/gcc/pic32mx/4.8.3/../../../../pic32mx/lib/libpic32.a(vector6.o)
                              /var/folders/xs/yphy11l578b0c8jn0fh1f2n80000gn/T//ccGNOywz.o (__vector_dispatch_6)
/Applications/microchip/xc32/v2.30/bin/bin/../../lib/gcc/pic32mx/4.8.3/../../../../pic32mx/lib/libpic32.a(vector7.o)
                              /var/folders/xs/yphy11l578b0c8jn0fh1f2n80000gn/T//ccGNOywz.o (__vector_dispatch_7)
/Applications/microchip/xc32/v2.30/bin/bin/../../lib/gcc/pic32mx/4.8.3/../../../../pic32mx/lib/libpic32.a(vector8.o)
                              /var/folders/xs/yphy11l578b0c8jn0fh1f2n80000gn/T//ccGNOywz.o (__vector_dispatch_8)
/Applications/microchip/xc32/v2.30/bin/bin/../../lib/gcc/pic32mx/4.8.3/../../../../pic32mx/lib/libpic32.a(vector9.o)
                              /var/folders/xs/yphy11l578b0c8jn0fh1f2n80000gn/T//ccGNOywz.o (__vector_dispatch_9)
/Applications/microchip/xc32/v2.30/bin/bin/../../lib/gcc/pic32mx/4.8.3/../../../../pic32mx/lib/libpic32.a(vector10.o)
                              /var/folders/xs/yphy11l578b0c8jn0fh1f2n80000gn/T//ccGNOywz.o (__vector_dispatch_10)
/Applications/microchip/xc32/v2.30/bin/bin/../../lib/gcc/pic32mx/4.8.3/../../../../pic32mx/lib/libpic32.a(vector11.o)
                              /var/folders/xs/yphy11l578b0c8jn0fh1f2n80000gn/T//ccGNOywz.o (__vector_dispatch_11)
/Applications/microchip/xc32/v2.30/bin/bin/../../lib/gcc/pic32mx/4.8.3/../../../../pic32mx/lib/libpic32.a(vector12.o)
                              /var/folders/xs/yphy11l578b0c8jn0fh1f2n80000gn/T//ccGNOywz.o (__vector_dispatch_12)
/Applications/microchip/xc32/v2.30/bin/bin/../../lib/gcc/pic32mx/4.8.3/../../../../pic32mx/lib/libpic32.a(vector13.o)
[...]
Memory Configuration

Name             Origin             Length             Attributes
kseg0_program_mem 0x9d000000         0x00080000         xr
kseg0_boot_mem   0x9fc00490         0x00000970
exception_mem    0x9fc01000         0x00001000
kseg1_boot_mem   0xbfc00000         0x00000490
debug_exec_mem   0xbfc02000         0x00000ff0
config3          0xbfc02ff0         0x00000004
config2          0xbfc02ff4         0x00000004
config1          0xbfc02ff8         0x00000004
config0          0xbfc02ffc         0x00000004
kseg1_data_mem   0xa0000000         0x00020000         w !x
sfrs             0xbf800000         0x00100000
configsfrs       0xbfc02ff0         0x00000010
*default*        0x00000000         0xffffffff

Linker script and memory map

LOAD /Applications/microchip/xc32/v2.30/bin/bin/../../lib/gcc/pic32mx/4.8.3/../../../../pic32mx/lib/debug-exception-return.o
LOAD build/pic32mx_usb_sk2_int_dyn/production/_ext/1252799255/bsp.o
LOAD build/pic32mx_usb_sk2_int_dyn/production/_ext/102310384/sys_clk_pic32mx.o
LOAD build/pic32mx_usb_sk2_int_dyn/production/_ext/1150414583/sys_devcon.o
LOAD build/pic32mx_usb_sk2_int_dyn/production/_ext/1150414583/sys_devcon_pic32mx.o
LOAD build/pic32mx_usb_sk2_int_dyn/production/_ext/1956551008/sys_ports_static.o
LOAD build/pic32mx_usb_sk2_int_dyn/production/_ext/1774247193/system_init.o
LOAD build/pic32mx_usb_sk2_int_dyn/production/_ext/1774247193/system_interrupt.o
LOAD build/pic32mx_usb_sk2_int_dyn/production/_ext/1774247193/system_exceptions.o
LOAD build/pic32mx_usb_sk2_int_dyn/production/_ext/1774247193/system_tasks.o
LOAD build/pic32mx_usb_sk2_int_dyn/production/_ext/1360937237/app.o
LOAD build/pic32mx_usb_sk2_int_dyn/production/_ext/1360937237/main.o
LOAD build/pic32mx_usb_sk2_int_dyn/production/_ext/1585079243/drv_usbfs.o
LOAD build/pic32mx_usb_sk2_int_dyn/production/_ext/1585079243/drv_usbfs_device.o
LOAD build/pic32mx_usb_sk2_int_dyn/production/_ext/711155467/sys_int_pic32.o
LOAD build/pic32mx_usb_sk2_int_dyn/production/_ext/692885480/usb_device.o
LOAD build/pic32mx_usb_sk2_int_dyn/production/_ext/692885480/usb_device_cdc.o
LOAD build/pic32mx_usb_sk2_int_dyn/production/_ext/692885480/usb_device_cdc_acm.o
LOAD ../../../../../../bin/framework/peripheral/PIC32MX795F512L_peripherals.a
LOAD ../../../../../../bin/framework/peripheral/PIC32MX360F512L_peripherals.a
                0x00000001                __MPLAB_BUILD = 0x1
                0x00000000                _min_heap_size = 0x0
LOAD /var/folders/xs/yphy11l578b0c8jn0fh1f2n80000gn/T//ccpQ7uiu.o
LOAD /var/folders/xs/yphy11l578b0c8jn0fh1f2n80000gn/T//ccvUNqs6.o
LOAD /var/folders/xs/yphy11l578b0c8jn0fh1f2n80000gn/T//ccGNOywz.o
LOAD /Applications/microchip/xc32/v2.30/bin/bin/../../lib/gcc/pic32mx/4.8.3/../../../../pic32mx/lib/./proc/32MX795F512L/default_isr_vectors.o
LOAD /Applications/microchip/xc32/v2.30/bin/bin/../../lib/gcc/pic32mx/4.8.3/../../../../pic32mx/lib/pic32_software_reset.o
                0x00000400                PROVIDE (_min_stack_size, 0x400)
START GROUP
LOAD /Applications/microchip/xc32/v2.30/bin/bin/../../lib/gcc/pic32mx/4.8.3/../../../../pic32mx/lib/./proc/32MX795F512L/processor.o
END GROUP
START GROUP
LOAD libmchp_peripheral.a
END GROUP
START GROUP
LOAD libmchp_peripheral_32MX795F512L.a
END GROUP
                0x00000001                PROVIDE (_vector_spacing, 0x1)
                0x9fc01000                PROVIDE (_ebase_address, 0x9fc01000)
                0xbfc00000                _RESET_ADDR = 0xbfc00000
                0xbfc00380                _BEV_EXCPT_ADDR = 0xbfc00380
                0xbfc00480                _DBG_EXCPT_ADDR = 0xbfc00480
                0xbfc02000                _DBG_CODE_ADDR = 0xbfc02000
                0x00000ff0                _DBG_CODE_SIZE = 0xff0
                0x9fc01180                _GEN_EXCPT_ADDR = (_ebase_address + 0x180)

.config_BFC02FF0
                0xbfc02ff0        0x4
 *(.config_BFC02FF0)
 .config_BFC02FF0
                0xbfc02ff0        0x4 build/pic32mx_usb_sk2_int_dyn/production/_ext/1774247193/system_init.o

.config_BFC02FF4
                0xbfc02ff4        0x4
 *(.config_BFC02FF4)
 .config_BFC02FF4
                0xbfc02ff4        0x4 build/pic32mx_usb_sk2_int_dyn/production/_ext/1774247193/system_init.o

.config_BFC02FF8
                0xbfc02ff8        0x4
 *(.config_BFC02FF8)
 .config_BFC02FF8
                0xbfc02ff8        0x4 build/pic32mx_usb_sk2_int_dyn/production/_ext/1774247193/system_init.o

.config_BFC02FFC
                0xbfc02ffc        0x4
 *(.config_BFC02FFC)
 .config_BFC02FFC
                0xbfc02ffc        0x4 build/pic32mx_usb_sk2_int_dyn/production/_ext/1774247193/system_init.o
                0xbfc02000                PROVIDE (_DBG_CODE_ADDR, 0xbfc02000)
                0x00000ff0                PROVIDE (_DBG_CODE_SIZE, 0xff0)

.reset          0xbfc00000      0x19c
 *(.reset)
 .reset         0xbfc00000        0x8 /var/folders/xs/yphy11l578b0c8jn0fh1f2n80000gn/T//ccpQ7uiu.o
                0xbfc00000                _reset
 *(.reset.startup)
 .reset.startup
                0xbfc00008      0x194 /var/folders/xs/yphy11l578b0c8jn0fh1f2n80000gn/T//ccpQ7uiu.o
                0xbfc00008                _startup

.bev_excpt      0xbfc00380       0x10
 *(.bev_handler)
 .bev_handler   0xbfc00380       0x10 /var/folders/xs/yphy11l578b0c8jn0fh1f2n80000gn/T//ccpQ7uiu.o

.dbg_excpt      0xbfc00480        0x0
                0xbfc00480                . = (. + DEFINED (_DEBUGGER)?0x8:0x0)

.dbg_code       0xbfc02000        0x0
                0xbfc02000                . = (. + DEFINED (_DEBUGGER)?_DBG_CODE_SIZE:0x0)

.app_excpt      0x9fc01180       0x10
 *(.gen_handler)
 .gen_handler   0x9fc01180       0x10 /var/folders/xs/yphy11l578b0c8jn0fh1f2n80000gn/T//ccpQ7uiu.o

.vector_0       0x9fc01200        0x8
 *(.vector_0)
 .vector_0      0x9fc01200        0x8 /Applications/microchip/xc32/v2.30/bin/bin/../../lib/gcc/pic32mx/4.8.3/../../../../pic32mx/lib/libpic32.a(vector0.o)
                0x9fc01200                __vector_dispatch_0
                0x00000001                ASSERT (((_vector_spacing == 0x0) || (SIZEOF (.vector_0) <= (_vector_spacing << 0x5))), function at exception vector 0 too large)

.vector_1       0x9fc01220        0x8
 *(.vector_1)
 .vector_1      0x9fc01220        0x8 /Applications/microchip/xc32/v2.30/bin/bin/../../lib/gcc/pic32mx/4.8.3/../../../../pic32mx/lib/libpic32.a(vector1.o)
                0x9fc01220                __vector_dispatch_1
                0x00000001                ASSERT (((_vector_spacing == 0x0) || (SIZEOF (.vector_1) <= (_vector_spacing << 0x5))), function at exception vector 1 too large)

.vector_2       0x9fc01240        0x8
 *(.vector_2)
 .vector_2      0x9fc01240        0x8 /Applications/microchip/xc32/v2.30/bin/bin/../../lib/gcc/pic32mx/4.8.3/../../../../pic32mx/lib/libpic32.a(vector2.o)
                0x9fc01240                __vector_dispatch_2
                0x00000001                ASSERT (((_vector_spacing == 0x0) || (SIZEOF (.vector_2) <= (_vector_spacing << 0x5))), function at exception vector 2 too large)

.vector_3       0x9fc01260        0x8
 *(.vector_3)
 .vector_3      0x9fc01260        0x8 /Applications/microchip/xc32/v2.30/bin/bin/../../lib/gcc/pic32mx/4.8.3/../../../../pic32mx/lib/libpic32.a(vector3.o)
                0x9fc01260                __vector_dispatch_3
                0x00000001                ASSERT (((_vector_spacing == 0x0) || (SIZEOF (.vector_3) <= (_vector_spacing << 0x5))), function at exception vector 3 too large)

.vector_4       0x9fc01280        0x8
 *(.vector_4)
 .vector_4      0x9fc01280        0x8 /Applications/microchip/xc32/v2.30/bin/bin/../../lib/gcc/pic32mx/4.8.3/../../../../pic32mx/lib/libpic32.a(vector4.o)
                0x9fc01280                __vector_dispatch_4
                0x00000001                ASSERT (((_vector_spacing == 0x0) || (SIZEOF (.vector_4) <= (_vector_spacing << 0x5))), function at exception vector 4 too large)

.vector_5       0x9fc012a0        0x8
 *(.vector_5)
 .vector_5      0x9fc012a0        0x8 /Applications/microchip/xc32/v2.30/bin/bin/../../lib/gcc/pic32mx/4.8.3/../../../../pic32mx/lib/libpic32.a(vector5.o)
                0x9fc012a0                __vector_dispatch_5
                0x00000001                ASSERT (((_vector_spacing == 0x0) || (SIZEOF (.vector_5) <= (_vector_spacing << 0x5))), function at exception vector 5 too large)

.vector_6       0x9fc012c0        0x8
 *(.vector_6)
 .vector_6      0x9fc012c0        0x8 /Applications/microchip/xc32/v2.30/bin/bin/../../lib/gcc/pic32mx/4.8.3/../../../../pic32mx/lib/libpic32.a(vector6.o)
                0x9fc012c0                __vector_dispatch_6
                0x00000001                ASSERT (((_vector_spacing == 0x0) || (SIZEOF (.vector_6) <= (_vector_spacing << 0x5))), function at exception vector 6 too large)

.vector_7       0x9fc012e0        0x8
 *(.vector_7)
 .vector_7      0x9fc012e0        0x8 /Applications/microchip/xc32/v2.30/bin/bin/../../lib/gcc/pic32mx/4.8.3/../../../../pic32mx/lib/libpic32.a(vector7.o)
                0x9fc012e0                __vector_dispatch_7
                0x00000001                ASSERT (((_vector_spacing == 0x0) || (SIZEOF (.vector_7) <= (_vector_spacing << 0x5))), function at exception vector 7 too large)

.vector_8       0x9fc01300        0x8
 *(.vector_8)
 .vector_8      0x9fc01300        0x8 /Applications/microchip/xc32/v2.30/bin/bin/../../lib/gcc/pic32mx/4.8.3/../../../../pic32mx/lib/libpic32.a(vector8.o)
                0x9fc01300                __vector_dispatch_8
                0x00000001                ASSERT (((_vector_spacing == 0x0) || (SIZEOF (.vector_8) <= (_vector_spacing << 0x5))), function at exception vector 8 too large)

.vector_9       0x9fc01320        0x8
 *(.vector_9)
 .vector_9      0x9fc01320        0x8 /Applications/microchip/xc32/v2.30/bin/bin/../../lib/gcc/pic32mx/4.8.3/../../../../pic32mx/lib/libpic32.a(vector9.o)
                0x9fc01320                __vector_dispatch_9
                0x00000001                ASSERT (((_vector_spacing == 0x0) || (SIZEOF (.vector_9) <= (_vector_spacing << 0x5))), function at exception vector 9 too large)

.vector_10      0x9fc01340        0x8
 *(.vector_10)
 .vector_10     0x9fc01340        0x8 /Applications/microchip/xc32/v2.30/bin/bin/../../lib/gcc/pic32mx/4.8.3/../../../../pic32mx/lib/libpic32.a(vector10.o)
                0x9fc01340                __vector_dispatch_10
                0x00000001                ASSERT (((_vector_spacing == 0x0) || (SIZEOF (.vector_10) <= (_vector_spacing << 0x5))), function at exception vector 10 too large)

.vector_11      0x9fc01360        0x8
 *(.vector_11)
 .vector_11     0x9fc01360        0x8 /Applications/microchip/xc32/v2.30/bin/bin/../../lib/gcc/pic32mx/4.8.3/../../../../pic32mx/lib/libpic32.a(vector11.o)
                0x9fc01360                __vector_dispatch_11
                0x00000001                ASSERT (((_vector_spacing == 0x0) || (SIZEOF (.vector_11) <= (_vector_spacing << 0x5))), function at exception vector 11 too large)

.vector_12      0x9fc01380        0x8
 *(.vector_12)
 .vector_12     0x9fc01380        0x8 /Applications/microchip/xc32/v2.30/bin/bin/../../lib/gcc/pic32mx/4.8.3/../../../../pic32mx/lib/libpic32.a(vector12.o)
                0x9fc01380                __vector_dispatch_12
                0x00000001                ASSERT (((_vector_spacing == 0x0) || (SIZEOF (.vector_12) <= (_vector_spacing << 0x5))), function at exception vector 12 too large)

.vector_13      0x9fc013a0        0x8
 *(.vector_13)
 .vector_13     0x9fc013a0        0x8 /Applications/microchip/xc32/v2.30/bin/bin/../../lib/gcc/pic32mx/4.8.3/../../../../pic32mx/lib/libpic32.a(vector13.o)
                0x9fc013a0                __vector_dispatch_13
                0x00000001                ASSERT (((_vector_spacing == 0x0) || (SIZEOF (.vector_13) <= (_vector_spacing << 0x5))), function at exception vector 13 too large)

.vector_14      0x9fc013c0        0x8
 *(.vector_14)
 .vector_14     0x9fc013c0        0x8 /Applications/microchip/xc32/v2.30/bin/bin/../../lib/gcc/pic32mx/4.8.3/../../../../pic32mx/lib/libpic32.a(vector14.o)
                0x9fc013c0                __vector_dispatch_14
                0x00000001                ASSERT (((_vector_spacing == 0x0) || (SIZEOF (.vector_14) <= (_vector_spacing << 0x5))), function at exception vector 14 too large)

.vector_15      0x9fc013e0        0x8
 *(.vector_15)
 .vector_15     0x9fc013e0        0x8 /Applications/microchip/xc32/v2.30/bin/bin/../../lib/gcc/pic32mx/4.8.3/../../../../pic32mx/lib/libpic32.a(vector15.o)
                0x9fc013e0                __vector_dispatch_15
                0x00000001                ASSERT (((_vector_spacing == 0x0) || (SIZEOF (.vector_15) <= (_vector_spacing << 0x5))), function at exception vector 15 too large)

.vector_16      0x9fc01400        0x8
 *(.vector_16)
 .vector_16     0x9fc01400        0x8 /Applications/microchip/xc32/v2.30/bin/bin/../../lib/gcc/pic32mx/4.8.3/../../../../pic32mx/lib/libpic32.a(vector16.o)
                0x9fc01400                __vector_dispatch_16
                0x00000001                ASSERT (((_vector_spacing == 0x0) || (SIZEOF (.vector_16) <= (_vector_spacing << 0x5))), function at exception vector 16 too large)

.vector_17      0x9fc01420        0x8
 *(.vector_17)
 .vector_17     0x9fc01420        0x8 /Applications/microchip/xc32/v2.30/bin/bin/../../lib/gcc/pic32mx/4.8.3/../../../../pic32mx/lib/libpic32.a(vector17.o)
                0x9fc01420                __vector_dispatch_17
                0x00000001                ASSERT (((_vector_spacing == 0x0) || (SIZEOF (.vector_17) <= (_vector_spacing << 0x5))), function at exception vector 17 too large)

.vector_18      0x9fc01440        0x8
 *(.vector_18)
 .vector_18     0x9fc01440        0x8 /Applications/microchip/xc32/v2.30/bin/bin/../../lib/gcc/pic32mx/4.8.3/../../../../pic32mx/lib/libpic32.a(vector18.o)
                0x9fc01440                __vector_dispatch_18
                0x00000001                ASSERT (((_vector_spacing == 0x0) || (SIZEOF (.vector_18) <= (_vector_spacing << 0x5))), function at exception vector 18 too large)

.vector_19      0x9fc01460        0x8
 *(.vector_19)
 .vector_19     0x9fc01460        0x8 /Applications/microchip/xc32/v2.30/bin/bin/../../lib/gcc/pic32mx/4.8.3/../../../../pic32mx/lib/libpic32.a(vector19.o)
                0x9fc01460                __vector_dispatch_19
                0x00000001                ASSERT (((_vector_spacing == 0x0) || (SIZEOF (.vector_19) <= (_vector_spacing << 0x5))), function at exception vector 19 too large)

.vector_20      0x9fc01480        0x8
 *(.vector_20)
 .vector_20     0x9fc01480        0x8 /Applications/microchip/xc32/v2.30/bin/bin/../../lib/gcc/pic32mx/4.8.3/../../../../pic32mx/lib/libpic32.a(vector20.o)
                0x9fc01480                __vector_dispatch_20
                0x00000001                ASSERT (((_vector_spacing == 0x0) || (SIZEOF (.vector_20) <= (_vector_spacing << 0x5))), function at exception vector 20 too large)

.vector_21      0x9fc014a0        0x8
 *(.vector_21)
 .vector_21     0x9fc014a0        0x8 /Applications/microchip/xc32/v2.30/bin/bin/../../lib/gcc/pic32mx/4.8.3/../../../../pic32mx/lib/libpic32.a(vector21.o)
                0x9fc014a0                __vector_dispatch_21
                0x00000001                ASSERT (((_vector_spacing == 0x0) || (SIZEOF (.vector_21) <= (_vector_spacing << 0x5))), function at exception vector 21 too large)

.vector_22      0x9fc014c0        0x8
 *(.vector_22)
 .vector_22     0x9fc014c0        0x8 /Applications/microchip/xc32/v2.30/bin/bin/../../lib/gcc/pic32mx/4.8.3/../../../../pic32mx/lib/libpic32.a(vector22.o)
                0x9fc014c0                __vector_dispatch_22
                0x00000001                ASSERT (((_vector_spacing == 0x0) || (SIZEOF (.vector_22) <= (_vector_spacing << 0x5))), function at exception vector 22 too large)

.vector_23      0x9fc014e0        0x8
 *(.vector_23)
 .vector_23     0x9fc014e0        0x8 /Applications/microchip/xc32/v2.30/bin/bin/../../lib/gcc/pic32mx/4.8.3/../../../../pic32mx/lib/libpic32.a(vector23.o)
                0x9fc014e0                __vector_dispatch_23
                0x00000001                ASSERT (((_vector_spacing == 0x0) || (SIZEOF (.vector_23) <= (_vector_spacing << 0x5))), function at exception vector 23 too large)

.vector_24      0x9fc01500        0x8
 *(.vector_24)
 .vector_24     0x9fc01500        0x8 /Applications/microchip/xc32/v2.30/bin/bin/../../lib/gcc/pic32mx/4.8.3/../../../../pic32mx/lib/libpic32.a(vector24.o)
                0x9fc01500                __vector_dispatch_24
                0x00000001                ASSERT (((_vector_spacing == 0x0) || (SIZEOF (.vector_24) <= (_vector_spacing << 0x5))), function at exception vector 24 too large)

.vector_25      0x9fc01520        0x8
 *(.vector_25)
 .vector_25     0x9fc01520        0x8 /Applications/microchip/xc32/v2.30/bin/bin/../../lib/gcc/pic32mx/4.8.3/../../../../pic32mx/lib/libpic32.a(vector25.o)
                0x9fc01520                __vector_dispatch_25
                0x00000001                ASSERT (((_vector_spacing == 0x0) || (SIZEOF (.vector_25) <= (_vector_spacing << 0x5))), function at exception vector 25 too large)

.vector_26      0x9fc01540        0x8
 *(.vector_26)
 .vector_26     0x9fc01540        0x8 /Applications/microchip/xc32/v2.30/bin/bin/../../lib/gcc/pic32mx/4.8.3/../../../../pic32mx/lib/libpic32.a(vector26.o)
                0x9fc01540                __vector_dispatch_26
                0x00000001                ASSERT (((_vector_spacing == 0x0) || (SIZEOF (.vector_26) <= (_vector_spacing << 0x5))), function at exception vector 26 too large)

.vector_27      0x9fc01560        0x8
 *(.vector_27)
 .vector_27     0x9fc01560        0x8 /Applications/microchip/xc32/v2.30/bin/bin/../../lib/gcc/pic32mx/4.8.3/../../../../pic32mx/lib/libpic32.a(vector27.o)
                0x9fc01560                __vector_dispatch_27
                0x00000001                ASSERT (((_vector_spacing == 0x0) || (SIZEOF (.vector_27) <= (_vector_spacing << 0x5))), function at exception vector 27 too large)

.vector_28      0x9fc01580        0x8
 *(.vector_28)
 .vector_28     0x9fc01580        0x8 /Applications/microchip/xc32/v2.30/bin/bin/../../lib/gcc/pic32mx/4.8.3/../../../../pic32mx/lib/libpic32.a(vector28.o)
                0x9fc01580                __vector_dispatch_28
                0x00000001                ASSERT (((_vector_spacing == 0x0) || (SIZEOF (.vector_28) <= (_vector_spacing << 0x5))), function at exception vector 28 too large)

.vector_29      0x9fc015a0        0x8
 *(.vector_29)
 .vector_29     0x9fc015a0        0x8 /Applications/microchip/xc32/v2.30/bin/bin/../../lib/gcc/pic32mx/4.8.3/../../../../pic32mx/lib/libpic32.a(vector29.o)
                0x9fc015a0                __vector_dispatch_29
                0x00000001                ASSERT (((_vector_spacing == 0x0) || (SIZEOF (.vector_29) <= (_vector_spacing << 0x5))), function at exception vector 29 too large)

.vector_30      0x9fc015c0        0x8
 *(.vector_30)
 .vector_30     0x9fc015c0        0x8 /Applications/microchip/xc32/v2.30/bin/bin/../../lib/gcc/pic32mx/4.8.3/../../../../pic32mx/lib/libpic32.a(vector30.o)
                0x9fc015c0                __vector_dispatch_30
                0x00000001                ASSERT (((_vector_spacing == 0x0) || (SIZEOF (.vector_30) <= (_vector_spacing << 0x5))), function at exception vector 30 too large)

.vector_31      0x9fc015e0        0x8
 *(.vector_31)
 .vector_31     0x9fc015e0        0x8 /Applications/microchip/xc32/v2.30/bin/bin/../../lib/gcc/pic32mx/4.8.3/../../../../pic32mx/lib/libpic32.a(vector31.o)
                0x9fc015e0                __vector_dispatch_31
                0x00000001                ASSERT (((_vector_spacing == 0x0) || (SIZEOF (.vector_31) <= (_vector_spacing << 0x5))), function at exception vector 31 too large)

.vector_32      0x9fc01600        0x8
 *(.vector_32)
 .vector_32     0x9fc01600        0x8 /Applications/microchip/xc32/v2.30/bin/bin/../../lib/gcc/pic32mx/4.8.3/../../../../pic32mx/lib/libpic32.a(vector32.o)
                0x9fc01600                __vector_dispatch_32
                0x00000001                ASSERT (((_vector_spacing == 0x0) || (SIZEOF (.vector_32) <= (_vector_spacing << 0x5))), function at exception vector 32 too large)

.vector_33      0x9fc01620        0x8
 *(.vector_33)
 .vector_33     0x9fc01620        0x8 /Applications/microchip/xc32/v2.30/bin/bin/../../lib/gcc/pic32mx/4.8.3/../../../../pic32mx/lib/libpic32.a(vector33.o)
                0x9fc01620                __vector_dispatch_33
                0x00000001                ASSERT (((_vector_spacing == 0x0) || (SIZEOF (.vector_33) <= (_vector_spacing << 0x5))), function at exception vector 33 too large)

.vector_34      0x9fc01640        0x8
 *(.vector_34)
 .vector_34     0x9fc01640        0x8 /Applications/microchip/xc32/v2.30/bin/bin/../../lib/gcc/pic32mx/4.8.3/../../../../pic32mx/lib/libpic32.a(vector34.o)
                0x9fc01640                __vector_dispatch_34
                0x00000001                ASSERT (((_vector_spacing == 0x0) || (SIZEOF (.vector_34) <= (_vector_spacing << 0x5))), function at exception vector 34 too large)

.vector_35      0x9fc01660        0x8
 *(.vector_35)
 .vector_35     0x9fc01660        0x8 /Applications/microchip/xc32/v2.30/bin/bin/../../lib/gcc/pic32mx/4.8.3/../../../../pic32mx/lib/libpic32.a(vector35.o)
                0x9fc01660                __vector_dispatch_35
                0x00000001                ASSERT (((_vector_spacing == 0x0) || (SIZEOF (.vector_35) <= (_vector_spacing << 0x5))), function at exception vector 35 too large)

.vector_36      0x9fc01680        0x8
 *(.vector_36)
 .vector_36     0x9fc01680        0x8 /Applications/microchip/xc32/v2.30/bin/bin/../../lib/gcc/pic32mx/4.8.3/../../../../pic32mx/lib/libpic32.a(vector36.o)
                0x9fc01680                __vector_dispatch_36
                0x00000001                ASSERT (((_vector_spacing == 0x0) || (SIZEOF (.vector_36) <= (_vector_spacing << 0x5))), function at exception vector 36 too large)

.vector_37      0x9fc016a0        0x8
 *(.vector_37)
 .vector_37     0x9fc016a0        0x8 /Applications/microchip/xc32/v2.30/bin/bin/../../lib/gcc/pic32mx/4.8.3/../../../../pic32mx/lib/libpic32.a(vector37.o)
                0x9fc016a0                __vector_dispatch_37
                0x00000001                ASSERT (((_vector_spacing == 0x0) || (SIZEOF (.vector_37) <= (_vector_spacing << 0x5))), function at exception vector 37 too large)

.vector_38      0x9fc016c0        0x8
 *(.vector_38)
 .vector_38     0x9fc016c0        0x8 /Applications/microchip/xc32/v2.30/bin/bin/../../lib/gcc/pic32mx/4.8.3/../../../../pic32mx/lib/libpic32.a(vector38.o)
                0x9fc016c0                __vector_dispatch_38
                0x00000001                ASSERT (((_vector_spacing == 0x0) || (SIZEOF (.vector_38) <= (_vector_spacing << 0x5))), function at exception vector 38 too large)

.vector_39      0x9fc016e0        0x8
 *(.vector_39)
 .vector_39     0x9fc016e0        0x8 /Applications/microchip/xc32/v2.30/bin/bin/../../lib/gcc/pic32mx/4.8.3/../../../../pic32mx/lib/libpic32.a(vector39.o)
                0x9fc016e0                __vector_dispatch_39
                0x00000001                ASSERT (((_vector_spacing == 0x0) || (SIZEOF (.vector_39) <= (_vector_spacing << 0x5))), function at exception vector 39 too large)

.vector_40      0x9fc01700        0x8
 *(.vector_40)
 .vector_40     0x9fc01700        0x8 /Applications/microchip/xc32/v2.30/bin/bin/../../lib/gcc/pic32mx/4.8.3/../../../../pic32mx/lib/libpic32.a(vector40.o)
                0x9fc01700                __vector_dispatch_40
                0x00000001                ASSERT (((_vector_spacing == 0x0) || (SIZEOF (.vector_40) <= (_vector_spacing << 0x5))), function at exception vector 40 too large)

.vector_41      0x9fc01720        0x8
 *(.vector_41)
 .vector_41     0x9fc01720        0x8 /Applications/microchip/xc32/v2.30/bin/bin/../../lib/gcc/pic32mx/4.8.3/../../../../pic32mx/lib/libpic32.a(vector41.o)
                0x9fc01720                __vector_dispatch_41
                0x00000001                ASSERT (((_vector_spacing == 0x0) || (SIZEOF (.vector_41) <= (_vector_spacing << 0x5))), function at exception vector 41 too large)

.vector_42      0x9fc01740        0x8
 *(.vector_42)
 .vector_42     0x9fc01740        0x8 /Applications/microchip/xc32/v2.30/bin/bin/../../lib/gcc/pic32mx/4.8.3/../../../../pic32mx/lib/libpic32.a(vector42.o)
                0x9fc01740                __vector_dispatch_42
                0x00000001                ASSERT (((_vector_spacing == 0x0) || (SIZEOF (.vector_42) <= (_vector_spacing << 0x5))), function at exception vector 42 too large)

.vector_43      0x9fc01760        0x8
 *(.vector_43)
 .vector_43     0x9fc01760        0x8 /Applications/microchip/xc32/v2.30/bin/bin/../../lib/gcc/pic32mx/4.8.3/../../../../pic32mx/lib/libpic32.a(vector43.o)
                0x9fc01760                __vector_dispatch_43
                0x00000001                ASSERT (((_vector_spacing == 0x0) || (SIZEOF (.vector_43) <= (_vector_spacing << 0x5))), function at exception vector 43 too large)

.vector_44      0x9fc01780        0x8
 *(.vector_44)
 .vector_44     0x9fc01780        0x8 /Applications/microchip/xc32/v2.30/bin/bin/../../lib/gcc/pic32mx/4.8.3/../../../../pic32mx/lib/libpic32.a(vector44.o)
                0x9fc01780                __vector_dispatch_44
                0x00000001                ASSERT (((_vector_spacing == 0x0) || (SIZEOF (.vector_44) <= (_vector_spacing << 0x5))), function at exception vector 44 too large)

.vector_45      0x9fc017a0        0x8
 *(.vector_45)
 .vector_45     0x9fc017a0        0x8 build/pic32mx_usb_sk2_int_dyn/production/_ext/1774247193/system_interrupt.o
                0x9fc017a0                __vector_dispatch_45
                0x00000001                ASSERT (((_vector_spacing == 0x0) || (SIZEOF (.vector_45) <= (_vector_spacing << 0x5))), function at exception vector 45 too large)

.vector_46      0x9fc017c0        0x8
 *(.vector_46)
 .vector_46     0x9fc017c0        0x8 /Applications/microchip/xc32/v2.30/bin/bin/../../lib/gcc/pic32mx/4.8.3/../../../../pic32mx/lib/libpic32.a(vector46.o)
                0x9fc017c0                __vector_dispatch_46
                0x00000001                ASSERT (((_vector_spacing == 0x0) || (SIZEOF (.vector_46) <= (_vector_spacing << 0x5))), function at exception vector 46 too large)

.vector_47      0x9fc017e0        0x8
 *(.vector_47)
 .vector_47     0x9fc017e0        0x8 /Applications/microchip/xc32/v2.30/bin/bin/../../lib/gcc/pic32mx/4.8.3/../../../../pic32mx/lib/libpic32.a(vector47.o)
                0x9fc017e0                __vector_dispatch_47
                0x00000001                ASSERT (((_vector_spacing == 0x0) || (SIZEOF (.vector_47) <= (_vector_spacing << 0x5))), function at exception vector 47 too large)

.vector_48      0x9fc01800        0x8
 *(.vector_48)
 .vector_48     0x9fc01800        0x8 /Applications/microchip/xc32/v2.30/bin/bin/../../lib/gcc/pic32mx/4.8.3/../../../../pic32mx/lib/libpic32.a(vector48.o)
                0x9fc01800                __vector_dispatch_48
                0x00000001                ASSERT (((_vector_spacing == 0x0) || (SIZEOF (.vector_48) <= (_vector_spacing << 0x5))), function at exception vector 48 too large)

.vector_49      0x9fc01820        0x8
 *(.vector_49)
 .vector_49     0x9fc01820        0x8 /Applications/microchip/xc32/v2.30/bin/bin/../../lib/gcc/pic32mx/4.8.3/../../../../pic32mx/lib/libpic32.a(vector49.o)
                0x9fc01820                __vector_dispatch_49
                0x00000001                ASSERT (((_vector_spacing == 0x0) || (SIZEOF (.vector_49) <= (_vector_spacing << 0x5))), function at exception vector 49 too large)

.vector_50      0x9fc01840        0x8
 *(.vector_50)
 .vector_50     0x9fc01840        0x8 /Applications/microchip/xc32/v2.30/bin/bin/../../lib/gcc/pic32mx/4.8.3/../../../../pic32mx/lib/libpic32.a(vector50.o)
                0x9fc01840                __vector_dispatch_50
                0x00000001                ASSERT (((_vector_spacing == 0x0) || (SIZEOF (.vector_50) <= (_vector_spacing << 0x5))), function at exception vector 50 too large)

.vector_51      0x9fc01860        0x8
 *(.vector_51)
 .vector_51     0x9fc01860        0x8 /Applications/microchip/xc32/v2.30/bin/bin/../../lib/gcc/pic32mx/4.8.3/../../../../pic32mx/lib/libpic32.a(vector51.o)
                0x9fc01860                __vector_dispatch_51
                0x00000001                ASSERT (((_vector_spacing == 0x0) || (SIZEOF (.vector_51) <= (_vector_spacing << 0x5))), function at exception vector 51 too large)

.vector_52      0x9fc01880        0x0
 *(.vector_52)
                0x00000001                ASSERT (((_vector_spacing == 0x0) || (SIZEOF (.vector_52) <= (_vector_spacing << 0x5))), function at exception vector 52 too large)

.vector_53      0x9fc018a0        0x0
 *(.vector_53)
                0x00000001                ASSERT (((_vector_spacing == 0x0) || (SIZEOF (.vector_53) <= (_vector_spacing << 0x5))), function at exception vector 53 too large)

.vector_54      0x9fc018c0        0x0
 *(.vector_54)
                0x00000001                ASSERT (((_vector_spacing == 0x0) || (SIZEOF (.vector_54) <= (_vector_spacing << 0x5))), function at exception vector 54 too large)

.vector_55      0x9fc018e0        0x0
 *(.vector_55)
                0x00000001                ASSERT (((_vector_spacing == 0x0) || (SIZEOF (.vector_55) <= (_vector_spacing << 0x5))), function at exception vector 55 too large)

.vector_56      0x9fc01900        0x0
 *(.vector_56)
                0x00000001                ASSERT (((_vector_spacing == 0x0) || (SIZEOF (.vector_56) <= (_vector_spacing << 0x5))), function at exception vector 56 too large)

.vector_57      0x9fc01920        0x0
 *(.vector_57)
                0x00000001                ASSERT (((_vector_spacing == 0x0) || (SIZEOF (.vector_57) <= (_vector_spacing << 0x5))), function at exception vector 57 too large)

.vector_58      0x9fc01940        0x0
 *(.vector_58)
                0x00000001                ASSERT (((_vector_spacing == 0x0) || (SIZEOF (.vector_58) <= (_vector_spacing << 0x5))), function at exception vector 58 too large)

.vector_59      0x9fc01960        0x0
 *(.vector_59)
                0x00000001                ASSERT (((_vector_spacing == 0x0) || (SIZEOF (.vector_59) <= (_vector_spacing << 0x5))), function at exception vector 59 too large)

.vector_60      0x9fc01980        0x0
 *(.vector_60)
                0x00000001                ASSERT (((_vector_spacing == 0x0) || (SIZEOF (.vector_60) <= (_vector_spacing << 0x5))), function at exception vector 60 too large)

.vector_61      0x9fc019a0        0x0
 *(.vector_61)
                0x00000001                ASSERT (((_vector_spacing == 0x0) || (SIZEOF (.vector_61) <= (_vector_spacing << 0x5))), function at exception vector 61 too large)

.vector_62      0x9fc019c0        0x0
 *(.vector_62)
                0x00000001                ASSERT (((_vector_spacing == 0x0) || (SIZEOF (.vector_62) <= (_vector_spacing << 0x5))), function at exception vector 62 too large)

.vector_63      0x9fc019e0        0x0
 *(.vector_63)
                0x00000001                ASSERT (((_vector_spacing == 0x0) || (SIZEOF (.vector_63) <= (_vector_spacing << 0x5))), function at exception vector 63 too large)

.startup
 *(.startup)

.text           0x9d000000        0x0
 *(.stub .gnu.linkonce.t.*)
 *(.text.*personality*)
 *(.mips16.fn.*)
 *(.mips16.call.*)
 *(.gnu.warning)
                0x9d000000                . = ALIGN (0x4)

.init           0x9d000000        0x0
 *crti.o(.init)
 *crtbegin.o(.init)
 *(EXCLUDE_FILE(*crtn.o *crtend?.o *crtend.o) .init)
 *crtend.o(.init)
 *crtn.o(.init)
                0x9d000000                . = ALIGN (0x4)

.fini           0x9d000000        0x0
 *(.fini)
                0x9d000000                . = ALIGN (0x4)

.preinit_array  0x9d000000        0x0
                0x9d000000                PROVIDE (__preinit_array_start, .)
 *(.preinit_array)
                0x9d000000                PROVIDE (__preinit_array_end, .)
                0x9d000000                . = ALIGN (0x4)

.init_array     0x9d000000        0x0
                0x9d000000                PROVIDE (__init_array_start, .)
 *(SORT(.init_array.*))
 *(.init_array)
                0x9d000000                PROVIDE (__init_array_end, .)
                0x9d000000                . = ALIGN (0x4)

.fini_array     0x9d000000        0x0
                0x9d000000                PROVIDE (__fini_array_start, .)
 *(SORT(.fini_array.*))
 *(.fini_array)
                0x9d000000                PROVIDE (__fini_array_end, .)
                0x9d000000                . = ALIGN (0x4)

.ctors          0x9d000000        0x0
 *crtbegin.o(.ctors)
 *crtbegin?.o(.ctors)
 *(EXCLUDE_FILE(*crtend?.o *crtend.o) .ctors)
 *(SORT(.ctors.*))
 *(.ctors)
                0x9d000000                . = ALIGN (0x4)

.dtors          0x9d000000        0x0
 *crtbegin.o(.dtors)
 *crtbegin?.o(.dtors)
 *(EXCLUDE_FILE(*crtend?.o *crtend.o) .dtors)
 *(SORT(.dtors.*))
 *(.dtors)
                0x9d000000                . = ALIGN (0x4)

.rodata         0x9d000000        0x0
 *(.gnu.linkonce.r.*)
 *(.rodata1)
                0x9d000000                . = ALIGN (0x4)

.sdata2         0x9fc00490        0x0
 *(.sdata2 .sdata2.* .gnu.linkonce.s2.*)
                0x9fc00490                . = ALIGN (0x4)

.sbss2          0x9fc00490        0x0
 *(.sbss2 .sbss2.* .gnu.linkonce.sb2.*)
                0x9fc00490                . = ALIGN (0x4)

.eh_frame_hdr
 *(.eh_frame_hdr)
                0x9fc00490                . = ALIGN (0x4)

.eh_frame
 *(.eh_frame)
                0x9fc00490                . = ALIGN (0x4)

.gcc_except_table
 *(.gcc_except_table .gcc_except_table.*)
                0x9fc00490                . = ALIGN (0x4)

.dbg_data       0xa0000000        0x0
                0xa0000000                . = (. + DEFINED (_DEBUGGER)?0x200:0x0)

.jcr            0xa0000000        0x0
 *(.jcr)
                0xa0000000                . = ALIGN (0x4)

.eh_frame
 *(.eh_frame)
                0xa0000000                . = ALIGN (0x4)

.gcc_except_table
 *(.gcc_except_table .gcc_except_table.*)
                0xa0000000                . = ALIGN (0x4)

.persist        0xa0000000        0x0
                0xa0000000                _persist_begin = .
 *(.persist .persist.*)
 *(.pbss .pbss.*)
                0xa0000000                . = ALIGN (0x4)
                0xa0000000                _persist_end = .

.data           0xa0000000        0x0
 *(.gnu.linkonce.d.*)
 *(.data1)
                0xa0000000                . = ALIGN (0x4)
                0xa0000000                . = .
                0xa0007ff0                _gp = (ALIGN (0x10) + 0x7ff0)

.got            0xa0000000        0x0
 *(.got.plt)
 *(.got)
                0xa0000000                . = ALIGN (0x4)

.sdata          0xa0000000        0x0
                0xa0000000                _sdata_begin = .
 *(.sdata .sdata.* .gnu.linkonce.s.*)
                0xa0000000                . = ALIGN (0x4)
                0xa0000000                _sdata_end = .

.lit8
 *(.lit8)

.lit4
 *(.lit4)
                0xa0000000                . = ALIGN (0x4)
                0xa0000000                _data_end = .
                0xa0000000                _bss_begin = .

.sbss           0xa0000000       0x20
                0xa0000000                _sbss_begin = .
 *(.dynsbss)
 *(.sbss .sbss.* .gnu.linkonce.sb.*)
 .sbss          0xa0000000        0xc build/pic32mx_usb_sk2_int_dyn/production/_ext/1774247193/system_exceptions.o
 *(.scommon)
 .scommon       0xa000000c        0x8 build/pic32mx_usb_sk2_int_dyn/production/_ext/1150414583/sys_devcon.o
                0xa000000c                sysDevconObj
 .scommon       0xa0000014        0x8 build/pic32mx_usb_sk2_int_dyn/production/_ext/1774247193/system_init.o
                0xa0000014                sysObj
 .scommon       0xa000001c        0x2 build/pic32mx_usb_sk2_int_dyn/production/_ext/692885480/usb_device_cdc.o
                0xa000001c                gUSBDeviceCdcCommonDataObj
                0xa000001e                _sbss_end = .
                0xa0000020                . = ALIGN (0x4)
 *fill*         0xa000001e        0x2 

.bss            0xa0000200      0x24c
 *(.dynbss)
 *(COMMON)
 COMMON         0xa0000200       0x60 build/pic32mx_usb_sk2_int_dyn/production/_ext/1774247193/system_init.o
                0xa0000200                endPointTable
 COMMON         0xa0000260       0x78 build/pic32mx_usb_sk2_int_dyn/production/_ext/1360937237/app.o
                0xa0000260                readBuffer
                0xa00002a0                appData
 COMMON         0xa00002d8       0xc8 build/pic32mx_usb_sk2_int_dyn/production/_ext/1585079243/drv_usbfs.o
                0xa00002d8                gDrvUSBGroup
 COMMON         0xa00003a0       0xac build/pic32mx_usb_sk2_int_dyn/production/_ext/692885480/usb_device_cdc.o
                0xa00003a0                gUSBDeviceCDCInstance
                0xa00003e0                gUSBDeviceCDCIRP
                0xa000044c                . = ALIGN ((. != 0x0)?0x4:0x1)
                0xa000044c                . = ALIGN (0x4)
                0xa000044c                _end = .
                0xa000044c                _bss_end = .
                0x00020000                _bmxdudba_address = 0x20000
                0x00020000                _bmxdupba_address = 0x20000

/DISCARD/
 *(.pdr)
 *(.rel.dyn)
 *(.note.GNU-stack)
 *(.note.GNU-stack)
 *(.gnu_debuglink)
 *(.gnu.lto_*)
 *(.discard)

.gptab.sdata
 *(.gptab.data)
 *(.gptab.sdata)

.gptab.sbss
 *(.gptab.bss)
 *(.gptab.sbss)

.mdebug.abi32   0xa000044c        0x0
 *(.mdebug.abi32)
 .mdebug.abi32  0xa000044c        0x0 build/pic32mx_usb_sk2_int_dyn/production/_ext/1252799255/bsp.o
 .mdebug.abi32  0xa000044c        0x0 build/pic32mx_usb_sk2_int_dyn/production/_ext/102310384/sys_clk_pic32mx.o
 .mdebug.abi32  0xa000044c        0x0 build/pic32mx_usb_sk2_int_dyn/production/_ext/1150414583/sys_devcon.o
 .mdebug.abi32  0xa000044c        0x0 build/pic32mx_usb_sk2_int_dyn/production/_ext/1150414583/sys_devcon_pic32mx.o
 .mdebug.abi32  0xa000044c        0x0 build/pic32mx_usb_sk2_int_dyn/production/_ext/1956551008/sys_ports_static.o
 .mdebug.abi32  0xa000044c        0x0 build/pic32mx_usb_sk2_int_dyn/production/_ext/1774247193/system_init.o
 .mdebug.abi32  0xa000044c        0x0 build/pic32mx_usb_sk2_int_dyn/production/_ext/1774247193/system_interrupt.o
 .mdebug.abi32  0xa000044c        0x0 build/pic32mx_usb_sk2_int_dyn/production/_ext/1774247193/system_exceptions.o
 .mdebug.abi32  0xa000044c        0x0 build/pic32mx_usb_sk2_int_dyn/production/_ext/1774247193/system_tasks.o
 .mdebug.abi32  0xa000044c        0x0 build/pic32mx_usb_sk2_int_dyn/production/_ext/1360937237/app.o
 .mdebug.abi32  0xa000044c        0x0 build/pic32mx_usb_sk2_int_dyn/production/_ext/1360937237/main.o
 .mdebug.abi32  0xa000044c        0x0 build/pic32mx_usb_sk2_int_dyn/production/_ext/1585079243/drv_usbfs.o
 .mdebug.abi32  0xa000044c        0x0 build/pic32mx_usb_sk2_int_dyn/production/_ext/1585079243/drv_usbfs_device.o
 .mdebug.abi32  0xa000044c        0x0 build/pic32mx_usb_sk2_int_dyn/production/_ext/711155467/sys_int_pic32.o
 .mdebug.abi32  0xa000044c        0x0 build/pic32mx_usb_sk2_int_dyn/production/_ext/692885480/usb_device.o
 .mdebug.abi32  0xa000044c        0x0 build/pic32mx_usb_sk2_int_dyn/production/_ext/692885480/usb_device_cdc.o
 .mdebug.abi32  0xa000044c        0x0 build/pic32mx_usb_sk2_int_dyn/production/_ext/692885480/usb_device_cdc_acm.o
 .mdebug.abi32  0xa000044c        0x0 /Applications/microchip/xc32/v2.30/bin/bin/../../lib/gcc/pic32mx/4.8.3/../../../../pic32mx/lib/libpic32.a(default-bootstrap-exception-handler.o)
 .mdebug.abi32  0xa000044c        0x0 /Applications/microchip/xc32/v2.30/bin/bin/../../lib/gcc/pic32mx/4.8.3/../../../../pic32mx/lib/libpic32.a(default-on-reset.o)
 .mdebug.abi32  0xa000044c        0x0 /Applications/microchip/xc32/v2.30/bin/bin/../../lib/gcc/pic32mx/4.8.3/../../../../pic32mx/lib/libpic32.a(default-on-bootstrap.o)
 .mdebug.abi32  0xa000044c        0x0 /Applications/microchip/xc32/v2.30/bin/bin/../../lib/gcc/pic32mx/4.8.3/../../../../pic32mx/lib/libpic32.a(defaultinterrupt.o)

.mdebug.abiN32
 *(.mdebug.abiN32)

.mdebug.abi64
 *(.mdebug.abi64)

.mdebug.abiO64
 *(.mdebug.abiO64)

.mdebug.eabi32
 *(.mdebug.eabi32)

.mdebug.eabi64
 *(.mdebug.eabi64)

.gcc_compiled_long32
 *(.gcc_compiled_long32)

.gcc_compiled_long64
 *(.gcc_compiled_long64)

.stab
 *(.stab)

.stabstr
 *(.stabstr)

.stab.excl
 *(.stab.excl)

.stab.exclstr
 *(.stab.exclstr)

.stab.index
 *(.stab.index)

.stab.indexstr
 *(.stab.indexstr)

.comment        0x00000000       0x3c
 *(.comment)
 .comment       0x00000000       0x3c build/pic32mx_usb_sk2_int_dyn/production/_ext/1252799255/bsp.o
                                 0x3d (size before relaxing)
 .comment       0x00000000       0x3d build/pic32mx_usb_sk2_int_dyn/production/_ext/102310384/sys_clk_pic32mx.o
 .comment       0x00000000       0x3d build/pic32mx_usb_sk2_int_dyn/production/_ext/1150414583/sys_devcon.o
 .comment       0x00000000       0x3d build/pic32mx_usb_sk2_int_dyn/production/_ext/1150414583/sys_devcon_pic32mx.o
 .comment       0x00000000       0x3d build/pic32mx_usb_sk2_int_dyn/production/_ext/1956551008/sys_ports_static.o
 .comment       0x00000000       0x3d build/pic32mx_usb_sk2_int_dyn/production/_ext/1774247193/system_init.o
 .comment       0x00000000       0x3d build/pic32mx_usb_sk2_int_dyn/production/_ext/1774247193/system_interrupt.o
 .comment       0x00000000       0x3d build/pic32mx_usb_sk2_int_dyn/production/_ext/1774247193/system_exceptions.o
 .comment       0x00000000       0x3d build/pic32mx_usb_sk2_int_dyn/production/_ext/1774247193/system_tasks.o
 .comment       0x00000000       0x3d build/pic32mx_usb_sk2_int_dyn/production/_ext/1360937237/app.o
 .comment       0x00000000       0x3d build/pic32mx_usb_sk2_int_dyn/production/_ext/1360937237/main.o
 .comment       0x00000000       0x3d build/pic32mx_usb_sk2_int_dyn/production/_ext/1585079243/drv_usbfs.o
 .comment       0x00000000       0x3d build/pic32mx_usb_sk2_int_dyn/production/_ext/1585079243/drv_usbfs_device.o
 .comment       0x00000000       0x3d build/pic32mx_usb_sk2_int_dyn/production/_ext/711155467/sys_int_pic32.o
 .comment       0x00000000       0x3d build/pic32mx_usb_sk2_int_dyn/production/_ext/692885480/usb_device.o
 .comment       0x00000000       0x3d build/pic32mx_usb_sk2_int_dyn/production/_ext/692885480/usb_device_cdc.o
 .comment       0x00000000       0x3d build/pic32mx_usb_sk2_int_dyn/production/_ext/692885480/usb_device_cdc_acm.o
 .comment       0x00000000       0x3d /Applications/microchip/xc32/v2.30/bin/bin/../../lib/gcc/pic32mx/4.8.3/../../../../pic32mx/lib/libpic32.a(default-bootstrap-exception-handler.o)
 .comment       0x00000000       0x3d /Applications/microchip/xc32/v2.30/bin/bin/../../lib/gcc/pic32mx/4.8.3/../../../../pic32mx/lib/libpic32.a(default-on-reset.o)
 .comment       0x00000000       0x3d /Applications/microchip/xc32/v2.30/bin/bin/../../lib/gcc/pic32mx/4.8.3/../../../../pic32mx/lib/libpic32.a(default-on-bootstrap.o)
 .comment       0x00000000       0x3d /Applications/microchip/xc32/v2.30/bin/bin/../../lib/gcc/pic32mx/4.8.3/../../../../pic32mx/lib/libpic32.a(defaultinterrupt.o)

.debug
 *(.debug)

.line
 *(.line)

.debug_srcinfo
 *(.debug_srcinfo)

.debug_sfnames
 *(.debug_sfnames)

.debug_aranges  0x00000000      0x7b0
 *(.debug_aranges)
 .debug_aranges
                0x00000000       0x68 build/pic32mx_usb_sk2_int_dyn/production/_ext/1252799255/bsp.o
 .debug_aranges
                0x00000068       0x50 build/pic32mx_usb_sk2_int_dyn/production/_ext/102310384/sys_clk_pic32mx.o
 .debug_aranges
                0x000000b8       0x78 build/pic32mx_usb_sk2_int_dyn/production/_ext/1150414583/sys_devcon.o
 .debug_aranges
                0x00000130       0x20 build/pic32mx_usb_sk2_int_dyn/production/_ext/1150414583/sys_devcon_pic32mx.o
 .debug_aranges
                0x00000150      0x148 build/pic32mx_usb_sk2_int_dyn/production/_ext/1956551008/sys_ports_static.o
 .debug_aranges
                0x00000298       0x20 build/pic32mx_usb_sk2_int_dyn/production/_ext/1774247193/system_init.o
 .debug_aranges
                0x000002b8       0x20 build/pic32mx_usb_sk2_int_dyn/production/_ext/1774247193/system_interrupt.o
 .debug_aranges
                0x000002d8       0x20 build/pic32mx_usb_sk2_int_dyn/production/_ext/1774247193/system_exceptions.o
 .debug_aranges
                0x000002f8       0x20 build/pic32mx_usb_sk2_int_dyn/production/_ext/1774247193/system_tasks.o
 .debug_aranges
                0x00000318       0x48 build/pic32mx_usb_sk2_int_dyn/production/_ext/1360937237/app.o
 .debug_aranges
                0x00000360       0x20 build/pic32mx_usb_sk2_int_dyn/production/_ext/1360937237/main.o
 .debug_aranges
                0x00000380       0x60 build/pic32mx_usb_sk2_int_dyn/production/_ext/1585079243/drv_usbfs.o
 .debug_aranges
                0x000003e0       0xc0 build/pic32mx_usb_sk2_int_dyn/production/_ext/1585079243/drv_usbfs_device.o
 .debug_aranges
                0x000004a0       0x48 build/pic32mx_usb_sk2_int_dyn/production/_ext/711155467/sys_int_pic32.o
 .debug_aranges
                0x000004e8      0x1a0 build/pic32mx_usb_sk2_int_dyn/production/_ext/692885480/usb_device.o
 .debug_aranges
                0x00000688       0x88 build/pic32mx_usb_sk2_int_dyn/production/_ext/692885480/usb_device_cdc.o
 .debug_aranges
                0x00000710       0x20 build/pic32mx_usb_sk2_int_dyn/production/_ext/692885480/usb_device_cdc_acm.o
 .debug_aranges
                0x00000730       0x20 /Applications/microchip/xc32/v2.30/bin/bin/../../lib/gcc/pic32mx/4.8.3/../../../../pic32mx/lib/libpic32.a(default-bootstrap-exception-handler.o)
 .debug_aranges
                0x00000750       0x20 /Applications/microchip/xc32/v2.30/bin/bin/../../lib/gcc/pic32mx/4.8.3/../../../../pic32mx/lib/libpic32.a(default-on-reset.o)
 .debug_aranges
                0x00000770       0x20 /Applications/microchip/xc32/v2.30/bin/bin/../../lib/gcc/pic32mx/4.8.3/../../../../pic32mx/lib/libpic32.a(default-on-bootstrap.o)
 .debug_aranges
                0x00000790       0x20 /Applications/microchip/xc32/v2.30/bin/bin/../../lib/gcc/pic32mx/4.8.3/../../../../pic32mx/lib/libpic32.a(defaultinterrupt.o)

.debug_pubnames
 *(.debug_pubnames)

.debug_info     0x00000000    0x2cfe9
 *(.debug_info .gnu.linkonce.wi.*)
 .debug_info    0x00000000     0x1283 build/pic32mx_usb_sk2_int_dyn/production/_ext/1252799255/bsp.o
 .debug_info    0x00001283     0x14ff build/pic32mx_usb_sk2_int_dyn/production/_ext/102310384/sys_clk_pic32mx.o
 .debug_info    0x00002782     0x17b4 build/pic32mx_usb_sk2_int_dyn/production/_ext/1150414583/sys_devcon.o
 .debug_info    0x00003f36     0x18f7 build/pic32mx_usb_sk2_int_dyn/production/_ext/1150414583/sys_devcon_pic32mx.o
 .debug_info    0x0000582d     0x4141 build/pic32mx_usb_sk2_int_dyn/production/_ext/1956551008/sys_ports_static.o
 .debug_info    0x0000996e     0x4e6b build/pic32mx_usb_sk2_int_dyn/production/_ext/1774247193/system_init.o
 .debug_info    0x0000e7d9      0xa2a build/pic32mx_usb_sk2_int_dyn/production/_ext/1774247193/system_interrupt.o
 .debug_info    0x0000f203      0xff8 build/pic32mx_usb_sk2_int_dyn/production/_ext/1774247193/system_exceptions.o
 .debug_info    0x000101fb      0xa5d build/pic32mx_usb_sk2_int_dyn/production/_ext/1774247193/system_tasks.o
 .debug_info    0x00010c58     0x2627 build/pic32mx_usb_sk2_int_dyn/production/_ext/1360937237/app.o
 .debug_info    0x0001327f      0x1ce build/pic32mx_usb_sk2_int_dyn/production/_ext/1360937237/main.o
 .debug_info    0x0001344d     0x4c3b build/pic32mx_usb_sk2_int_dyn/production/_ext/1585079243/drv_usbfs.o
 .debug_info    0x00018088     0x823b build/pic32mx_usb_sk2_int_dyn/production/_ext/1585079243/drv_usbfs_device.o
 .debug_info    0x000202c3     0x15af build/pic32mx_usb_sk2_int_dyn/production/_ext/711155467/sys_int_pic32.o
 .debug_info    0x00021872     0x60ee build/pic32mx_usb_sk2_int_dyn/production/_ext/692885480/usb_device.o
 .debug_info    0x00027960     0x3d83 build/pic32mx_usb_sk2_int_dyn/production/_ext/692885480/usb_device_cdc.o
 .debug_info    0x0002b6e3     0x1589 build/pic32mx_usb_sk2_int_dyn/production/_ext/692885480/usb_device_cdc_acm.o
 .debug_info    0x0002cc6c       0xf4 /Applications/microchip/xc32/v2.30/bin/bin/../../lib/gcc/pic32mx/4.8.3/../../../../pic32mx/lib/libpic32.a(default-bootstrap-exception-handler.o)
 .debug_info    0x0002cd60       0xcd /Applications/microchip/xc32/v2.30/bin/bin/../../lib/gcc/pic32mx/4.8.3/../../../../pic32mx/lib/libpic32.a(default-on-reset.o)
 .debug_info    0x0002ce2d       0xd5 /Applications/microchip/xc32/v2.30/bin/bin/../../lib/gcc/pic32mx/4.8.3/../../../../pic32mx/lib/libpic32.a(default-on-bootstrap.o)
 .debug_info    0x0002cf02       0xe7 /Applications/microchip/xc32/v2.30/bin/bin/../../lib/gcc/pic32mx/4.8.3/../../../../pic32mx/lib/libpic32.a(defaultinterrupt.o)

.debug_abbrev   0x00000000     0x2b44
 *(.debug_abbrev)
 .debug_abbrev  0x00000000      0x28a build/pic32mx_usb_sk2_int_dyn/production/_ext/1252799255/bsp.o
 .debug_abbrev  0x0000028a      0x26b build/pic32mx_usb_sk2_int_dyn/production/_ext/102310384/sys_clk_pic32mx.o
 .debug_abbrev  0x000004f5      0x27b build/pic32mx_usb_sk2_int_dyn/production/_ext/1150414583/sys_devcon.o
 .debug_abbrev  0x00000770      0x20f build/pic32mx_usb_sk2_int_dyn/production/_ext/1150414583/sys_devcon_pic32mx.o
 .debug_abbrev  0x0000097f      0x279 build/pic32mx_usb_sk2_int_dyn/production/_ext/1956551008/sys_ports_static.o
 .debug_abbrev  0x00000bf8      0x357 build/pic32mx_usb_sk2_int_dyn/production/_ext/1774247193/system_init.o
 .debug_abbrev  0x00000f4f      0x107 build/pic32mx_usb_sk2_int_dyn/production/_ext/1774247193/system_interrupt.o
 .debug_abbrev  0x00001056      0x109 build/pic32mx_usb_sk2_int_dyn/production/_ext/1774247193/system_exceptions.o
 .debug_abbrev  0x0000115f      0x11a build/pic32mx_usb_sk2_int_dyn/production/_ext/1774247193/system_tasks.o
 .debug_abbrev  0x00001279      0x282 build/pic32mx_usb_sk2_int_dyn/production/_ext/1360937237/app.o
 .debug_abbrev  0x000014fb       0x93 build/pic32mx_usb_sk2_int_dyn/production/_ext/1360937237/main.o
 .debug_abbrev  0x0000158e      0x42b build/pic32mx_usb_sk2_int_dyn/production/_ext/1585079243/drv_usbfs.o
 .debug_abbrev  0x000019b9      0x4bc build/pic32mx_usb_sk2_int_dyn/production/_ext/1585079243/drv_usbfs_device.o
 .debug_abbrev  0x00001e75      0x237 build/pic32mx_usb_sk2_int_dyn/production/_ext/711155467/sys_int_pic32.o
 .debug_abbrev  0x000020ac      0x42f build/pic32mx_usb_sk2_int_dyn/production/_ext/692885480/usb_device.o
 .debug_abbrev  0x000024db      0x40b build/pic32mx_usb_sk2_int_dyn/production/_ext/692885480/usb_device_cdc.o
 .debug_abbrev  0x000028e6      0x1be build/pic32mx_usb_sk2_int_dyn/production/_ext/692885480/usb_device_cdc_acm.o
 .debug_abbrev  0x00002aa4       0x28 /Applications/microchip/xc32/v2.30/bin/bin/../../lib/gcc/pic32mx/4.8.3/../../../../pic32mx/lib/libpic32.a(default-bootstrap-exception-handler.o)
 .debug_abbrev  0x00002acc       0x28 /Applications/microchip/xc32/v2.30/bin/bin/../../lib/gcc/pic32mx/4.8.3/../../../../pic32mx/lib/libpic32.a(default-on-reset.o)
 .debug_abbrev  0x00002af4       0x28 /Applications/microchip/xc32/v2.30/bin/bin/../../lib/gcc/pic32mx/4.8.3/../../../../pic32mx/lib/libpic32.a(default-on-bootstrap.o)
 .debug_abbrev  0x00002b1c       0x28 /Applications/microchip/xc32/v2.30/bin/bin/../../lib/gcc/pic32mx/4.8.3/../../../../pic32mx/lib/libpic32.a(defaultinterrupt.o)

.debug_line     0x00000000     0x5d12
 *(.debug_line)
 .debug_line    0x00000000      0x3cf build/pic32mx_usb_sk2_int_dyn/production/_ext/1252799255/bsp.o
 .debug_line    0x000003cf      0x466 build/pic32mx_usb_sk2_int_dyn/production/_ext/102310384/sys_clk_pic32mx.o
 .debug_line    0x00000835      0x6c8 build/pic32mx_usb_sk2_int_dyn/production/_ext/1150414583/sys_devcon.o
 .debug_line    0x00000efd      0x4f8 build/pic32mx_usb_sk2_int_dyn/production/_ext/1150414583/sys_devcon_pic32mx.o
 .debug_line    0x000013f5      0x7aa build/pic32mx_usb_sk2_int_dyn/production/_ext/1956551008/sys_ports_static.o
 .debug_line    0x00001b9f      0x780 build/pic32mx_usb_sk2_int_dyn/production/_ext/1774247193/system_init.o
 .debug_line    0x0000231f      0x213 build/pic32mx_usb_sk2_int_dyn/production/_ext/1774247193/system_interrupt.o
 .debug_line    0x00002532      0x1e5 build/pic32mx_usb_sk2_int_dyn/production/_ext/1774247193/system_exceptions.o
 .debug_line    0x00002717      0x2b1 build/pic32mx_usb_sk2_int_dyn/production/_ext/1774247193/system_tasks.o
 .debug_line    0x000029c8      0x443 build/pic32mx_usb_sk2_int_dyn/production/_ext/1360937237/app.o
 .debug_line    0x00002e0b       0xde build/pic32mx_usb_sk2_int_dyn/production/_ext/1360937237/main.o
 .debug_line    0x00002ee9      0x7be build/pic32mx_usb_sk2_int_dyn/production/_ext/1585079243/drv_usbfs.o
 .debug_line    0x000036a7      0xe2a build/pic32mx_usb_sk2_int_dyn/production/_ext/1585079243/drv_usbfs_device.o
 .debug_line    0x000044d1      0x2eb build/pic32mx_usb_sk2_int_dyn/production/_ext/711155467/sys_int_pic32.o
 .debug_line    0x000047bc      0xa18 build/pic32mx_usb_sk2_int_dyn/production/_ext/692885480/usb_device.o
 .debug_line    0x000051d4      0x670 build/pic32mx_usb_sk2_int_dyn/production/_ext/692885480/usb_device_cdc.o
 .debug_line    0x00005844      0x259 build/pic32mx_usb_sk2_int_dyn/production/_ext/692885480/usb_device_cdc_acm.o
 .debug_line    0x00005a9d       0xa6 /Applications/microchip/xc32/v2.30/bin/bin/../../lib/gcc/pic32mx/4.8.3/../../../../pic32mx/lib/libpic32.a(default-bootstrap-exception-handler.o)
 .debug_line    0x00005b43       0x93 /Applications/microchip/xc32/v2.30/bin/bin/../../lib/gcc/pic32mx/4.8.3/../../../../pic32mx/lib/libpic32.a(default-on-reset.o)
 .debug_line    0x00005bd6       0x97 /Applications/microchip/xc32/v2.30/bin/bin/../../lib/gcc/pic32mx/4.8.3/../../../../pic32mx/lib/libpic32.a(default-on-bootstrap.o)
 .debug_line    0x00005c6d       0xa5 /Applications/microchip/xc32/v2.30/bin/bin/../../lib/gcc/pic32mx/4.8.3/../../../../pic32mx/lib/libpic32.a(defaultinterrupt.o)

.debug_frame    0x00000000     0x11dc
 *(.debug_frame)
 .debug_frame   0x00000000       0xbc build/pic32mx_usb_sk2_int_dyn/production/_ext/1252799255/bsp.o
 .debug_frame   0x000000bc       0xa4 build/pic32mx_usb_sk2_int_dyn/production/_ext/102310384/sys_clk_pic32mx.o
 .debug_frame   0x00000160       0xf4 build/pic32mx_usb_sk2_int_dyn/production/_ext/1150414583/sys_devcon.o
 .debug_frame   0x00000254       0x2c build/pic32mx_usb_sk2_int_dyn/production/_ext/1150414583/sys_devcon_pic32mx.o
 .debug_frame   0x00000280      0x270 build/pic32mx_usb_sk2_int_dyn/production/_ext/1956551008/sys_ports_static.o
 .debug_frame   0x000004f0       0x2c build/pic32mx_usb_sk2_int_dyn/production/_ext/1774247193/system_init.o
 .debug_frame   0x0000051c       0x68 build/pic32mx_usb_sk2_int_dyn/production/_ext/1774247193/system_interrupt.o
 .debug_frame   0x00000584       0x28 build/pic32mx_usb_sk2_int_dyn/production/_ext/1774247193/system_exceptions.o
 .debug_frame   0x000005ac       0x2c build/pic32mx_usb_sk2_int_dyn/production/_ext/1774247193/system_tasks.o
 .debug_frame   0x000005d8       0xa8 build/pic32mx_usb_sk2_int_dyn/production/_ext/1360937237/app.o
 .debug_frame   0x00000680       0x28 build/pic32mx_usb_sk2_int_dyn/production/_ext/1360937237/main.o
 .debug_frame   0x000006a8       0xcc build/pic32mx_usb_sk2_int_dyn/production/_ext/1585079243/drv_usbfs.o
 .debug_frame   0x00000774      0x208 build/pic32mx_usb_sk2_int_dyn/production/_ext/1585079243/drv_usbfs_device.o
 .debug_frame   0x0000097c       0xa0 build/pic32mx_usb_sk2_int_dyn/production/_ext/711155467/sys_int_pic32.o
 .debug_frame   0x00000a1c      0x568 build/pic32mx_usb_sk2_int_dyn/production/_ext/692885480/usb_device.o
 .debug_frame   0x00000f84      0x1a0 build/pic32mx_usb_sk2_int_dyn/production/_ext/692885480/usb_device_cdc.o
 .debug_frame   0x00001124       0x2c build/pic32mx_usb_sk2_int_dyn/production/_ext/692885480/usb_device_cdc_acm.o
 .debug_frame   0x00001150       0x2c /Applications/microchip/xc32/v2.30/bin/bin/../../lib/gcc/pic32mx/4.8.3/../../../../pic32mx/lib/libpic32.a(default-bootstrap-exception-handler.o)
 .debug_frame   0x0000117c       0x20 /Applications/microchip/xc32/v2.30/bin/bin/../../lib/gcc/pic32mx/4.8.3/../../../../pic32mx/lib/libpic32.a(default-on-reset.o)
 .debug_frame   0x0000119c       0x20 /Applications/microchip/xc32/v2.30/bin/bin/../../lib/gcc/pic32mx/4.8.3/../../../../pic32mx/lib/libpic32.a(default-on-bootstrap.o)
 .debug_frame   0x000011bc       0x20 /Applications/microchip/xc32/v2.30/bin/bin/../../lib/gcc/pic32mx/4.8.3/../../../../pic32mx/lib/libpic32.a(defaultinterrupt.o)

.debug_str      0x00000000      0x82f
 *(.debug_str)
 .debug_str     0x00000000       0x15 build/pic32mx_usb_sk2_int_dyn/production/_ext/1252799255/bsp.o
 .debug_str     0x00000015       0x39 build/pic32mx_usb_sk2_int_dyn/production/_ext/102310384/sys_clk_pic32mx.o
 .debug_str     0x0000004e       0x16 build/pic32mx_usb_sk2_int_dyn/production/_ext/1150414583/sys_devcon.o
 .debug_str     0x00000064        0x6 build/pic32mx_usb_sk2_int_dyn/production/_ext/1150414583/sys_devcon_pic32mx.o
 .debug_str     0x0000006a       0x55 build/pic32mx_usb_sk2_int_dyn/production/_ext/1956551008/sys_ports_static.o
 .debug_str     0x000000bf      0x119 build/pic32mx_usb_sk2_int_dyn/production/_ext/1774247193/system_init.o
 .debug_str     0x000001d8        0x0 build/pic32mx_usb_sk2_int_dyn/production/_ext/1774247193/system_interrupt.o
 .debug_str     0x000001d8        0x0 build/pic32mx_usb_sk2_int_dyn/production/_ext/1774247193/system_exceptions.o
 .debug_str     0x000001d8        0x0 build/pic32mx_usb_sk2_int_dyn/production/_ext/1774247193/system_tasks.o
 .debug_str     0x000001d8       0x20 build/pic32mx_usb_sk2_int_dyn/production/_ext/1360937237/app.o
 .debug_str     0x000001f8        0x0 build/pic32mx_usb_sk2_int_dyn/production/_ext/1360937237/main.o
 .debug_str     0x000001f8       0xa2 build/pic32mx_usb_sk2_int_dyn/production/_ext/1585079243/drv_usbfs.o
 .debug_str     0x0000029a      0x173 build/pic32mx_usb_sk2_int_dyn/production/_ext/1585079243/drv_usbfs_device.o
 .debug_str     0x0000040d       0x1d build/pic32mx_usb_sk2_int_dyn/production/_ext/711155467/sys_int_pic32.o
 .debug_str     0x0000042a      0x2d7 build/pic32mx_usb_sk2_int_dyn/production/_ext/692885480/usb_device.o
 .debug_str     0x00000701      0x120 build/pic32mx_usb_sk2_int_dyn/production/_ext/692885480/usb_device_cdc.o
 .debug_str     0x00000821        0xe build/pic32mx_usb_sk2_int_dyn/production/_ext/692885480/usb_device_cdc_acm.o
 .debug_str     0x0000082f        0x0 /Applications/microchip/xc32/v2.30/bin/bin/../../lib/gcc/pic32mx/4.8.3/../../../../pic32mx/lib/libpic32.a(default-bootstrap-exception-handler.o)
 .debug_str     0x0000082f        0x0 /Applications/microchip/xc32/v2.30/bin/bin/../../lib/gcc/pic32mx/4.8.3/../../../../pic32mx/lib/libpic32.a(default-on-reset.o)
 .debug_str     0x0000082f        0x0 /Applications/microchip/xc32/v2.30/bin/bin/../../lib/gcc/pic32mx/4.8.3/../../../../pic32mx/lib/libpic32.a(default-on-bootstrap.o)
 .debug_str     0x0000082f        0x0 /Applications/microchip/xc32/v2.30/bin/bin/../../lib/gcc/pic32mx/4.8.3/../../../../pic32mx/lib/libpic32.a(defaultinterrupt.o)

.debug_loc      0x00000000     0x68cc
 *(.debug_loc)
 .debug_loc     0x00000000      0x3bb build/pic32mx_usb_sk2_int_dyn/production/_ext/1252799255/bsp.o
 .debug_loc     0x000003bb       0x49 build/pic32mx_usb_sk2_int_dyn/production/_ext/102310384/sys_clk_pic32mx.o
 .debug_loc     0x00000404       0xf0 build/pic32mx_usb_sk2_int_dyn/production/_ext/1150414583/sys_devcon.o
 .debug_loc     0x000004f4       0xda build/pic32mx_usb_sk2_int_dyn/production/_ext/1150414583/sys_devcon_pic32mx.o
 .debug_loc     0x000005ce      0x73d build/pic32mx_usb_sk2_int_dyn/production/_ext/1956551008/sys_ports_static.o
 .debug_loc     0x00000d0b       0x21 build/pic32mx_usb_sk2_int_dyn/production/_ext/1774247193/system_init.o
 .debug_loc     0x00000d2c      0x463 build/pic32mx_usb_sk2_int_dyn/production/_ext/1360937237/app.o
 .debug_loc     0x0000118f      0x4de build/pic32mx_usb_sk2_int_dyn/production/_ext/1585079243/drv_usbfs.o
 .debug_loc     0x0000166d     0x2301 build/pic32mx_usb_sk2_int_dyn/production/_ext/1585079243/drv_usbfs_device.o
 .debug_loc     0x0000396e       0x7c build/pic32mx_usb_sk2_int_dyn/production/_ext/711155467/sys_int_pic32.o
 .debug_loc     0x000039ea     0x1f0b build/pic32mx_usb_sk2_int_dyn/production/_ext/692885480/usb_device.o
 .debug_loc     0x000058f5      0xdac build/pic32mx_usb_sk2_int_dyn/production/_ext/692885480/usb_device_cdc.o
 .debug_loc     0x000066a1      0x1ff build/pic32mx_usb_sk2_int_dyn/production/_ext/692885480/usb_device_cdc_acm.o
 .debug_loc     0x000068a0       0x2c /Applications/microchip/xc32/v2.30/bin/bin/../../lib/gcc/pic32mx/4.8.3/../../../../pic32mx/lib/libpic32.a(default-bootstrap-exception-handler.o)

.debug_macinfo
 *(.debug_macinfo)

.debug_weaknames
 *(.debug_weaknames)

.debug_funcnames
 *(.debug_funcnames)

.debug_typenames
 *(.debug_typenames)

.debug_varnames
 *(.debug_varnames)

.debug_pubtypes
 *(.debug_pubtypes)

.debug_ranges   0x00000000      0x7c0
 *(.debug_ranges)
 .debug_ranges  0x00000000      0x100 build/pic32mx_usb_sk2_int_dyn/production/_ext/1252799255/bsp.o
 .debug_ranges  0x00000100       0x40 build/pic32mx_usb_sk2_int_dyn/production/_ext/102310384/sys_clk_pic32mx.o
 .debug_ranges  0x00000140       0x68 build/pic32mx_usb_sk2_int_dyn/production/_ext/1150414583/sys_devcon.o
 .debug_ranges  0x000001a8       0x10 build/pic32mx_usb_sk2_int_dyn/production/_ext/1150414583/sys_devcon_pic32mx.o
 .debug_ranges  0x000001b8      0x138 build/pic32mx_usb_sk2_int_dyn/production/_ext/1956551008/sys_ports_static.o
 .debug_ranges  0x000002f0       0x10 build/pic32mx_usb_sk2_int_dyn/production/_ext/1774247193/system_init.o
 .debug_ranges  0x00000300       0x10 build/pic32mx_usb_sk2_int_dyn/production/_ext/1774247193/system_interrupt.o
 .debug_ranges  0x00000310       0x10 build/pic32mx_usb_sk2_int_dyn/production/_ext/1774247193/system_exceptions.o
 .debug_ranges  0x00000320       0x10 build/pic32mx_usb_sk2_int_dyn/production/_ext/1774247193/system_tasks.o
 .debug_ranges  0x00000330       0x38 build/pic32mx_usb_sk2_int_dyn/production/_ext/1360937237/app.o
 .debug_ranges  0x00000368       0x10 build/pic32mx_usb_sk2_int_dyn/production/_ext/1360937237/main.o
 .debug_ranges  0x00000378       0x50 build/pic32mx_usb_sk2_int_dyn/production/_ext/1585079243/drv_usbfs.o
 .debug_ranges  0x000003c8      0x150 build/pic32mx_usb_sk2_int_dyn/production/_ext/1585079243/drv_usbfs_device.o
 .debug_ranges  0x00000518       0x50 build/pic32mx_usb_sk2_int_dyn/production/_ext/711155467/sys_int_pic32.o
 .debug_ranges  0x00000568      0x190 build/pic32mx_usb_sk2_int_dyn/production/_ext/692885480/usb_device.o
 .debug_ranges  0x000006f8       0x78 build/pic32mx_usb_sk2_int_dyn/production/_ext/692885480/usb_device_cdc.o
 .debug_ranges  0x00000770       0x10 build/pic32mx_usb_sk2_int_dyn/production/_ext/692885480/usb_device_cdc_acm.o
 .debug_ranges  0x00000780       0x10 /Applications/microchip/xc32/v2.30/bin/bin/../../lib/gcc/pic32mx/4.8.3/../../../../pic32mx/lib/libpic32.a(default-bootstrap-exception-handler.o)
 .debug_ranges  0x00000790       0x10 /Applications/microchip/xc32/v2.30/bin/bin/../../lib/gcc/pic32mx/4.8.3/../../../../pic32mx/lib/libpic32.a(default-on-reset.o)
 .debug_ranges  0x000007a0       0x10 /Applications/microchip/xc32/v2.30/bin/bin/../../lib/gcc/pic32mx/4.8.3/../../../../pic32mx/lib/libpic32.a(default-on-bootstrap.o)
 .debug_ranges  0x000007b0       0x10 /Applications/microchip/xc32/v2.30/bin/bin/../../lib/gcc/pic32mx/4.8.3/../../../../pic32mx/lib/libpic32.a(defaultinterrupt.o)

.gnu.attributes
                0x00000000       0x10
 *(.gnu.attributes)
 .gnu.attributes
                0x00000000       0x10 build/pic32mx_usb_sk2_int_dyn/production/_ext/1252799255/bsp.o
 .gnu.attributes
                0x00000010       0x10 build/pic32mx_usb_sk2_int_dyn/production/_ext/102310384/sys_clk_pic32mx.o
 .gnu.attributes
                0x00000020       0x10 build/pic32mx_usb_sk2_int_dyn/production/_ext/1150414583/sys_devcon.o
 .gnu.attributes
                0x00000030       0x10 build/pic32mx_usb_sk2_int_dyn/production/_ext/1150414583/sys_devcon_pic32mx.o
 .gnu.attributes
                0x00000040       0x10 build/pic32mx_usb_sk2_int_dyn/production/_ext/1956551008/sys_ports_static.o
 .gnu.attributes
                0x00000050       0x10 build/pic32mx_usb_sk2_int_dyn/production/_ext/1774247193/system_init.o
 .gnu.attributes
                0x00000060       0x10 build/pic32mx_usb_sk2_int_dyn/production/_ext/1774247193/system_interrupt.o
 .gnu.attributes
                0x00000070       0x10 build/pic32mx_usb_sk2_int_dyn/production/_ext/1774247193/system_exceptions.o
 .gnu.attributes
                0x00000080       0x10 build/pic32mx_usb_sk2_int_dyn/production/_ext/1774247193/system_tasks.o
 .gnu.attributes
                0x00000090       0x10 build/pic32mx_usb_sk2_int_dyn/production/_ext/1360937237/app.o
 .gnu.attributes
                0x000000a0       0x10 build/pic32mx_usb_sk2_int_dyn/production/_ext/1360937237/main.o
 .gnu.attributes
                0x000000b0       0x10 build/pic32mx_usb_sk2_int_dyn/production/_ext/1585079243/drv_usbfs.o
 .gnu.attributes
                0x000000c0       0x10 build/pic32mx_usb_sk2_int_dyn/production/_ext/1585079243/drv_usbfs_device.o
 .gnu.attributes
                0x000000d0       0x10 build/pic32mx_usb_sk2_int_dyn/production/_ext/711155467/sys_int_pic32.o
 .gnu.attributes
                0x000000e0       0x10 build/pic32mx_usb_sk2_int_dyn/production/_ext/692885480/usb_device.o
 .gnu.attributes
                0x000000f0       0x10 build/pic32mx_usb_sk2_int_dyn/production/_ext/692885480/usb_device_cdc.o
 .gnu.attributes
                0x00000100       0x10 build/pic32mx_usb_sk2_int_dyn/production/_ext/692885480/usb_device_cdc_acm.o
 .gnu.attributes
                0x00000110       0x10 /Applications/microchip/xc32/v2.30/bin/bin/../../lib/gcc/pic32mx/4.8.3/../../../../pic32mx/lib/libpic32.a(default-bootstrap-exception-handler.o)
 .gnu.attributes
                0x00000120       0x10 /Applications/microchip/xc32/v2.30/bin/bin/../../lib/gcc/pic32mx/4.8.3/../../../../pic32mx/lib/libpic32.a(default-on-reset.o)
 .gnu.attributes
                0x00000130       0x10 /Applications/microchip/xc32/v2.30/bin/bin/../../lib/gcc/pic32mx/4.8.3/../../../../pic32mx/lib/libpic32.a(default-on-bootstrap.o)
 .gnu.attributes
                0x00000140       0x10 /Applications/microchip/xc32/v2.30/bin/bin/../../lib/gcc/pic32mx/4.8.3/../../../../pic32mx/lib/libpic32.a(defaultinterrupt.o)
LOAD /Applications/microchip/xc32/v2.30/bin/bin/../../lib/gcc/pic32mx/4.8.3/libgcc.a
START GROUP
LOAD /Applications/microchip/xc32/v2.30/bin/bin/../../lib/gcc/pic32mx/4.8.3/../../../../pic32mx/lib/libpic32.a
LOAD /Applications/microchip/xc32/v2.30/bin/bin/../../lib/gcc/pic32mx/4.8.3/../../../../pic32mx/lib/libdebug.a
LOAD /Applications/microchip/xc32/v2.30/bin/bin/../../lib/gcc/pic32mx/4.8.3/../../../../pic32mx/lib/libpic32.a
LOAD /Applications/microchip/xc32/v2.30/bin/bin/../../lib/gcc/pic32mx/4.8.3/../../../../pic32mx/lib/libc.a
LOAD /Applications/microchip/xc32/v2.30/bin/bin/../../lib/gcc/pic32mx/4.8.3/../../../../pic32mx/lib/libc.a
LOAD /Applications/microchip/xc32/v2.30/bin/bin/../../lib/gcc/pic32mx/4.8.3/../../../../pic32mx/lib/libm.a
LOAD /Applications/microchip/xc32/v2.30/bin/bin/../../lib/gcc/pic32mx/4.8.3/../../../../pic32mx/lib/libe.a
LOAD /Applications/microchip/xc32/v2.30/bin/bin/../../lib/gcc/pic32mx/4.8.3/../../../../pic32mx/lib/libdsp.a
LOAD /Applications/microchip/xc32/v2.30/bin/bin/../../lib/gcc/pic32mx/4.8.3/libgcc.a
LOAD /Applications/microchip/xc32/v2.30/bin/bin/../../lib/gcc/pic32mx/4.8.3/../../../../pic32mx/lib/libpic32.a
END GROUP
LOAD /Applications/microchip/xc32/v2.30/bin/bin/../../lib/gcc/pic32mx/4.8.3/libgcc.a
OUTPUT(dist/pic32mx_usb_sk2_int_dyn/production/cdc_com_port_single.X.production.elf elf32-tradlittlemips)
LOAD stack
LOAD data_init

.reginfo        0x00000000       0x18
 .reginfo       0x00000000       0x18 /Applications/microchip/xc32/v2.30/bin/bin/../../lib/gcc/pic32mx/4.8.3/../../../../pic32mx/lib/debug-exception-return.o

.stack          0xa0000468      0x400
 .stack         0xa0000468      0x400 stack

.bss            0xa0000020       0xbc
 .bss           0xa0000020       0xbc build/pic32mx_usb_sk2_int_dyn/production/_ext/692885480/usb_device.o

.data           0xa00000dc       0x50
 .data          0xa00000dc       0x50 build/pic32mx_usb_sk2_int_dyn/production/_ext/1585079243/drv_usbfs_device.o
                0xa00000dc                gDrvUSBFSDeviceInterface

._debug_exception
                0xbfc00480       0x2c
 ._debug_exception
                0xbfc00480       0x2c /Applications/microchip/xc32/v2.30/bin/bin/../../lib/gcc/pic32mx/4.8.3/../../../../pic32mx/lib/debug-exception-return.o
                0xbfc00480                __DbgExecReturn

.text._DRV_USBFS_DEVICE_Tasks_ISR
                0x9d000000      0x680
 .text._DRV_USBFS_DEVICE_Tasks_ISR
                0x9d000000      0x680 build/pic32mx_usb_sk2_int_dyn/production/_ext/1585079243/drv_usbfs_device.o
                0x9d000000                _DRV_USBFS_DEVICE_Tasks_ISR

.text.APP_Tasks
                0x9d000680      0x2a0
 .text.APP_Tasks
                0x9d000680      0x2a0 build/pic32mx_usb_sk2_int_dyn/production/_ext/1360937237/app.o
                0x9d000680                APP_Tasks

.text.DRV_USBFS_DEVICE_IRPSubmit
                0x9d000920      0x22c
 .text.DRV_USBFS_DEVICE_IRPSubmit
                0x9d000920      0x22c build/pic32mx_usb_sk2_int_dyn/production/_ext/1585079243/drv_usbfs_device.o
                0x9d000920                DRV_USBFS_DEVICE_IRPSubmit

.text._USB_DEVICE_EventHandler
                0x9d000b4c      0x218
 .text._USB_DEVICE_EventHandler
                0x9d000b4c      0x218 build/pic32mx_usb_sk2_int_dyn/production/_ext/692885480/usb_device.o
                0x9d000b4c                _USB_DEVICE_EventHandler

.text._USB_DEVICE_ProcessStandardDeviceSetRequests
                0x9d000d64      0x214
 .text._USB_DEVICE_ProcessStandardDeviceSetRequests
                0x9d000d64      0x214 build/pic32mx_usb_sk2_int_dyn/production/_ext/692885480/usb_device.o
                0x9d000d64                _USB_DEVICE_ProcessStandardDeviceSetRequests

.text._USB_DEVICE_ProcessStandardDeviceGetRequests
                0x9d000f78      0x20c
 .text._USB_DEVICE_ProcessStandardDeviceGetRequests
                0x9d000f78      0x20c build/pic32mx_usb_sk2_int_dyn/production/_ext/692885480/usb_device.o
                0x9d000f78                _USB_DEVICE_ProcessStandardDeviceGetRequests

.text._USB_DEVICE_ControlTransferHandler
                0x9d001184      0x1fc
 .text._USB_DEVICE_ControlTransferHandler
                0x9d001184      0x1fc build/pic32mx_usb_sk2_int_dyn/production/_ext/692885480/usb_device.o
                0x9d001184                _USB_DEVICE_ControlTransferHandler

.text.USB_DEVICE_CDC_Write
                0x9d001380      0x1cc
 .text.USB_DEVICE_CDC_Write
                0x9d001380      0x1cc build/pic32mx_usb_sk2_int_dyn/production/_ext/692885480/usb_device_cdc.o
                0x9d001380                USB_DEVICE_CDC_Write

.text.DRV_USBFS_DEVICE_EndpointStallClear
                0x9d00154c      0x1c8
 .text.DRV_USBFS_DEVICE_EndpointStallClear
                0x9d00154c      0x1c8 build/pic32mx_usb_sk2_int_dyn/production/_ext/1585079243/drv_usbfs_device.o
                0x9d00154c                DRV_USBFS_DEVICE_EndpointStallClear

.text.DRV_USBFS_DEVICE_EndpointStall
                0x9d001714      0x1b8
 .text.DRV_USBFS_DEVICE_EndpointStall
                0x9d001714      0x1b8 build/pic32mx_usb_sk2_int_dyn/production/_ext/1585079243/drv_usbfs_device.o
                0x9d001714                DRV_USBFS_DEVICE_EndpointStall

.text.USB_DEVICE_CDC_Read
                0x9d0018cc      0x1ac
 .text.USB_DEVICE_CDC_Read
                0x9d0018cc      0x1ac build/pic32mx_usb_sk2_int_dyn/production/_ext/692885480/usb_device_cdc.o
                0x9d0018cc                USB_DEVICE_CDC_Read

.text.DRV_USBFS_DEVICE_EndpointEnable
                0x9d001a78      0x198
 .text.DRV_USBFS_DEVICE_EndpointEnable
                0x9d001a78      0x198 build/pic32mx_usb_sk2_int_dyn/production/_ext/1585079243/drv_usbfs_device.o
                0x9d001a78                DRV_USBFS_DEVICE_EndpointEnable

.text._USB_DEVICE_Ep0ReceiveCompleteCallback
                0x9d001c10      0x184
 .text._USB_DEVICE_Ep0ReceiveCompleteCallback
                0x9d001c10      0x184 build/pic32mx_usb_sk2_int_dyn/production/_ext/692885480/usb_device.o
                0x9d001c10                _USB_DEVICE_Ep0ReceiveCompleteCallback

.rodata         0x9d001d94      0x17c
 .rodata        0x9d001d94      0x17c build/pic32mx_usb_sk2_int_dyn/production/_ext/1774247193/system_init.o
                0x9d001d94                usbDevInitData
                0x9d001dc8                usbMasterDescriptor
                0x9d001df4                stringDescriptors
                0x9d001e00                sd002
                0x9d001e30                sd001
                0x9d001e64                sd000
                0x9d001e68                fullSpeedConfigDescSet
                0x9d001e6c                fullSpeedConfigurationDescriptor
                0x9d001eb0                deviceDescriptor
                0x9d001ec4                funcRegistrationTable
                0x9d001ed8                cdcInit0
                0x9d001ee4                drvUSBFSInit

.text._USB_DEVICE_CDC_ACMSetUpPacketHandler
                0x9d001f10      0x174
 .text._USB_DEVICE_CDC_ACMSetUpPacketHandler
                0x9d001f10      0x174 build/pic32mx_usb_sk2_int_dyn/production/_ext/692885480/usb_device_cdc_acm.o
                0x9d001f10                _USB_DEVICE_CDC_ACMSetUpPacketHandler

.text.USB_DEVICE_Tasks
                0x9d002084      0x170
 .text.USB_DEVICE_Tasks
                0x9d002084      0x170 build/pic32mx_usb_sk2_int_dyn/production/_ext/692885480/usb_device.o
                0x9d002084                USB_DEVICE_Tasks

.text           0x9d0021f4      0x168
 .text          0x9d0021f4      0x168 /Applications/microchip/xc32/v2.30/bin/bin/../../lib/gcc/pic32mx/4.8.3/../../../../pic32mx/lib/libpic32.a(memcpy.o)
                0x9d0021f4                memcpy

.text.USB_DEVICE_Initialize
                0x9d00235c      0x15c
 .text.USB_DEVICE_Initialize
                0x9d00235c      0x15c build/pic32mx_usb_sk2_int_dyn/production/_ext/692885480/usb_device.o
                0x9d00235c                USB_DEVICE_Initialize

.text.DRV_USBFS_DEVICE_IRPCancelAll
                0x9d0024b8      0x158
 .text.DRV_USBFS_DEVICE_IRPCancelAll
                0x9d0024b8      0x158 build/pic32mx_usb_sk2_int_dyn/production/_ext/1585079243/drv_usbfs_device.o
                0x9d0024b8                DRV_USBFS_DEVICE_IRPCancelAll

.text._USB_DEVICE_CDC_Initialization
                0x9d002610      0x14c
 .text._USB_DEVICE_CDC_Initialization
                0x9d002610      0x14c build/pic32mx_usb_sk2_int_dyn/production/_ext/692885480/usb_device_cdc.o
                0x9d002610                _USB_DEVICE_CDC_Initialization

.text.DRV_USBFS_DEVICE_EndpointDisable
                0x9d00275c      0x140
 .text.DRV_USBFS_DEVICE_EndpointDisable
                0x9d00275c      0x140 build/pic32mx_usb_sk2_int_dyn/production/_ext/1585079243/drv_usbfs_device.o
                0x9d00275c                DRV_USBFS_DEVICE_EndpointDisable

.text.DRV_USBFS_Initialize
                0x9d00289c      0x138
 .text.DRV_USBFS_Initialize
                0x9d00289c      0x138 build/pic32mx_usb_sk2_int_dyn/production/_ext/1585079243/drv_usbfs.o
                0x9d00289c                DRV_USBFS_Initialize

.text._IntHandlerUSBInstance0
                0x9d0029d4      0x130
 .text._IntHandlerUSBInstance0
                0x9d0029d4      0x130 build/pic32mx_usb_sk2_int_dyn/production/_ext/1774247193/system_interrupt.o
                0x9d0029d4                _IntHandlerUSBInstance0

.text.APP_USBDeviceEventHandler
                0x9d002b04      0x130
 .text.APP_USBDeviceEventHandler
                0x9d002b04      0x130 build/pic32mx_usb_sk2_int_dyn/production/_ext/1360937237/app.o
                0x9d002b04                APP_USBDeviceEventHandler

.text.DRV_USBFS_DEVICE_IRPCancel
                0x9d002c34      0x130
 .text.DRV_USBFS_DEVICE_IRPCancel
                0x9d002c34      0x130 build/pic32mx_usb_sk2_int_dyn/production/_ext/1585079243/drv_usbfs_device.o
                0x9d002c34                DRV_USBFS_DEVICE_IRPCancel

.rodata         0x9d002d64      0x128
 .rodata        0x9d002d64      0x128 build/pic32mx_usb_sk2_int_dyn/production/_ext/1774247193/system_exceptions.o

.text.APP_USBDeviceCDCEventHandler
                0x9d002e8c      0x10c
 .text.APP_USBDeviceCDCEventHandler
                0x9d002e8c      0x10c build/pic32mx_usb_sk2_int_dyn/production/_ext/1360937237/app.o
                0x9d002e8c                APP_USBDeviceCDCEventHandler

.text._USB_DEVICE_ConfigureDevice
                0x9d002f98      0x100
 .text._USB_DEVICE_ConfigureDevice
                0x9d002f98      0x100 build/pic32mx_usb_sk2_int_dyn/production/_ext/692885480/usb_device.o
                0x9d002f98                _USB_DEVICE_ConfigureDevice

.text._USB_DEVICE_ProcessStandardEndpointRequest
                0x9d003098      0x100
 .text._USB_DEVICE_ProcessStandardEndpointRequest
                0x9d003098      0x100 build/pic32mx_usb_sk2_int_dyn/production/_ext/692885480/usb_device.o
                0x9d003098                _USB_DEVICE_ProcessStandardEndpointRequest

.text.APP_ProcessSwitchPress
                0x9d003198       0xf8
 .text.APP_ProcessSwitchPress
                0x9d003198       0xf8 build/pic32mx_usb_sk2_int_dyn/production/_ext/1360937237/app.o
                0x9d003198                APP_ProcessSwitchPress

.text._USB_DEVICE_CDC_ControlTransferHandler
                0x9d003290       0xf8
 .text._USB_DEVICE_CDC_ControlTransferHandler
                0x9d003290       0xf8 build/pic32mx_usb_sk2_int_dyn/production/_ext/692885480/usb_device_cdc.o
                0x9d003290                _USB_DEVICE_CDC_ControlTransferHandler

.text.SYS_DEVCON_PerformanceConfig
                0x9d003388       0xe0
 .text.SYS_DEVCON_PerformanceConfig
                0x9d003388       0xe0 build/pic32mx_usb_sk2_int_dyn/production/_ext/1150414583/sys_devcon_pic32mx.o
                0x9d003388                SYS_DEVCON_PerformanceConfig

.text.general_exception
                0x9d003468       0xdc
 .text.general_exception
                0x9d003468       0xdc /Applications/microchip/xc32/v2.30/bin/bin/../../lib/gcc/pic32mx/4.8.3/../../../../pic32mx/lib/libpic32.a(general-exception.o)
                0x9d003468                _general_exception_context

.text._DRV_USBFS_DEVICE_EndpointBDTEntryArm
                0x9d003544       0xd8
 .text._DRV_USBFS_DEVICE_EndpointBDTEntryArm
                0x9d003544       0xd8 build/pic32mx_usb_sk2_int_dyn/production/_ext/1585079243/drv_usbfs_device.o
                0x9d003544                _DRV_USBFS_DEVICE_EndpointBDTEntryArm

.text._USB_DEVICE_GetStringDescriptorRequestProcess
                0x9d00361c       0xd4
 .text._USB_DEVICE_GetStringDescriptorRequestProcess
                0x9d00361c       0xd4 build/pic32mx_usb_sk2_int_dyn/production/_ext/692885480/usb_device.o
                0x9d00361c                _USB_DEVICE_GetStringDescriptorRequestProcess

.text.SYS_Initialize
                0x9d0036f0       0xcc
 .text.SYS_Initialize
                0x9d0036f0       0xcc build/pic32mx_usb_sk2_int_dyn/production/_ext/1774247193/system_init.o
                0x9d0036f0                SYS_Initialize

.text.BSP_LEDOn
                0x9d0037bc       0xc0
 .text.BSP_LEDOn
                0x9d0037bc       0xc0 build/pic32mx_usb_sk2_int_dyn/production/_ext/1252799255/bsp.o
                0x9d0037bc                BSP_LEDOn

.text.BSP_LEDOff
                0x9d00387c       0xc0
 .text.BSP_LEDOff
                0x9d00387c       0xc0 build/pic32mx_usb_sk2_int_dyn/production/_ext/1252799255/bsp.o
                0x9d00387c                BSP_LEDOff

.text._USB_DEVICE_Ep0TransmitCompleteCallback
                0x9d00393c       0xc0
 .text._USB_DEVICE_Ep0TransmitCompleteCallback
                0x9d00393c       0xc0 build/pic32mx_usb_sk2_int_dyn/production/_ext/692885480/usb_device.o
                0x9d00393c                _USB_DEVICE_Ep0TransmitCompleteCallback

.text.SYS_PORTS_Initialize
                0x9d0039fc       0xb0
 .text.SYS_PORTS_Initialize
                0x9d0039fc       0xb0 build/pic32mx_usb_sk2_int_dyn/production/_ext/1956551008/sys_ports_static.o
                0x9d0039fc                SYS_PORTS_Initialize

.dinit          0x9d003aac       0xb0
 .dinit         0x9d003aac       0xb0 data_init

.text._USB_DEVICE_DeInitializeAllFunctionDrivers
                0x9d003b5c       0xa8
 .text._USB_DEVICE_DeInitializeAllFunctionDrivers
                0x9d003b5c       0xa8 build/pic32mx_usb_sk2_int_dyn/production/_ext/692885480/usb_device.o
                0x9d003b5c                _USB_DEVICE_DeInitializeAllFunctionDrivers

.text._USB_DEVICE_CDC_ReadIRPCallback
                0x9d003c04       0xa0
 .text._USB_DEVICE_CDC_ReadIRPCallback
                0x9d003c04       0xa0 build/pic32mx_usb_sk2_int_dyn/production/_ext/692885480/usb_device_cdc.o
                0x9d003c04                _USB_DEVICE_CDC_ReadIRPCallback

.text._USB_DEVICE_CDC_WriteIRPCallback
                0x9d003ca4       0xa0
 .text._USB_DEVICE_CDC_WriteIRPCallback
                0x9d003ca4       0xa0 build/pic32mx_usb_sk2_int_dyn/production/_ext/692885480/usb_device_cdc.o
                0x9d003ca4                _USB_DEVICE_CDC_WriteIRPCallback

.text._USB_DEVICE_ForwardControlXfrToFunction
                0x9d003d44       0x9c
 .text._USB_DEVICE_ForwardControlXfrToFunction
                0x9d003d44       0x9c build/pic32mx_usb_sk2_int_dyn/production/_ext/692885480/usb_device.o
                0x9d003d44                _USB_DEVICE_ForwardControlXfrToFunction

.text.DRV_USBFS_Tasks_ISR
                0x9d003de0       0x84
 .text.DRV_USBFS_Tasks_ISR
                0x9d003de0       0x84 build/pic32mx_usb_sk2_int_dyn/production/_ext/1585079243/drv_usbfs.o
                0x9d003de0                DRV_USBFS_Tasks_ISR

.text._USB_DEVICE_GetFunctionDriverEntryByInterface
                0x9d003e64       0x84
 .text._USB_DEVICE_GetFunctionDriverEntryByInterface
                0x9d003e64       0x84 build/pic32mx_usb_sk2_int_dyn/production/_ext/692885480/usb_device.o
                0x9d003e64                _USB_DEVICE_GetFunctionDriverEntryByInterface

.text._USB_DEVICE_FindEndpoint
                0x9d003ee8       0x84
 .text._USB_DEVICE_FindEndpoint
                0x9d003ee8       0x84 build/pic32mx_usb_sk2_int_dyn/production/_ext/692885480/usb_device.o
                0x9d003ee8                _USB_DEVICE_FindEndpoint

.text.USB_DEVICE_ControlSend
                0x9d003f6c       0x84
 .text.USB_DEVICE_ControlSend
                0x9d003f6c       0x84 build/pic32mx_usb_sk2_int_dyn/production/_ext/692885480/usb_device.o
                0x9d003f6c                USB_DEVICE_ControlSend

.text           0x9d003ff0       0x84
 .text          0x9d003ff0       0x84 /Applications/microchip/xc32/v2.30/bin/bin/../../lib/gcc/pic32mx/4.8.3/../../../../pic32mx/lib/libpic32.a(pic32_data_init.o)
                0x9d003ff0                __pic32_data_init

.text.USB_DEVICE_ControlStatus
                0x9d004074       0x7c
 .text.USB_DEVICE_ControlStatus
                0x9d004074       0x7c build/pic32mx_usb_sk2_int_dyn/production/_ext/692885480/usb_device.o
                0x9d004074                USB_DEVICE_ControlStatus

.text.DRV_USBFS_DEVICE_Attach
                0x9d0040f0       0x70
 .text.DRV_USBFS_DEVICE_Attach
                0x9d0040f0       0x70 build/pic32mx_usb_sk2_int_dyn/production/_ext/1585079243/drv_usbfs_device.o
                0x9d0040f0                DRV_USBFS_DEVICE_Attach

.text.DRV_USBFS_ClientEventCallBackSet
                0x9d004160       0x6c
 .text.DRV_USBFS_ClientEventCallBackSet
                0x9d004160       0x6c build/pic32mx_usb_sk2_int_dyn/production/_ext/1585079243/drv_usbfs.o
                0x9d004160                DRV_USBFS_ClientEventCallBackSet

.text._USB_DEVICE_CDC_Deinitialization
                0x9d0041cc       0x6c
 .text._USB_DEVICE_CDC_Deinitialization
                0x9d0041cc       0x6c build/pic32mx_usb_sk2_int_dyn/production/_ext/692885480/usb_device_cdc.o
                0x9d0041cc                _USB_DEVICE_CDC_Deinitialization

.text._DRV_USBFS_DEVICE_IRPQueueFlush
                0x9d004238       0x68
 .text._DRV_USBFS_DEVICE_IRPQueueFlush
                0x9d004238       0x68 build/pic32mx_usb_sk2_int_dyn/production/_ext/1585079243/drv_usbfs_device.o
                0x9d004238                _DRV_USBFS_DEVICE_IRPQueueFlush

.text.APP_Initialize
                0x9d0042a0       0x60
 .text.APP_Initialize
                0x9d0042a0       0x60 build/pic32mx_usb_sk2_int_dyn/production/_ext/1360937237/app.o
                0x9d0042a0                APP_Initialize

.text.USB_DEVICE_EndpointEnable
                0x9d004300       0x5c
 .text.USB_DEVICE_EndpointEnable
                0x9d004300       0x5c build/pic32mx_usb_sk2_int_dyn/production/_ext/692885480/usb_device.o
                0x9d004300                USB_DEVICE_EndpointEnable

.text.SYS_DEVCON_SystemUnlock
                0x9d00435c       0x58
 .text.SYS_DEVCON_SystemUnlock
                0x9d00435c       0x58 build/pic32mx_usb_sk2_int_dyn/production/_ext/1150414583/sys_devcon.o
                0x9d00435c                SYS_DEVCON_SystemUnlock

.text.USB_DEVICE_EventHandlerSet
                0x9d0043b4       0x58
 .text.USB_DEVICE_EventHandlerSet
                0x9d0043b4       0x58 build/pic32mx_usb_sk2_int_dyn/production/_ext/692885480/usb_device.o
                0x9d0043b4                USB_DEVICE_EventHandlerSet

.text.USB_DEVICE_IRPSubmit
                0x9d00440c       0x58
 .text.USB_DEVICE_IRPSubmit
                0x9d00440c       0x58 build/pic32mx_usb_sk2_int_dyn/production/_ext/692885480/usb_device.o
                0x9d00440c                USB_DEVICE_IRPSubmit

.text.SYS_INT_SourceDisable
                0x9d004464       0x54
 .text.SYS_INT_SourceDisable
                0x9d004464       0x54 build/pic32mx_usb_sk2_int_dyn/production/_ext/711155467/sys_int_pic32.o
                0x9d004464                SYS_INT_SourceDisable

.text.main_entry
                0x9d0044b8       0x54
 .text.main_entry
                0x9d0044b8       0x54 /var/folders/xs/yphy11l578b0c8jn0fh1f2n80000gn/T//ccpQ7uiu.o
                0x9d0044ec                __crt0_exit

.text.BSP_SwitchStateGet
                0x9d00450c       0x50
 .text.BSP_SwitchStateGet
                0x9d00450c       0x50 build/pic32mx_usb_sk2_int_dyn/production/_ext/1252799255/bsp.o
                0x9d00450c                BSP_SwitchStateGet

.text.USB_DEVICE_Detach
                0x9d00455c       0x50
 .text.USB_DEVICE_Detach
                0x9d00455c       0x50 build/pic32mx_usb_sk2_int_dyn/production/_ext/692885480/usb_device.o
                0x9d00455c                USB_DEVICE_Detach

.text.DRV_USBFS_DEVICE_Detach
                0x9d0045ac       0x4c
 .text.DRV_USBFS_DEVICE_Detach
                0x9d0045ac       0x4c build/pic32mx_usb_sk2_int_dyn/production/_ext/1585079243/drv_usbfs_device.o
                0x9d0045ac                DRV_USBFS_DEVICE_Detach

.text.DRV_USBFS_DEVICE_EndpointIsEnabled
                0x9d0045f8       0x4c
 .text.DRV_USBFS_DEVICE_EndpointIsEnabled
                0x9d0045f8       0x4c build/pic32mx_usb_sk2_int_dyn/production/_ext/1585079243/drv_usbfs_device.o
                0x9d0045f8                DRV_USBFS_DEVICE_EndpointIsEnabled

.text.DRV_USBFS_DEVICE_EndpointIsStalled
                0x9d004644       0x4c
 .text.DRV_USBFS_DEVICE_EndpointIsStalled
                0x9d004644       0x4c build/pic32mx_usb_sk2_int_dyn/production/_ext/1585079243/drv_usbfs_device.o
                0x9d004644                DRV_USBFS_DEVICE_EndpointIsStalled

.text.USB_DEVICE_Open
                0x9d004690       0x4c
 .text.USB_DEVICE_Open
                0x9d004690       0x4c build/pic32mx_usb_sk2_int_dyn/production/_ext/692885480/usb_device.o
                0x9d004690                USB_DEVICE_Open

.text._USB_DEVICE_RedirectControlXfrToClient
                0x9d0046dc       0x4c
 .text._USB_DEVICE_RedirectControlXfrToClient
                0x9d0046dc       0x4c build/pic32mx_usb_sk2_int_dyn/production/_ext/692885480/usb_device.o
                0x9d0046dc                _USB_DEVICE_RedirectControlXfrToClient

.text._USB_DEVICE_CDC_EndpointDisable
                0x9d004728       0x4c
 .text._USB_DEVICE_CDC_EndpointDisable
                0x9d004728       0x4c build/pic32mx_usb_sk2_int_dyn/production/_ext/692885480/usb_device_cdc.o
                0x9d004728                _USB_DEVICE_CDC_EndpointDisable

.text.SYS_DEVCON_SystemLock
                0x9d004774       0x48
 .text.SYS_DEVCON_SystemLock
                0x9d004774       0x48 build/pic32mx_usb_sk2_int_dyn/production/_ext/1150414583/sys_devcon.o
                0x9d004774                SYS_DEVCON_SystemLock

.text.USB_DEVICE_Attach
                0x9d0047bc       0x48
 .text.USB_DEVICE_Attach
                0x9d0047bc       0x48 build/pic32mx_usb_sk2_int_dyn/production/_ext/692885480/usb_device.o
                0x9d0047bc                USB_DEVICE_Attach

.text.USB_DEVICE_EndpointDisable
                0x9d004804       0x48
 .text.USB_DEVICE_EndpointDisable
                0x9d004804       0x48 build/pic32mx_usb_sk2_int_dyn/production/_ext/692885480/usb_device.o
                0x9d004804                USB_DEVICE_EndpointDisable

.text.USB_DEVICE_ControlReceive
                0x9d00484c       0x48
 .text.USB_DEVICE_ControlReceive
                0x9d00484c       0x48 build/pic32mx_usb_sk2_int_dyn/production/_ext/692885480/usb_device.o
                0x9d00484c                USB_DEVICE_ControlReceive

.text.USB_DEVICE_IRPCancelAll
                0x9d004894       0x48
 .text.USB_DEVICE_IRPCancelAll
                0x9d004894       0x48 build/pic32mx_usb_sk2_int_dyn/production/_ext/692885480/usb_device.o
                0x9d004894                USB_DEVICE_IRPCancelAll

.text._bootstrap_exception_handler
                0x9d0048dc       0x48
 .text._bootstrap_exception_handler
                0x9d0048dc       0x48 /Applications/microchip/xc32/v2.30/bin/bin/../../lib/gcc/pic32mx/4.8.3/../../../../pic32mx/lib/libpic32.a(default-bootstrap-exception-handler.o)
                0x9d0048dc                _bootstrap_exception_handler

.vector_default
                0x9d004924       0x48
 .vector_default
                0x9d004924       0x48 /Applications/microchip/xc32/v2.30/bin/bin/../../lib/gcc/pic32mx/4.8.3/../../../../pic32mx/lib/libpic32.a(defaultinterrupt.o)
                0x9d004924                _DefaultInterrupt

.text.SYS_CLK_Initialize
                0x9d00496c       0x44
 .text.SYS_CLK_Initialize
                0x9d00496c       0x44 build/pic32mx_usb_sk2_int_dyn/production/_ext/102310384/sys_clk_pic32mx.o
                0x9d00496c                SYS_CLK_Initialize

.text.DRV_USBFS_Open
                0x9d0049b0       0x44
 .text.DRV_USBFS_Open
                0x9d0049b0       0x44 build/pic32mx_usb_sk2_int_dyn/production/_ext/1585079243/drv_usbfs.o
                0x9d0049b0                DRV_USBFS_Open

.text           0x9d0049f4       0x44
 .text          0x9d0049f4       0x44 /Applications/microchip/xc32/v2.30/bin/bin/../../lib/gcc/pic32mx/4.8.3/../../../../pic32mx/lib/pic32_software_reset.o
                0x9d0049f4                __pic32_software_reset

.text._general_exception_handler
                0x9d004a38       0x40
 .text._general_exception_handler
                0x9d004a38       0x40 build/pic32mx_usb_sk2_int_dyn/production/_ext/1774247193/system_exceptions.o
                0x9d004a38                _general_exception_handler

.text.APP_StateReset
                0x9d004a78       0x40
 .text.APP_StateReset
                0x9d004a78       0x40 build/pic32mx_usb_sk2_int_dyn/production/_ext/1360937237/app.o
                0x9d004a78                APP_StateReset

.rodata         0x9d004ab8       0x3c
 .rodata        0x9d004ab8       0x3c build/pic32mx_usb_sk2_int_dyn/production/_ext/1252799255/bsp.o

.text.BSP_Initialize
                0x9d004af4       0x38
 .text.BSP_Initialize
                0x9d004af4       0x38 build/pic32mx_usb_sk2_int_dyn/production/_ext/1252799255/bsp.o
                0x9d004af4                BSP_Initialize

.text.USB_DEVICE_CDC_EventHandlerSet
                0x9d004b2c       0x38
 .text.USB_DEVICE_CDC_EventHandlerSet
                0x9d004b2c       0x38 build/pic32mx_usb_sk2_int_dyn/production/_ext/692885480/usb_device_cdc.o
                0x9d004b2c                USB_DEVICE_CDC_EventHandlerSet

.text.DRV_USBFS_DEVICE_SOFNumberGet
                0x9d004b64       0x34
 .text.DRV_USBFS_DEVICE_SOFNumberGet
                0x9d004b64       0x34 build/pic32mx_usb_sk2_int_dyn/production/_ext/1585079243/drv_usbfs_device.o
                0x9d004b64                DRV_USBFS_DEVICE_SOFNumberGet

.text.SYS_Tasks
                0x9d004b98       0x2c
 .text.SYS_Tasks
                0x9d004b98       0x2c build/pic32mx_usb_sk2_int_dyn/production/_ext/1774247193/system_tasks.o
                0x9d004b98                SYS_Tasks

.text.DRV_USBFS_Close
                0x9d004bc4       0x2c
 .text.DRV_USBFS_Close
                0x9d004bc4       0x2c build/pic32mx_usb_sk2_int_dyn/production/_ext/1585079243/drv_usbfs.o
                0x9d004bc4                DRV_USBFS_Close

.text._DRV_USBFS_DEVICE_Initialize
                0x9d004bf0       0x2c
 .text._DRV_USBFS_DEVICE_Initialize
                0x9d004bf0       0x2c build/pic32mx_usb_sk2_int_dyn/production/_ext/1585079243/drv_usbfs_device.o
                0x9d004bf0                _DRV_USBFS_DEVICE_Initialize
